Archive member included to satisfy reference by file (symbol)

/Applications/STM32CubeIDE.app/Contents/Eclipse/plugins/com.st.stm32cube.ide.mcu.externaltools.gnu-tools-for-stm32.13.3.rel1.macos64_1.0.0.202411102158/tools/bin/../lib/gcc/arm-none-eabi/13.3.1/../../../../arm-none-eabi/lib/thumb/v7e-m+fp/hard/libc_nano.a(libc_a-exit.o)
                              /Applications/STM32CubeIDE.app/Contents/Eclipse/plugins/com.st.stm32cube.ide.mcu.externaltools.gnu-tools-for-stm32.13.3.rel1.macos64_1.0.0.202411102158/tools/bin/../lib/gcc/arm-none-eabi/13.3.1/../../../../arm-none-eabi/lib/thumb/v7e-m+fp/hard/crt0.o (exit)
/Applications/STM32CubeIDE.app/Contents/Eclipse/plugins/com.st.stm32cube.ide.mcu.externaltools.gnu-tools-for-stm32.13.3.rel1.macos64_1.0.0.202411102158/tools/bin/../lib/gcc/arm-none-eabi/13.3.1/../../../../arm-none-eabi/lib/thumb/v7e-m+fp/hard/libc_nano.a(libc_a-malloc.o)
                              ./Core/Src/st7735.o (malloc)
/Applications/STM32CubeIDE.app/Contents/Eclipse/plugins/com.st.stm32cube.ide.mcu.externaltools.gnu-tools-for-stm32.13.3.rel1.macos64_1.0.0.202411102158/tools/bin/../lib/gcc/arm-none-eabi/13.3.1/../../../../arm-none-eabi/lib/thumb/v7e-m+fp/hard/libc_nano.a(libc_a-mallocr.o)
                              /Applications/STM32CubeIDE.app/Contents/Eclipse/plugins/com.st.stm32cube.ide.mcu.externaltools.gnu-tools-for-stm32.13.3.rel1.macos64_1.0.0.202411102158/tools/bin/../lib/gcc/arm-none-eabi/13.3.1/../../../../arm-none-eabi/lib/thumb/v7e-m+fp/hard/libc_nano.a(libc_a-malloc.o) (_malloc_r)
/Applications/STM32CubeIDE.app/Contents/Eclipse/plugins/com.st.stm32cube.ide.mcu.externaltools.gnu-tools-for-stm32.13.3.rel1.macos64_1.0.0.202411102158/tools/bin/../lib/gcc/arm-none-eabi/13.3.1/../../../../arm-none-eabi/lib/thumb/v7e-m+fp/hard/libc_nano.a(libc_a-mlock.o)
                              /Applications/STM32CubeIDE.app/Contents/Eclipse/plugins/com.st.stm32cube.ide.mcu.externaltools.gnu-tools-for-stm32.13.3.rel1.macos64_1.0.0.202411102158/tools/bin/../lib/gcc/arm-none-eabi/13.3.1/../../../../arm-none-eabi/lib/thumb/v7e-m+fp/hard/libc_nano.a(libc_a-mallocr.o) (__malloc_lock)
/Applications/STM32CubeIDE.app/Contents/Eclipse/plugins/com.st.stm32cube.ide.mcu.externaltools.gnu-tools-for-stm32.13.3.rel1.macos64_1.0.0.202411102158/tools/bin/../lib/gcc/arm-none-eabi/13.3.1/../../../../arm-none-eabi/lib/thumb/v7e-m+fp/hard/libc_nano.a(libc_a-findfp.o)
                              /Applications/STM32CubeIDE.app/Contents/Eclipse/plugins/com.st.stm32cube.ide.mcu.externaltools.gnu-tools-for-stm32.13.3.rel1.macos64_1.0.0.202411102158/tools/bin/../lib/gcc/arm-none-eabi/13.3.1/../../../../arm-none-eabi/lib/thumb/v7e-m+fp/hard/libc_nano.a(libc_a-exit.o) (__stdio_exit_handler)
/Applications/STM32CubeIDE.app/Contents/Eclipse/plugins/com.st.stm32cube.ide.mcu.externaltools.gnu-tools-for-stm32.13.3.rel1.macos64_1.0.0.202411102158/tools/bin/../lib/gcc/arm-none-eabi/13.3.1/../../../../arm-none-eabi/lib/thumb/v7e-m+fp/hard/libc_nano.a(libc_a-fwalk.o)
                              /Applications/STM32CubeIDE.app/Contents/Eclipse/plugins/com.st.stm32cube.ide.mcu.externaltools.gnu-tools-for-stm32.13.3.rel1.macos64_1.0.0.202411102158/tools/bin/../lib/gcc/arm-none-eabi/13.3.1/../../../../arm-none-eabi/lib/thumb/v7e-m+fp/hard/libc_nano.a(libc_a-findfp.o) (_fwalk_sglue)
/Applications/STM32CubeIDE.app/Contents/Eclipse/plugins/com.st.stm32cube.ide.mcu.externaltools.gnu-tools-for-stm32.13.3.rel1.macos64_1.0.0.202411102158/tools/bin/../lib/gcc/arm-none-eabi/13.3.1/../../../../arm-none-eabi/lib/thumb/v7e-m+fp/hard/libc_nano.a(libc_a-memset.o)
                              /Applications/STM32CubeIDE.app/Contents/Eclipse/plugins/com.st.stm32cube.ide.mcu.externaltools.gnu-tools-for-stm32.13.3.rel1.macos64_1.0.0.202411102158/tools/bin/../lib/gcc/arm-none-eabi/13.3.1/../../../../arm-none-eabi/lib/thumb/v7e-m+fp/hard/crt0.o (memset)
/Applications/STM32CubeIDE.app/Contents/Eclipse/plugins/com.st.stm32cube.ide.mcu.externaltools.gnu-tools-for-stm32.13.3.rel1.macos64_1.0.0.202411102158/tools/bin/../lib/gcc/arm-none-eabi/13.3.1/../../../../arm-none-eabi/lib/thumb/v7e-m+fp/hard/libc_nano.a(libc_a-sbrkr.o)
                              /Applications/STM32CubeIDE.app/Contents/Eclipse/plugins/com.st.stm32cube.ide.mcu.externaltools.gnu-tools-for-stm32.13.3.rel1.macos64_1.0.0.202411102158/tools/bin/../lib/gcc/arm-none-eabi/13.3.1/../../../../arm-none-eabi/lib/thumb/v7e-m+fp/hard/libc_nano.a(libc_a-mallocr.o) (_sbrk_r)
/Applications/STM32CubeIDE.app/Contents/Eclipse/plugins/com.st.stm32cube.ide.mcu.externaltools.gnu-tools-for-stm32.13.3.rel1.macos64_1.0.0.202411102158/tools/bin/../lib/gcc/arm-none-eabi/13.3.1/../../../../arm-none-eabi/lib/thumb/v7e-m+fp/hard/libc_nano.a(libc_a-errno.o)
                              ./Core/Src/syscalls.o (__errno)
[...]
Memory Configuration

Name             Origin             Length             Attributes
CCMRAM           0x10000000         0x00010000         xrw
RAM              0x20000000         0x00020000         xrw
FLASH            0x08000000         0x00100000         xr
*default*        0x00000000         0xffffffff

Linker script and memory map

LOAD /Applications/STM32CubeIDE.app/Contents/Eclipse/plugins/com.st.stm32cube.ide.mcu.externaltools.gnu-tools-for-stm32.13.3.rel1.macos64_1.0.0.202411102158/tools/bin/../lib/gcc/arm-none-eabi/13.3.1/thumb/v7e-m+fp/hard/crti.o
LOAD /Applications/STM32CubeIDE.app/Contents/Eclipse/plugins/com.st.stm32cube.ide.mcu.externaltools.gnu-tools-for-stm32.13.3.rel1.macos64_1.0.0.202411102158/tools/bin/../lib/gcc/arm-none-eabi/13.3.1/thumb/v7e-m+fp/hard/crtbegin.o
LOAD /Applications/STM32CubeIDE.app/Contents/Eclipse/plugins/com.st.stm32cube.ide.mcu.externaltools.gnu-tools-for-stm32.13.3.rel1.macos64_1.0.0.202411102158/tools/bin/../lib/gcc/arm-none-eabi/13.3.1/../../../../arm-none-eabi/lib/thumb/v7e-m+fp/hard/crt0.o
LOAD ./Core/Src/adc.o
LOAD ./Core/Src/fonts.o
LOAD ./Core/Src/gpio.o
LOAD ./Core/Src/i2c.o
LOAD ./Core/Src/i2s.o
LOAD ./Core/Src/main.o
LOAD ./Core/Src/spi.o
LOAD ./Core/Src/st7735.o
LOAD ./Core/Src/stm32f4xx_hal_msp.o
LOAD ./Core/Src/stm32f4xx_it.o
LOAD ./Core/Src/syscalls.o
LOAD ./Core/Src/sysmem.o
LOAD ./Core/Src/system_stm32f4xx.o
LOAD ./Core/Src/usart.o
LOAD ./Core/Startup/startup_stm32f407vgtx.o
LOAD ./Drivers/STM32F4xx_HAL_Driver/Src/stm32f4xx_hal.o
LOAD ./Drivers/STM32F4xx_HAL_Driver/Src/stm32f4xx_hal_adc.o
LOAD ./Drivers/STM32F4xx_HAL_Driver/Src/stm32f4xx_hal_adc_ex.o
LOAD ./Drivers/STM32F4xx_HAL_Driver/Src/stm32f4xx_hal_cortex.o
LOAD ./Drivers/STM32F4xx_HAL_Driver/Src/stm32f4xx_hal_dma.o
LOAD ./Drivers/STM32F4xx_HAL_Driver/Src/stm32f4xx_hal_dma_ex.o
LOAD ./Drivers/STM32F4xx_HAL_Driver/Src/stm32f4xx_hal_exti.o
LOAD ./Drivers/STM32F4xx_HAL_Driver/Src/stm32f4xx_hal_flash.o
LOAD ./Drivers/STM32F4xx_HAL_Driver/Src/stm32f4xx_hal_flash_ex.o
LOAD ./Drivers/STM32F4xx_HAL_Driver/Src/stm32f4xx_hal_flash_ramfunc.o
LOAD ./Drivers/STM32F4xx_HAL_Driver/Src/stm32f4xx_hal_gpio.o
LOAD ./Drivers/STM32F4xx_HAL_Driver/Src/stm32f4xx_hal_hcd.o
LOAD ./Drivers/STM32F4xx_HAL_Driver/Src/stm32f4xx_hal_i2c.o
LOAD ./Drivers/STM32F4xx_HAL_Driver/Src/stm32f4xx_hal_i2c_ex.o
LOAD ./Drivers/STM32F4xx_HAL_Driver/Src/stm32f4xx_hal_i2s.o
LOAD ./Drivers/STM32F4xx_HAL_Driver/Src/stm32f4xx_hal_i2s_ex.o
LOAD ./Drivers/STM32F4xx_HAL_Driver/Src/stm32f4xx_hal_pwr.o
LOAD ./Drivers/STM32F4xx_HAL_Driver/Src/stm32f4xx_hal_pwr_ex.o
LOAD ./Drivers/STM32F4xx_HAL_Driver/Src/stm32f4xx_hal_rcc.o
LOAD ./Drivers/STM32F4xx_HAL_Driver/Src/stm32f4xx_hal_rcc_ex.o
LOAD ./Drivers/STM32F4xx_HAL_Driver/Src/stm32f4xx_hal_spi.o
LOAD ./Drivers/STM32F4xx_HAL_Driver/Src/stm32f4xx_hal_uart.o
LOAD ./Drivers/STM32F4xx_HAL_Driver/Src/stm32f4xx_ll_adc.o
LOAD ./Drivers/STM32F4xx_HAL_Driver/Src/stm32f4xx_ll_usb.o
LOAD ./Middlewares/ST/STM32_USB_Host_Library/Class/CDC/Src/usbh_cdc.o
LOAD ./Middlewares/ST/STM32_USB_Host_Library/Core/Src/usbh_core.o
LOAD ./Middlewares/ST/STM32_USB_Host_Library/Core/Src/usbh_ctlreq.o
LOAD ./Middlewares/ST/STM32_USB_Host_Library/Core/Src/usbh_ioreq.o
LOAD ./Middlewares/ST/STM32_USB_Host_Library/Core/Src/usbh_pipes.o
LOAD ./USB_HOST/App/usb_host.o
LOAD ./USB_HOST/Target/usbh_conf.o
LOAD ./USB_HOST/Target/usbh_platform.o
START GROUP
LOAD /Applications/STM32CubeIDE.app/Contents/Eclipse/plugins/com.st.stm32cube.ide.mcu.externaltools.gnu-tools-for-stm32.13.3.rel1.macos64_1.0.0.202411102158/tools/bin/../lib/gcc/arm-none-eabi/13.3.1/../../../../arm-none-eabi/lib/thumb/v7e-m+fp/hard/libstdc++_nano.a
LOAD /Applications/STM32CubeIDE.app/Contents/Eclipse/plugins/com.st.stm32cube.ide.mcu.externaltools.gnu-tools-for-stm32.13.3.rel1.macos64_1.0.0.202411102158/tools/bin/../lib/gcc/arm-none-eabi/13.3.1/../../../../arm-none-eabi/lib/thumb/v7e-m+fp/hard/libsupc++_nano.a
END GROUP
LOAD /Applications/STM32CubeIDE.app/Contents/Eclipse/plugins/com.st.stm32cube.ide.mcu.externaltools.gnu-tools-for-stm32.13.3.rel1.macos64_1.0.0.202411102158/tools/bin/../lib/gcc/arm-none-eabi/13.3.1/../../../../arm-none-eabi/lib/thumb/v7e-m+fp/hard/libstdc++_nano.a
LOAD /Applications/STM32CubeIDE.app/Contents/Eclipse/plugins/com.st.stm32cube.ide.mcu.externaltools.gnu-tools-for-stm32.13.3.rel1.macos64_1.0.0.202411102158/tools/bin/../lib/gcc/arm-none-eabi/13.3.1/../../../../arm-none-eabi/lib/thumb/v7e-m+fp/hard/libm.a
LOAD /Applications/STM32CubeIDE.app/Contents/Eclipse/plugins/com.st.stm32cube.ide.mcu.externaltools.gnu-tools-for-stm32.13.3.rel1.macos64_1.0.0.202411102158/tools/bin/../lib/gcc/arm-none-eabi/13.3.1/../../../../arm-none-eabi/lib/thumb/v7e-m+fp/hard/libc_nano.a
START GROUP
LOAD /Applications/STM32CubeIDE.app/Contents/Eclipse/plugins/com.st.stm32cube.ide.mcu.externaltools.gnu-tools-for-stm32.13.3.rel1.macos64_1.0.0.202411102158/tools/bin/../lib/gcc/arm-none-eabi/13.3.1/thumb/v7e-m+fp/hard/libgcc.a
LOAD /Applications/STM32CubeIDE.app/Contents/Eclipse/plugins/com.st.stm32cube.ide.mcu.externaltools.gnu-tools-for-stm32.13.3.rel1.macos64_1.0.0.202411102158/tools/bin/../lib/gcc/arm-none-eabi/13.3.1/../../../../arm-none-eabi/lib/thumb/v7e-m+fp/hard/libc_nano.a
END GROUP
START GROUP
LOAD /Applications/STM32CubeIDE.app/Contents/Eclipse/plugins/com.st.stm32cube.ide.mcu.externaltools.gnu-tools-for-stm32.13.3.rel1.macos64_1.0.0.202411102158/tools/bin/../lib/gcc/arm-none-eabi/13.3.1/thumb/v7e-m+fp/hard/libgcc.a
LOAD /Applications/STM32CubeIDE.app/Contents/Eclipse/plugins/com.st.stm32cube.ide.mcu.externaltools.gnu-tools-for-stm32.13.3.rel1.macos64_1.0.0.202411102158/tools/bin/../lib/gcc/arm-none-eabi/13.3.1/../../../../arm-none-eabi/lib/thumb/v7e-m+fp/hard/libc_nano.a
END GROUP
LOAD /Applications/STM32CubeIDE.app/Contents/Eclipse/plugins/com.st.stm32cube.ide.mcu.externaltools.gnu-tools-for-stm32.13.3.rel1.macos64_1.0.0.202411102158/tools/bin/../lib/gcc/arm-none-eabi/13.3.1/thumb/v7e-m+fp/hard/crtend.o
LOAD /Applications/STM32CubeIDE.app/Contents/Eclipse/plugins/com.st.stm32cube.ide.mcu.externaltools.gnu-tools-for-stm32.13.3.rel1.macos64_1.0.0.202411102158/tools/bin/../lib/gcc/arm-none-eabi/13.3.1/thumb/v7e-m+fp/hard/crtn.o
                0x20020000                        _estack = (ORIGIN (RAM) + LENGTH (RAM))
                0x00000200                        _Min_Heap_Size = 0x200
                0x00000400                        _Min_Stack_Size = 0x400

.isr_vector     0x08000000      0x188
                0x08000000                        . = ALIGN (0x4)
 *(.isr_vector)
 .isr_vector    0x08000000      0x188 ./Core/Startup/startup_stm32f407vgtx.o
                0x08000000                g_pfnVectors
                0x08000188                        . = ALIGN (0x4)

.text           0x08000188     0xa514
                0x08000188                        . = ALIGN (0x4)
 *(.text)
 .text          0x08000188       0x40 /Applications/STM32CubeIDE.app/Contents/Eclipse/plugins/com.st.stm32cube.ide.mcu.externaltools.gnu-tools-for-stm32.13.3.rel1.macos64_1.0.0.202411102158/tools/bin/../lib/gcc/arm-none-eabi/13.3.1/thumb/v7e-m+fp/hard/crtbegin.o
 .text          0x080001c8       0x30 /Applications/STM32CubeIDE.app/Contents/Eclipse/plugins/com.st.stm32cube.ide.mcu.externaltools.gnu-tools-for-stm32.13.3.rel1.macos64_1.0.0.202411102158/tools/bin/../lib/gcc/arm-none-eabi/13.3.1/thumb/v7e-m+fp/hard/libgcc.a(_aeabi_uldivmod.o)
                0x080001c8                __aeabi_uldivmod
 .text          0x080001f8      0x2f8 /Applications/STM32CubeIDE.app/Contents/Eclipse/plugins/com.st.stm32cube.ide.mcu.externaltools.gnu-tools-for-stm32.13.3.rel1.macos64_1.0.0.202411102158/tools/bin/../lib/gcc/arm-none-eabi/13.3.1/thumb/v7e-m+fp/hard/libgcc.a(_udivmoddi4.o)
                0x080001f8                __udivmoddi4
 .text          0x080004f0        0x4 /Applications/STM32CubeIDE.app/Contents/Eclipse/plugins/com.st.stm32cube.ide.mcu.externaltools.gnu-tools-for-stm32.13.3.rel1.macos64_1.0.0.202411102158/tools/bin/../lib/gcc/arm-none-eabi/13.3.1/thumb/v7e-m+fp/hard/libgcc.a(_dvmd_tls.o)
                0x080004f0                __aeabi_ldiv0
                0x080004f0                __aeabi_idiv0
 *(.text*)
 .text.MX_ADC1_Init
                0x080004f4       0xa4 ./Core/Src/adc.o
                0x080004f4                MX_ADC1_Init
 .text.HAL_ADC_MspInit
                0x08000598       0x88 ./Core/Src/adc.o
                0x08000598                HAL_ADC_MspInit
 .text.MX_GPIO_Init
                0x08000620      0x208 ./Core/Src/gpio.o
                0x08000620                MX_GPIO_Init
 .text.MX_I2C1_Init
                0x08000828       0x5c ./Core/Src/i2c.o
                0x08000828                MX_I2C1_Init
 .text.HAL_I2C_MspInit
                0x08000884       0x90 ./Core/Src/i2c.o
                0x08000884                HAL_I2C_MspInit
 .text.MX_I2S3_Init
                0x08000914       0x60 ./Core/Src/i2s.o
                0x08000914                MX_I2S3_Init
 .text.HAL_I2S_MspInit
                0x08000974      0x100 ./Core/Src/i2s.o
                0x08000974                HAL_I2S_MspInit
 .text.main     0x08000a74       0xfc ./Core/Src/main.o
                0x08000a74                main
 .text._Z18SystemClock_Configv
                0x08000b70       0xe8 ./Core/Src/main.o
                0x08000b70                SystemClock_Config()
 .text.Error_Handler
                0x08000c58        0xc ./Core/Src/main.o
                0x08000c58                Error_Handler
 .text.MX_SPI1_Init
                0x08000c64       0x70 ./Core/Src/spi.o
                0x08000c64                MX_SPI1_Init
 .text.HAL_SPI_MspInit
                0x08000cd4       0x90 ./Core/Src/spi.o
                0x08000cd4                HAL_SPI_MspInit
 .text.ST7735_Select
                0x08000d64       0x18 ./Core/Src/st7735.o
 .text.ST7735_Unselect
                0x08000d7c       0x18 ./Core/Src/st7735.o
                0x08000d7c                ST7735_Unselect
 .text.ST7735_WriteCommand
                0x08000d94       0x34 ./Core/Src/st7735.o
 .text.ST7735_WriteData
                0x08000dc8       0x34 ./Core/Src/st7735.o
 .text.ST7735_SetAddressWindow
                0x08000dfc       0x78 ./Core/Src/st7735.o
 .text.ST7735_Init
                0x08000e74       0x8c ./Core/Src/st7735.o
                0x08000e74                ST7735_Init
 .text.ST7735_WriteChar
                0x08000f00       0xee ./Core/Src/st7735.o
 .text.ST7735_WriteString
                0x08000fee       0x94 ./Core/Src/st7735.o
                0x08000fee                ST7735_WriteString
 *fill*         0x08001082        0x2 
 .text.ST7735_FillRectangle
                0x08001084       0xe4 ./Core/Src/st7735.o
                0x08001084                ST7735_FillRectangle
 .text.ST7735_FillScreen
                0x08001168       0x22 ./Core/Src/st7735.o
                0x08001168                ST7735_FillScreen
 *fill*         0x0800118a        0x2 
 .text.HAL_MspInit
                0x0800118c       0x50 ./Core/Src/stm32f4xx_hal_msp.o
                0x0800118c                HAL_MspInit
 .text.NMI_Handler
                0x080011dc        0x8 ./Core/Src/stm32f4xx_it.o
                0x080011dc                NMI_Handler
 .text.HardFault_Handler
                0x080011e4        0x8 ./Core/Src/stm32f4xx_it.o
                0x080011e4                HardFault_Handler
 .text.MemManage_Handler
                0x080011ec        0x8 ./Core/Src/stm32f4xx_it.o
                0x080011ec                MemManage_Handler
 .text.BusFault_Handler
                0x080011f4        0x8 ./Core/Src/stm32f4xx_it.o
                0x080011f4                BusFault_Handler
 .text.UsageFault_Handler
                0x080011fc        0x8 ./Core/Src/stm32f4xx_it.o
                0x080011fc                UsageFault_Handler
 .text.SVC_Handler
                0x08001204        0xe ./Core/Src/stm32f4xx_it.o
                0x08001204                SVC_Handler
 .text.DebugMon_Handler
                0x08001212        0xe ./Core/Src/stm32f4xx_it.o
                0x08001212                DebugMon_Handler
 .text.PendSV_Handler
                0x08001220        0xe ./Core/Src/stm32f4xx_it.o
                0x08001220                PendSV_Handler
 .text.SysTick_Handler
                0x0800122e        0xc ./Core/Src/stm32f4xx_it.o
                0x0800122e                SysTick_Handler
 *fill*         0x0800123a        0x2 
 .text.OTG_FS_IRQHandler
                0x0800123c       0x14 ./Core/Src/stm32f4xx_it.o
                0x0800123c                OTG_FS_IRQHandler
 .text._sbrk    0x08001250       0x6c ./Core/Src/sysmem.o
                0x08001250                _sbrk
 .text.SystemInit
                0x080012bc       0x24 ./Core/Src/system_stm32f4xx.o
                0x080012bc                SystemInit
 .text.MX_USART2_UART_Init
                0x080012e0       0x54 ./Core/Src/usart.o
                0x080012e0                MX_USART2_UART_Init
 .text.HAL_UART_MspInit
                0x08001334       0xd0 ./Core/Src/usart.o
                0x08001334                HAL_UART_MspInit
 .text.Reset_Handler
                0x08001404       0x50 ./Core/Startup/startup_stm32f407vgtx.o
                0x08001404                Reset_Handler
 .text.Default_Handler
                0x08001454        0x2 ./Core/Startup/startup_stm32f407vgtx.o
                0x08001454                DMA1_Stream3_IRQHandler
                0x08001454                HASH_RNG_IRQHandler
                0x08001454                EXTI2_IRQHandler
                0x08001454                TIM8_CC_IRQHandler
                0x08001454                TIM1_CC_IRQHandler
                0x08001454                DMA2_Stream5_IRQHandler
                0x08001454                DMA1_Stream5_IRQHandler
                0x08001454                PVD_IRQHandler
                0x08001454                SDIO_IRQHandler
                0x08001454                TAMP_STAMP_IRQHandler
                0x08001454                CAN2_RX1_IRQHandler
                0x08001454                EXTI3_IRQHandler
                0x08001454                TIM8_TRG_COM_TIM14_IRQHandler
                0x08001454                TIM1_UP_TIM10_IRQHandler
                0x08001454                TIM8_UP_TIM13_IRQHandler
                0x08001454                I2C3_ER_IRQHandler
                0x08001454                EXTI0_IRQHandler
                0x08001454                I2C2_EV_IRQHandler
                0x08001454                DMA1_Stream2_IRQHandler
                0x08001454                CAN1_RX0_IRQHandler
                0x08001454                FPU_IRQHandler
                0x08001454                OTG_HS_WKUP_IRQHandler
                0x08001454                CAN2_SCE_IRQHandler
                0x08001454                DMA2_Stream2_IRQHandler
                0x08001454                SPI1_IRQHandler
                0x08001454                TIM6_DAC_IRQHandler
                0x08001454                TIM1_BRK_TIM9_IRQHandler
                0x08001454                DCMI_IRQHandler
                0x08001454                CAN2_RX0_IRQHandler
                0x08001454                DMA2_Stream3_IRQHandler
                0x08001454                USART6_IRQHandler
                0x08001454                USART3_IRQHandler
                0x08001454                CAN1_RX1_IRQHandler
                0x08001454                UART5_IRQHandler
                0x08001454                DMA2_Stream0_IRQHandler
                0x08001454                TIM4_IRQHandler
                0x08001454                I2C1_EV_IRQHandler
                0x08001454                DMA1_Stream6_IRQHandler
                0x08001454                DMA1_Stream1_IRQHandler
                0x08001454                UART4_IRQHandler
                0x08001454                TIM3_IRQHandler
                0x08001454                RCC_IRQHandler
                0x08001454                TIM8_BRK_TIM12_IRQHandler
                0x08001454                Default_Handler
                0x08001454                EXTI15_10_IRQHandler
                0x08001454                ADC_IRQHandler
                0x08001454                DMA1_Stream7_IRQHandler
                0x08001454                TIM7_IRQHandler
                0x08001454                CAN2_TX_IRQHandler
                0x08001454                TIM5_IRQHandler
                0x08001454                DMA2_Stream7_IRQHandler
                0x08001454                I2C3_EV_IRQHandler
                0x08001454                EXTI9_5_IRQHandler
                0x08001454                RTC_WKUP_IRQHandler
                0x08001454                ETH_WKUP_IRQHandler
                0x08001454                SPI2_IRQHandler
                0x08001454                OTG_HS_EP1_IN_IRQHandler
                0x08001454                DMA1_Stream0_IRQHandler
                0x08001454                CAN1_TX_IRQHandler
                0x08001454                EXTI4_IRQHandler
                0x08001454                FSMC_IRQHandler
                0x08001454                ETH_IRQHandler
                0x08001454                OTG_HS_EP1_OUT_IRQHandler
                0x08001454                WWDG_IRQHandler
                0x08001454                TIM2_IRQHandler
                0x08001454                OTG_FS_WKUP_IRQHandler
                0x08001454                TIM1_TRG_COM_TIM11_IRQHandler
                0x08001454                OTG_HS_IRQHandler
                0x08001454                EXTI1_IRQHandler
                0x08001454                USART2_IRQHandler
                0x08001454                I2C2_ER_IRQHandler
                0x08001454                DMA2_Stream1_IRQHandler
                0x08001454                CAN1_SCE_IRQHandler
                0x08001454                FLASH_IRQHandler
                0x08001454                DMA2_Stream4_IRQHandler
                0x08001454                USART1_IRQHandler
                0x08001454                SPI3_IRQHandler
                0x08001454                DMA1_Stream4_IRQHandler
                0x08001454                I2C1_ER_IRQHandler
                0x08001454                DMA2_Stream6_IRQHandler
                0x08001454                RTC_Alarm_IRQHandler
 *fill*         0x08001456        0x2 
 .text.HAL_Init
                0x08001458       0x44 ./Drivers/STM32F4xx_HAL_Driver/Src/stm32f4xx_hal.o
                0x08001458                HAL_Init
 .text.HAL_InitTick
                0x0800149c       0x60 ./Drivers/STM32F4xx_HAL_Driver/Src/stm32f4xx_hal.o
                0x0800149c                HAL_InitTick
 .text.HAL_IncTick
                0x080014fc       0x28 ./Drivers/STM32F4xx_HAL_Driver/Src/stm32f4xx_hal.o
                0x080014fc                HAL_IncTick
 .text.HAL_GetTick
                0x08001524       0x18 ./Drivers/STM32F4xx_HAL_Driver/Src/stm32f4xx_hal.o
                0x08001524                HAL_GetTick
 .text.HAL_Delay
                0x0800153c       0x48 ./Drivers/STM32F4xx_HAL_Driver/Src/stm32f4xx_hal.o
                0x0800153c                HAL_Delay
 .text.HAL_ADC_Init
                0x08001584       0x86 ./Drivers/STM32F4xx_HAL_Driver/Src/stm32f4xx_hal_adc.o
                0x08001584                HAL_ADC_Init
 *fill*         0x0800160a        0x2 
 .text.HAL_ADC_Start
                0x0800160c      0x1a4 ./Drivers/STM32F4xx_HAL_Driver/Src/stm32f4xx_hal_adc.o
                0x0800160c                HAL_ADC_Start
 .text.HAL_ADC_PollForConversion
                0x080017b0      0x116 ./Drivers/STM32F4xx_HAL_Driver/Src/stm32f4xx_hal_adc.o
                0x080017b0                HAL_ADC_PollForConversion
 .text.HAL_ADC_GetValue
                0x080018c6       0x1a ./Drivers/STM32F4xx_HAL_Driver/Src/stm32f4xx_hal_adc.o
                0x080018c6                HAL_ADC_GetValue
 .text.HAL_ADC_ConfigChannel
                0x080018e0      0x244 ./Drivers/STM32F4xx_HAL_Driver/Src/stm32f4xx_hal_adc.o
                0x080018e0                HAL_ADC_ConfigChannel
 .text.ADC_Init
                0x08001b24      0x1f8 ./Drivers/STM32F4xx_HAL_Driver/Src/stm32f4xx_hal_adc.o
 .text.__NVIC_SetPriorityGrouping
                0x08001d1c       0x48 ./Drivers/STM32F4xx_HAL_Driver/Src/stm32f4xx_hal_cortex.o
 .text.__NVIC_GetPriorityGrouping
                0x08001d64       0x1c ./Drivers/STM32F4xx_HAL_Driver/Src/stm32f4xx_hal_cortex.o
 .text.__NVIC_EnableIRQ
                0x08001d80       0x3c ./Drivers/STM32F4xx_HAL_Driver/Src/stm32f4xx_hal_cortex.o
 .text.__NVIC_SetPriority
                0x08001dbc       0x54 ./Drivers/STM32F4xx_HAL_Driver/Src/stm32f4xx_hal_cortex.o
 .text.NVIC_EncodePriority
                0x08001e10       0x66 ./Drivers/STM32F4xx_HAL_Driver/Src/stm32f4xx_hal_cortex.o
 *fill*         0x08001e76        0x2 
 .text.SysTick_Config
                0x08001e78       0x44 ./Drivers/STM32F4xx_HAL_Driver/Src/stm32f4xx_hal_cortex.o
 .text.HAL_NVIC_SetPriorityGrouping
                0x08001ebc       0x16 ./Drivers/STM32F4xx_HAL_Driver/Src/stm32f4xx_hal_cortex.o
                0x08001ebc                HAL_NVIC_SetPriorityGrouping
 .text.HAL_NVIC_SetPriority
                0x08001ed2       0x38 ./Drivers/STM32F4xx_HAL_Driver/Src/stm32f4xx_hal_cortex.o
                0x08001ed2                HAL_NVIC_SetPriority
 .text.HAL_NVIC_EnableIRQ
                0x08001f0a       0x1c ./Drivers/STM32F4xx_HAL_Driver/Src/stm32f4xx_hal_cortex.o
                0x08001f0a                HAL_NVIC_EnableIRQ
 .text.HAL_SYSTICK_Config
                0x08001f26       0x18 ./Drivers/STM32F4xx_HAL_Driver/Src/stm32f4xx_hal_cortex.o
                0x08001f26                HAL_SYSTICK_Config
 *fill*         0x08001f3e        0x2 
 .text.HAL_GPIO_Init
                0x08001f40      0x338 ./Drivers/STM32F4xx_HAL_Driver/Src/stm32f4xx_hal_gpio.o
                0x08001f40                HAL_GPIO_Init
 .text.HAL_GPIO_WritePin
                0x08002278       0x32 ./Drivers/STM32F4xx_HAL_Driver/Src/stm32f4xx_hal_gpio.o
                0x08002278                HAL_GPIO_WritePin
 .text.HAL_HCD_Init
                0x080022aa       0xce ./Drivers/STM32F4xx_HAL_Driver/Src/stm32f4xx_hal_hcd.o
                0x080022aa                HAL_HCD_Init
 .text.HAL_HCD_HC_Init
                0x08002378      0x170 ./Drivers/STM32F4xx_HAL_Driver/Src/stm32f4xx_hal_hcd.o
                0x08002378                HAL_HCD_HC_Init
 .text.HAL_HCD_HC_Halt
                0x080024e8       0x46 ./Drivers/STM32F4xx_HAL_Driver/Src/stm32f4xx_hal_hcd.o
                0x080024e8                HAL_HCD_HC_Halt
 *fill*         0x0800252e        0x2 
 .text.HAL_HCD_HC_SubmitRequest
                0x08002530      0x33c ./Drivers/STM32F4xx_HAL_Driver/Src/stm32f4xx_hal_hcd.o
                0x08002530                HAL_HCD_HC_SubmitRequest
 .text.HAL_HCD_IRQHandler
                0x0800286c      0x220 ./Drivers/STM32F4xx_HAL_Driver/Src/stm32f4xx_hal_hcd.o
                0x0800286c                HAL_HCD_IRQHandler
 .text.HAL_HCD_Start
                0x08002a8c       0x46 ./Drivers/STM32F4xx_HAL_Driver/Src/stm32f4xx_hal_hcd.o
                0x08002a8c                HAL_HCD_Start
 .text.HAL_HCD_Stop
                0x08002ad2       0x3a ./Drivers/STM32F4xx_HAL_Driver/Src/stm32f4xx_hal_hcd.o
                0x08002ad2                HAL_HCD_Stop
 .text.HAL_HCD_ResetPort
                0x08002b0c       0x1c ./Drivers/STM32F4xx_HAL_Driver/Src/stm32f4xx_hal_hcd.o
                0x08002b0c                HAL_HCD_ResetPort
 .text.HAL_HCD_HC_GetURBState
                0x08002b28       0x2a ./Drivers/STM32F4xx_HAL_Driver/Src/stm32f4xx_hal_hcd.o
                0x08002b28                HAL_HCD_HC_GetURBState
 .text.HAL_HCD_HC_GetXferCount
                0x08002b52       0x2a ./Drivers/STM32F4xx_HAL_Driver/Src/stm32f4xx_hal_hcd.o
                0x08002b52                HAL_HCD_HC_GetXferCount
 .text.HAL_HCD_GetCurrentFrame
                0x08002b7c       0x1c ./Drivers/STM32F4xx_HAL_Driver/Src/stm32f4xx_hal_hcd.o
                0x08002b7c                HAL_HCD_GetCurrentFrame
 .text.HAL_HCD_GetCurrentSpeed
                0x08002b98       0x1c ./Drivers/STM32F4xx_HAL_Driver/Src/stm32f4xx_hal_hcd.o
                0x08002b98                HAL_HCD_GetCurrentSpeed
 .text.HAL_HCD_HC_ClearHubInfo
                0x08002bb4       0x6a ./Drivers/STM32F4xx_HAL_Driver/Src/stm32f4xx_hal_hcd.o
                0x08002bb4                HAL_HCD_HC_ClearHubInfo
 .text.HCD_HC_IN_IRQHandler
                0x08002c1e      0xcd2 ./Drivers/STM32F4xx_HAL_Driver/Src/stm32f4xx_hal_hcd.o
 .text.HCD_HC_OUT_IRQHandler
                0x080038f0      0x97e ./Drivers/STM32F4xx_HAL_Driver/Src/stm32f4xx_hal_hcd.o
 .text.HCD_RXQLVL_IRQHandler
                0x0800426e      0x1be ./Drivers/STM32F4xx_HAL_Driver/Src/stm32f4xx_hal_hcd.o
 .text.HCD_Port_IRQHandler
                0x0800442c       0xe6 ./Drivers/STM32F4xx_HAL_Driver/Src/stm32f4xx_hal_hcd.o
 *fill*         0x08004512        0x2 
 .text.HAL_I2C_Init
                0x08004514      0x288 ./Drivers/STM32F4xx_HAL_Driver/Src/stm32f4xx_hal_i2c.o
                0x08004514                HAL_I2C_Init
 .text.HAL_I2S_Init
                0x0800479c      0x280 ./Drivers/STM32F4xx_HAL_Driver/Src/stm32f4xx_hal_i2s.o
                0x0800479c                HAL_I2S_Init
 .text.HAL_I2S_TxCpltCallback
                0x08004a1c       0x14 ./Drivers/STM32F4xx_HAL_Driver/Src/stm32f4xx_hal_i2s.o
                0x08004a1c                HAL_I2S_TxCpltCallback
 .text.HAL_I2S_RxCpltCallback
                0x08004a30       0x14 ./Drivers/STM32F4xx_HAL_Driver/Src/stm32f4xx_hal_i2s.o
                0x08004a30                HAL_I2S_RxCpltCallback
 .text.HAL_I2S_ErrorCallback
                0x08004a44       0x14 ./Drivers/STM32F4xx_HAL_Driver/Src/stm32f4xx_hal_i2s.o
                0x08004a44                HAL_I2S_ErrorCallback
 .text.I2S_Transmit_IT
                0x08004a58       0x5c ./Drivers/STM32F4xx_HAL_Driver/Src/stm32f4xx_hal_i2s.o
 .text.I2S_Receive_IT
                0x08004ab4       0x5e ./Drivers/STM32F4xx_HAL_Driver/Src/stm32f4xx_hal_i2s.o
 .text.I2S_IRQHandler
                0x08004b12      0x114 ./Drivers/STM32F4xx_HAL_Driver/Src/stm32f4xx_hal_i2s.o
 *fill*         0x08004c26        0x2 
 .text.HAL_I2SEx_FullDuplex_IRQHandler
                0x08004c28      0x2a8 ./Drivers/STM32F4xx_HAL_Driver/Src/stm32f4xx_hal_i2s_ex.o
                0x08004c28                HAL_I2SEx_FullDuplex_IRQHandler
 .text.HAL_I2SEx_TxRxCpltCallback
                0x08004ed0       0x14 ./Drivers/STM32F4xx_HAL_Driver/Src/stm32f4xx_hal_i2s_ex.o
                0x08004ed0                HAL_I2SEx_TxRxCpltCallback
 .text.I2SEx_TxISR_I2S
                0x08004ee4       0x62 ./Drivers/STM32F4xx_HAL_Driver/Src/stm32f4xx_hal_i2s_ex.o
 *fill*         0x08004f46        0x2 
 .text.I2SEx_TxISR_I2SExt
                0x08004f48       0x98 ./Drivers/STM32F4xx_HAL_Driver/Src/stm32f4xx_hal_i2s_ex.o
 .text.I2SEx_RxISR_I2S
                0x08004fe0       0x64 ./Drivers/STM32F4xx_HAL_Driver/Src/stm32f4xx_hal_i2s_ex.o
 .text.I2SEx_RxISR_I2SExt
                0x08005044       0x98 ./Drivers/STM32F4xx_HAL_Driver/Src/stm32f4xx_hal_i2s_ex.o
 .text.HAL_RCC_OscConfig
                0x080050dc      0x4f0 ./Drivers/STM32F4xx_HAL_Driver/Src/stm32f4xx_hal_rcc.o
                0x080050dc                HAL_RCC_OscConfig
 .text.HAL_RCC_ClockConfig
                0x080055cc      0x1cc ./Drivers/STM32F4xx_HAL_Driver/Src/stm32f4xx_hal_rcc.o
                0x080055cc                HAL_RCC_ClockConfig
 .text.HAL_RCC_GetSysClockFreq
                0x08005798      0x20c ./Drivers/STM32F4xx_HAL_Driver/Src/stm32f4xx_hal_rcc.o
                0x08005798                HAL_RCC_GetSysClockFreq
 .text.HAL_RCC_GetHCLKFreq
                0x080059a4       0x18 ./Drivers/STM32F4xx_HAL_Driver/Src/stm32f4xx_hal_rcc.o
                0x080059a4                HAL_RCC_GetHCLKFreq
 .text.HAL_RCC_GetPCLK1Freq
                0x080059bc       0x28 ./Drivers/STM32F4xx_HAL_Driver/Src/stm32f4xx_hal_rcc.o
                0x080059bc                HAL_RCC_GetPCLK1Freq
 .text.HAL_RCC_GetPCLK2Freq
                0x080059e4       0x28 ./Drivers/STM32F4xx_HAL_Driver/Src/stm32f4xx_hal_rcc.o
                0x080059e4                HAL_RCC_GetPCLK2Freq
 .text.HAL_RCCEx_PeriphCLKConfig
                0x08005a0c      0x1c4 ./Drivers/STM32F4xx_HAL_Driver/Src/stm32f4xx_hal_rcc_ex.o
                0x08005a0c                HAL_RCCEx_PeriphCLKConfig
 .text.HAL_RCCEx_GetPeriphCLKFreq
                0x08005bd0       0xc0 ./Drivers/STM32F4xx_HAL_Driver/Src/stm32f4xx_hal_rcc_ex.o
                0x08005bd0                HAL_RCCEx_GetPeriphCLKFreq
 .text.HAL_SPI_Init
                0x08005c90      0x112 ./Drivers/STM32F4xx_HAL_Driver/Src/stm32f4xx_hal_spi.o
                0x08005c90                HAL_SPI_Init
 .text.HAL_SPI_Transmit
                0x08005da2      0x288 ./Drivers/STM32F4xx_HAL_Driver/Src/stm32f4xx_hal_spi.o
                0x08005da2                HAL_SPI_Transmit
 *fill*         0x0800602a        0x2 
 .text.SPI_WaitFlagStateUntilTimeout
                0x0800602c      0x110 ./Drivers/STM32F4xx_HAL_Driver/Src/stm32f4xx_hal_spi.o
 .text.SPI_EndRxTxTransaction
                0x0800613c       0xa8 ./Drivers/STM32F4xx_HAL_Driver/Src/stm32f4xx_hal_spi.o
 .text.HAL_UART_Init
                0x080061e4       0xa0 ./Drivers/STM32F4xx_HAL_Driver/Src/stm32f4xx_hal_uart.o
                0x080061e4                HAL_UART_Init
 .text.HAL_UART_Transmit
                0x08006284      0x116 ./Drivers/STM32F4xx_HAL_Driver/Src/stm32f4xx_hal_uart.o
                0x08006284                HAL_UART_Transmit
 .text.UART_WaitOnFlagUntilTimeout
                0x0800639a       0xb2 ./Drivers/STM32F4xx_HAL_Driver/Src/stm32f4xx_hal_uart.o
 .text.UART_EndRxTransfer
                0x0800644c       0xc6 ./Drivers/STM32F4xx_HAL_Driver/Src/stm32f4xx_hal_uart.o
 *fill*         0x08006512        0x2 
 .text.UART_SetConfig
                0x08006514      0x4e8 ./Drivers/STM32F4xx_HAL_Driver/Src/stm32f4xx_hal_uart.o
 .text.USB_CoreInit
                0x080069fc       0xc8 ./Drivers/STM32F4xx_HAL_Driver/Src/stm32f4xx_ll_usb.o
                0x080069fc                USB_CoreInit
 .text.USB_EnableGlobalInt
                0x08006ac4       0x22 ./Drivers/STM32F4xx_HAL_Driver/Src/stm32f4xx_ll_usb.o
                0x08006ac4                USB_EnableGlobalInt
 .text.USB_DisableGlobalInt
                0x08006ae6       0x22 ./Drivers/STM32F4xx_HAL_Driver/Src/stm32f4xx_ll_usb.o
                0x08006ae6                USB_DisableGlobalInt
 .text.USB_SetCurrentMode
                0x08006b08       0x98 ./Drivers/STM32F4xx_HAL_Driver/Src/stm32f4xx_ll_usb.o
                0x08006b08                USB_SetCurrentMode
 .text.USB_FlushTxFifo
                0x08006ba0       0x64 ./Drivers/STM32F4xx_HAL_Driver/Src/stm32f4xx_ll_usb.o
                0x08006ba0                USB_FlushTxFifo
 .text.USB_FlushRxFifo
                0x08006c04       0x5c ./Drivers/STM32F4xx_HAL_Driver/Src/stm32f4xx_ll_usb.o
                0x08006c04                USB_FlushRxFifo
 .text.USB_WritePacket
                0x08006c60       0x7c ./Drivers/STM32F4xx_HAL_Driver/Src/stm32f4xx_ll_usb.o
                0x08006c60                USB_WritePacket
 .text.USB_ReadPacket
                0x08006cdc       0xb0 ./Drivers/STM32F4xx_HAL_Driver/Src/stm32f4xx_ll_usb.o
                0x08006cdc                USB_ReadPacket
 .text.USB_ReadInterrupts
                0x08006d8c       0x26 ./Drivers/STM32F4xx_HAL_Driver/Src/stm32f4xx_ll_usb.o
                0x08006d8c                USB_ReadInterrupts
 .text.USB_ReadChInterrupts
                0x08006db2       0x42 ./Drivers/STM32F4xx_HAL_Driver/Src/stm32f4xx_ll_usb.o
                0x08006db2                USB_ReadChInterrupts
 .text.USB_GetMode
                0x08006df4       0x1c ./Drivers/STM32F4xx_HAL_Driver/Src/stm32f4xx_ll_usb.o
                0x08006df4                USB_GetMode
 .text.USB_CoreReset
                0x08006e10       0x62 ./Drivers/STM32F4xx_HAL_Driver/Src/stm32f4xx_ll_usb.o
 *fill*         0x08006e72        0x2 
 .text.USB_HostInit
                0x08006e74      0x188 ./Drivers/STM32F4xx_HAL_Driver/Src/stm32f4xx_ll_usb.o
                0x08006e74                USB_HostInit
 .text.USB_InitFSLSPClkSel
                0x08006ffc       0x7a ./Drivers/STM32F4xx_HAL_Driver/Src/stm32f4xx_ll_usb.o
                0x08006ffc                USB_InitFSLSPClkSel
 .text.USB_ResetPort
                0x08007076       0x54 ./Drivers/STM32F4xx_HAL_Driver/Src/stm32f4xx_ll_usb.o
                0x08007076                USB_ResetPort
 .text.USB_DriveVbus
                0x080070ca       0x72 ./Drivers/STM32F4xx_HAL_Driver/Src/stm32f4xx_ll_usb.o
                0x080070ca                USB_DriveVbus
 .text.USB_GetHostSpeed
                0x0800713c       0x2e ./Drivers/STM32F4xx_HAL_Driver/Src/stm32f4xx_ll_usb.o
                0x0800713c                USB_GetHostSpeed
 .text.USB_GetCurrentFrame
                0x0800716a       0x22 ./Drivers/STM32F4xx_HAL_Driver/Src/stm32f4xx_ll_usb.o
                0x0800716a                USB_GetCurrentFrame
 .text.USB_HC_Init
                0x0800718c      0x258 ./Drivers/STM32F4xx_HAL_Driver/Src/stm32f4xx_ll_usb.o
                0x0800718c                USB_HC_Init
 .text.USB_HC_StartXfer
                0x080073e4      0x4f4 ./Drivers/STM32F4xx_HAL_Driver/Src/stm32f4xx_ll_usb.o
                0x080073e4                USB_HC_StartXfer
 .text.USB_HC_ReadInterrupt
                0x080078d8       0x22 ./Drivers/STM32F4xx_HAL_Driver/Src/stm32f4xx_ll_usb.o
                0x080078d8                USB_HC_ReadInterrupt
 .text.USB_HC_Halt
                0x080078fa      0x240 ./Drivers/STM32F4xx_HAL_Driver/Src/stm32f4xx_ll_usb.o
                0x080078fa                USB_HC_Halt
 *fill*         0x08007b3a        0x2 
 .text.USB_DoPing
                0x08007b3c       0x78 ./Drivers/STM32F4xx_HAL_Driver/Src/stm32f4xx_ll_usb.o
                0x08007b3c                USB_DoPing
 .text.USB_StopHost
                0x08007bb4      0x124 ./Drivers/STM32F4xx_HAL_Driver/Src/stm32f4xx_ll_usb.o
                0x08007bb4                USB_StopHost
 .text.USBH_CDC_InterfaceInit
                0x08007cd8      0x2ac ./Middlewares/ST/STM32_USB_Host_Library/Class/CDC/Src/usbh_cdc.o
 .text.USBH_CDC_InterfaceDeInit
                0x08007f84       0xb2 ./Middlewares/ST/STM32_USB_Host_Library/Class/CDC/Src/usbh_cdc.o
 .text.USBH_CDC_ClassRequest
                0x08008036       0x3e ./Middlewares/ST/STM32_USB_Host_Library/Class/CDC/Src/usbh_cdc.o
 .text.USBH_CDC_Process
                0x08008074      0x12c ./Middlewares/ST/STM32_USB_Host_Library/Class/CDC/Src/usbh_cdc.o
 .text.USBH_CDC_SOFProcess
                0x080081a0       0x16 ./Middlewares/ST/STM32_USB_Host_Library/Class/CDC/Src/usbh_cdc.o
 .text.GetLineCoding
                0x080081b6       0x3e ./Middlewares/ST/STM32_USB_Host_Library/Class/CDC/Src/usbh_cdc.o
 .text.SetLineCoding
                0x080081f4       0x3e ./Middlewares/ST/STM32_USB_Host_Library/Class/CDC/Src/usbh_cdc.o
 .text.CDC_ProcessTransmission
                0x08008232       0xec ./Middlewares/ST/STM32_USB_Host_Library/Class/CDC/Src/usbh_cdc.o
 .text.CDC_ProcessReception
                0x0800831e       0xb6 ./Middlewares/ST/STM32_USB_Host_Library/Class/CDC/Src/usbh_cdc.o
 .text.USBH_CDC_TransmitCallback
                0x080083d4       0x14 ./Middlewares/ST/STM32_USB_Host_Library/Class/CDC/Src/usbh_cdc.o
                0x080083d4                USBH_CDC_TransmitCallback
 .text.USBH_CDC_ReceiveCallback
                0x080083e8       0x14 ./Middlewares/ST/STM32_USB_Host_Library/Class/CDC/Src/usbh_cdc.o
                0x080083e8                USBH_CDC_ReceiveCallback
 .text.USBH_CDC_LineCodingChanged
                0x080083fc       0x14 ./Middlewares/ST/STM32_USB_Host_Library/Class/CDC/Src/usbh_cdc.o
                0x080083fc                USBH_CDC_LineCodingChanged
 .text.USBH_Init
                0x08008410       0x74 ./Middlewares/ST/STM32_USB_Host_Library/Core/Src/usbh_core.o
                0x08008410                USBH_Init
 .text.DeInitStateMachine
                0x08008484       0xe6 ./Middlewares/ST/STM32_USB_Host_Library/Core/Src/usbh_core.o
 .text.USBH_RegisterClass
                0x0800856a       0x54 ./Middlewares/ST/STM32_USB_Host_Library/Core/Src/usbh_core.o
                0x0800856a                USBH_RegisterClass
 .text.USBH_SelectInterface
                0x080085be       0x38 ./Middlewares/ST/STM32_USB_Host_Library/Core/Src/usbh_core.o
                0x080085be                USBH_SelectInterface
 .text.USBH_FindInterface
                0x080085f6       0x8c ./Middlewares/ST/STM32_USB_Host_Library/Core/Src/usbh_core.o
                0x080085f6                USBH_FindInterface
 .text.USBH_Start
                0x08008682       0x20 ./Middlewares/ST/STM32_USB_Host_Library/Core/Src/usbh_core.o
                0x08008682                USBH_Start
 *fill*         0x080086a2        0x2 
 .text.USBH_Process
                0x080086a4      0x3d0 ./Middlewares/ST/STM32_USB_Host_Library/Core/Src/usbh_core.o
                0x080086a4                USBH_Process
 .text.USBH_HandleEnum
                0x08008a74      0x3c0 ./Middlewares/ST/STM32_USB_Host_Library/Core/Src/usbh_core.o
 .text.USBH_LL_SetTimer
                0x08008e34       0x1e ./Middlewares/ST/STM32_USB_Host_Library/Core/Src/usbh_core.o
                0x08008e34                USBH_LL_SetTimer
 .text.USBH_LL_IncTimer
                0x08008e52       0x24 ./Middlewares/ST/STM32_USB_Host_Library/Core/Src/usbh_core.o
                0x08008e52                USBH_LL_IncTimer
 .text.USBH_HandleSof
                0x08008e76       0x30 ./Middlewares/ST/STM32_USB_Host_Library/Core/Src/usbh_core.o
 .text.USBH_LL_PortEnabled
                0x08008ea6       0x1c ./Middlewares/ST/STM32_USB_Host_Library/Core/Src/usbh_core.o
                0x08008ea6                USBH_LL_PortEnabled
 .text.USBH_LL_PortDisabled
                0x08008ec2       0x1c ./Middlewares/ST/STM32_USB_Host_Library/Core/Src/usbh_core.o
                0x08008ec2                USBH_LL_PortDisabled
 .text.USBH_LL_Connect
                0x08008ede       0x2e ./Middlewares/ST/STM32_USB_Host_Library/Core/Src/usbh_core.o
                0x08008ede                USBH_LL_Connect
 .text.USBH_LL_Disconnect
                0x08008f0c       0x48 ./Middlewares/ST/STM32_USB_Host_Library/Core/Src/usbh_core.o
                0x08008f0c                USBH_LL_Disconnect
 .text.USBH_Get_DevDesc
                0x08008f54       0x58 ./Middlewares/ST/STM32_USB_Host_Library/Core/Src/usbh_ctlreq.o
                0x08008f54                USBH_Get_DevDesc
 .text.USBH_Get_CfgDesc
                0x08008fac       0x54 ./Middlewares/ST/STM32_USB_Host_Library/Core/Src/usbh_ctlreq.o
                0x08008fac                USBH_Get_CfgDesc
 .text.USBH_Get_StringDesc
                0x08009000       0x68 ./Middlewares/ST/STM32_USB_Host_Library/Core/Src/usbh_ctlreq.o
                0x08009000                USBH_Get_StringDesc
 .text.USBH_GetDescriptor
                0x08009068       0x6a ./Middlewares/ST/STM32_USB_Host_Library/Core/Src/usbh_ctlreq.o
                0x08009068                USBH_GetDescriptor
 .text.USBH_SetAddress
                0x080090d2       0x48 ./Middlewares/ST/STM32_USB_Host_Library/Core/Src/usbh_ctlreq.o
                0x080090d2                USBH_SetAddress
 .text.USBH_SetCfg
                0x0800911a       0x46 ./Middlewares/ST/STM32_USB_Host_Library/Core/Src/usbh_ctlreq.o
                0x0800911a                USBH_SetCfg
 .text.USBH_SetFeature
                0x08009160       0x48 ./Middlewares/ST/STM32_USB_Host_Library/Core/Src/usbh_ctlreq.o
                0x08009160                USBH_SetFeature
 .text.USBH_ClrFeature
                0x080091a8       0x48 ./Middlewares/ST/STM32_USB_Host_Library/Core/Src/usbh_ctlreq.o
                0x080091a8                USBH_ClrFeature
 .text.USBH_ParseDevDesc
                0x080091f0      0x160 ./Middlewares/ST/STM32_USB_Host_Library/Core/Src/usbh_ctlreq.o
 .text.USBH_ParseCfgDesc
                0x08009350      0x1f0 ./Middlewares/ST/STM32_USB_Host_Library/Core/Src/usbh_ctlreq.o
 .text.USBH_ParseInterfaceDesc
                0x08009540       0x68 ./Middlewares/ST/STM32_USB_Host_Library/Core/Src/usbh_ctlreq.o
 .text.USBH_ParseEPDesc
                0x080095a8      0x1d0 ./Middlewares/ST/STM32_USB_Host_Library/Core/Src/usbh_ctlreq.o
 .text.USBH_ParseStringDesc
                0x08009778       0x66 ./Middlewares/ST/STM32_USB_Host_Library/Core/Src/usbh_ctlreq.o
 .text.USBH_GetNextDesc
                0x080097de       0x34 ./Middlewares/ST/STM32_USB_Host_Library/Core/Src/usbh_ctlreq.o
                0x080097de                USBH_GetNextDesc
 .text.USBH_CtlReq
                0x08009812       0x7a ./Middlewares/ST/STM32_USB_Host_Library/Core/Src/usbh_ctlreq.o
                0x08009812                USBH_CtlReq
 .text.USBH_HandleControl
                0x0800988c      0x2e8 ./Middlewares/ST/STM32_USB_Host_Library/Core/Src/usbh_ctlreq.o
 .text.USBH_CtlSendSetup
                0x08009b74       0x34 ./Middlewares/ST/STM32_USB_Host_Library/Core/Src/usbh_ioreq.o
                0x08009b74                USBH_CtlSendSetup
 .text.USBH_CtlSendData
                0x08009ba8       0x4a ./Middlewares/ST/STM32_USB_Host_Library/Core/Src/usbh_ioreq.o
                0x08009ba8                USBH_CtlSendData
 .text.USBH_CtlReceiveData
                0x08009bf2       0x3c ./Middlewares/ST/STM32_USB_Host_Library/Core/Src/usbh_ioreq.o
                0x08009bf2                USBH_CtlReceiveData
 .text.USBH_BulkSendData
                0x08009c2e       0x4a ./Middlewares/ST/STM32_USB_Host_Library/Core/Src/usbh_ioreq.o
                0x08009c2e                USBH_BulkSendData
 .text.USBH_BulkReceiveData
                0x08009c78       0x3c ./Middlewares/ST/STM32_USB_Host_Library/Core/Src/usbh_ioreq.o
                0x08009c78                USBH_BulkReceiveData
 .text.USBH_OpenPipe
                0x08009cb4       0x3e ./Middlewares/ST/STM32_USB_Host_Library/Core/Src/usbh_pipes.o
                0x08009cb4                USBH_OpenPipe
 .text.USBH_ClosePipe
                0x08009cf2       0x20 ./Middlewares/ST/STM32_USB_Host_Library/Core/Src/usbh_pipes.o
                0x08009cf2                USBH_ClosePipe
 .text.USBH_AllocPipe
                0x08009d12       0x42 ./Middlewares/ST/STM32_USB_Host_Library/Core/Src/usbh_pipes.o
                0x08009d12                USBH_AllocPipe
 .text.USBH_FreePipe
                0x08009d54       0x3c ./Middlewares/ST/STM32_USB_Host_Library/Core/Src/usbh_pipes.o
                0x08009d54                USBH_FreePipe
 .text.USBH_GetFreePipe
                0x08009d90       0x48 ./Middlewares/ST/STM32_USB_Host_Library/Core/Src/usbh_pipes.o
 .text.MX_USB_HOST_Init
                0x08009dd8       0x4c ./USB_HOST/App/usb_host.o
                0x08009dd8                MX_USB_HOST_Init
 .text.MX_USB_HOST_Process
                0x08009e24       0x14 ./USB_HOST/App/usb_host.o
                0x08009e24                MX_USB_HOST_Process
 .text.USBH_UserProcess
                0x08009e38       0x5c ./USB_HOST/App/usb_host.o
 .text.HAL_HCD_MspInit
                0x08009e94       0xc4 ./USB_HOST/Target/usbh_conf.o
                0x08009e94                HAL_HCD_MspInit
 .text.HAL_HCD_SOF_Callback
                0x08009f58       0x1c ./USB_HOST/Target/usbh_conf.o
                0x08009f58                HAL_HCD_SOF_Callback
 .text.HAL_HCD_Connect_Callback
                0x08009f74       0x1c ./USB_HOST/Target/usbh_conf.o
                0x08009f74                HAL_HCD_Connect_Callback
 .text.HAL_HCD_Disconnect_Callback
                0x08009f90       0x1c ./USB_HOST/Target/usbh_conf.o
                0x08009f90                HAL_HCD_Disconnect_Callback
 .text.HAL_HCD_HC_NotifyURBChange_Callback
                0x08009fac       0x1c ./USB_HOST/Target/usbh_conf.o
                0x08009fac                HAL_HCD_HC_NotifyURBChange_Callback
 .text.HAL_HCD_PortEnabled_Callback
                0x08009fc8       0x1c ./USB_HOST/Target/usbh_conf.o
                0x08009fc8                HAL_HCD_PortEnabled_Callback
 .text.HAL_HCD_PortDisabled_Callback
                0x08009fe4       0x1c ./USB_HOST/Target/usbh_conf.o
                0x08009fe4                HAL_HCD_PortDisabled_Callback
 .text.USBH_LL_Init
                0x0800a000       0x78 ./USB_HOST/Target/usbh_conf.o
                0x0800a000                USBH_LL_Init
 .text.USBH_LL_Start
                0x0800a078       0x36 ./USB_HOST/Target/usbh_conf.o
                0x0800a078                USBH_LL_Start
 .text.USBH_LL_Stop
                0x0800a0ae       0x36 ./USB_HOST/Target/usbh_conf.o
                0x0800a0ae                USBH_LL_Stop
 .text.USBH_LL_GetSpeed
                0x0800a0e4       0x4e ./USB_HOST/Target/usbh_conf.o
                0x0800a0e4                USBH_LL_GetSpeed
 .text.USBH_LL_ResetPort
                0x0800a132       0x36 ./USB_HOST/Target/usbh_conf.o
                0x0800a132                USBH_LL_ResetPort
 .text.USBH_LL_GetLastXferSize
                0x0800a168       0x26 ./USB_HOST/Target/usbh_conf.o
                0x0800a168                USBH_LL_GetLastXferSize
 .text.USBH_LL_OpenPipe
                0x0800a18e       0x5e ./USB_HOST/Target/usbh_conf.o
                0x0800a18e                USBH_LL_OpenPipe
 .text.USBH_LL_ClosePipe
                0x0800a1ec       0x3e ./USB_HOST/Target/usbh_conf.o
                0x0800a1ec                USBH_LL_ClosePipe
 .text.USBH_LL_SubmitURB
                0x0800a22a       0x62 ./USB_HOST/Target/usbh_conf.o
                0x0800a22a                USBH_LL_SubmitURB
 .text.USBH_LL_GetURBState
                0x0800a28c       0x26 ./USB_HOST/Target/usbh_conf.o
                0x0800a28c                USBH_LL_GetURBState
 .text.USBH_LL_DriverVBUS
                0x0800a2b2       0x2e ./USB_HOST/Target/usbh_conf.o
                0x0800a2b2                USBH_LL_DriverVBUS
 .text.USBH_LL_SetToggle
                0x0800a2e0       0x66 ./USB_HOST/Target/usbh_conf.o
                0x0800a2e0                USBH_LL_SetToggle
 .text.USBH_Delay
                0x0800a346       0x16 ./USB_HOST/Target/usbh_conf.o
                0x0800a346                USBH_Delay
 .text.USBH_Get_USB_Status
                0x0800a35c       0x58 ./USB_HOST/Target/usbh_conf.o
                0x0800a35c                USBH_Get_USB_Status
 .text.MX_DriverVbusFS
                0x0800a3b4       0x38 ./USB_HOST/Target/usbh_platform.o
                0x0800a3b4                MX_DriverVbusFS
 .text.malloc   0x0800a3ec       0x10 /Applications/STM32CubeIDE.app/Contents/Eclipse/plugins/com.st.stm32cube.ide.mcu.externaltools.gnu-tools-for-stm32.13.3.rel1.macos64_1.0.0.202411102158/tools/bin/../lib/gcc/arm-none-eabi/13.3.1/../../../../arm-none-eabi/lib/thumb/v7e-m+fp/hard/libc_nano.a(libc_a-malloc.o)
                0x0800a3ec                malloc
 .text.free     0x0800a3fc       0x10 /Applications/STM32CubeIDE.app/Contents/Eclipse/plugins/com.st.stm32cube.ide.mcu.externaltools.gnu-tools-for-stm32.13.3.rel1.macos64_1.0.0.202411102158/tools/bin/../lib/gcc/arm-none-eabi/13.3.1/../../../../arm-none-eabi/lib/thumb/v7e-m+fp/hard/libc_nano.a(libc_a-malloc.o)
                0x0800a3fc                free
 .text.sbrk_aligned
                0x0800a40c       0x44 /Applications/STM32CubeIDE.app/Contents/Eclipse/plugins/com.st.stm32cube.ide.mcu.externaltools.gnu-tools-for-stm32.13.3.rel1.macos64_1.0.0.202411102158/tools/bin/../lib/gcc/arm-none-eabi/13.3.1/../../../../arm-none-eabi/lib/thumb/v7e-m+fp/hard/libc_nano.a(libc_a-mallocr.o)
 .text._malloc_r
                0x0800a450      0x100 /Applications/STM32CubeIDE.app/Contents/Eclipse/plugins/com.st.stm32cube.ide.mcu.externaltools.gnu-tools-for-stm32.13.3.rel1.macos64_1.0.0.202411102158/tools/bin/../lib/gcc/arm-none-eabi/13.3.1/../../../../arm-none-eabi/lib/thumb/v7e-m+fp/hard/libc_nano.a(libc_a-mallocr.o)
                0x0800a450                _malloc_r
 .text.__malloc_lock
                0x0800a550        0xc /Applications/STM32CubeIDE.app/Contents/Eclipse/plugins/com.st.stm32cube.ide.mcu.externaltools.gnu-tools-for-stm32.13.3.rel1.macos64_1.0.0.202411102158/tools/bin/../lib/gcc/arm-none-eabi/13.3.1/../../../../arm-none-eabi/lib/thumb/v7e-m+fp/hard/libc_nano.a(libc_a-mlock.o)
                0x0800a550                __malloc_lock
 .text.__malloc_unlock
                0x0800a55c        0xc /Applications/STM32CubeIDE.app/Contents/Eclipse/plugins/com.st.stm32cube.ide.mcu.externaltools.gnu-tools-for-stm32.13.3.rel1.macos64_1.0.0.202411102158/tools/bin/../lib/gcc/arm-none-eabi/13.3.1/../../../../arm-none-eabi/lib/thumb/v7e-m+fp/hard/libc_nano.a(libc_a-mlock.o)
                0x0800a55c                __malloc_unlock
 .text.memset   0x0800a568       0x10 /Applications/STM32CubeIDE.app/Contents/Eclipse/plugins/com.st.stm32cube.ide.mcu.externaltools.gnu-tools-for-stm32.13.3.rel1.macos64_1.0.0.202411102158/tools/bin/../lib/gcc/arm-none-eabi/13.3.1/../../../../arm-none-eabi/lib/thumb/v7e-m+fp/hard/libc_nano.a(libc_a-memset.o)
                0x0800a568                memset
 .text._sbrk_r  0x0800a578       0x20 /Applications/STM32CubeIDE.app/Contents/Eclipse/plugins/com.st.stm32cube.ide.mcu.externaltools.gnu-tools-for-stm32.13.3.rel1.macos64_1.0.0.202411102158/tools/bin/../lib/gcc/arm-none-eabi/13.3.1/../../../../arm-none-eabi/lib/thumb/v7e-m+fp/hard/libc_nano.a(libc_a-sbrkr.o)
                0x0800a578                _sbrk_r
 .text.__errno  0x0800a598        0xc /Applications/STM32CubeIDE.app/Contents/Eclipse/plugins/com.st.stm32cube.ide.mcu.externaltools.gnu-tools-for-stm32.13.3.rel1.macos64_1.0.0.202411102158/tools/bin/../lib/gcc/arm-none-eabi/13.3.1/../../../../arm-none-eabi/lib/thumb/v7e-m+fp/hard/libc_nano.a(libc_a-errno.o)
                0x0800a598                __errno
 .text.__libc_init_array
                0x0800a5a4       0x48 /Applications/STM32CubeIDE.app/Contents/Eclipse/plugins/com.st.stm32cube.ide.mcu.externaltools.gnu-tools-for-stm32.13.3.rel1.macos64_1.0.0.202411102158/tools/bin/../lib/gcc/arm-none-eabi/13.3.1/../../../../arm-none-eabi/lib/thumb/v7e-m+fp/hard/libc_nano.a(libc_a-init.o)
                0x0800a5a4                __libc_init_array
 .text.__retarget_lock_acquire_recursive
                0x0800a5ec        0x2 /Applications/STM32CubeIDE.app/Contents/Eclipse/plugins/com.st.stm32cube.ide.mcu.externaltools.gnu-tools-for-stm32.13.3.rel1.macos64_1.0.0.202411102158/tools/bin/../lib/gcc/arm-none-eabi/13.3.1/../../../../arm-none-eabi/lib/thumb/v7e-m+fp/hard/libc_nano.a(libc_a-lock.o)
                0x0800a5ec                __retarget_lock_acquire_recursive
 .text.__retarget_lock_release_recursive
                0x0800a5ee        0x2 /Applications/STM32CubeIDE.app/Contents/Eclipse/plugins/com.st.stm32cube.ide.mcu.externaltools.gnu-tools-for-stm32.13.3.rel1.macos64_1.0.0.202411102158/tools/bin/../lib/gcc/arm-none-eabi/13.3.1/../../../../arm-none-eabi/lib/thumb/v7e-m+fp/hard/libc_nano.a(libc_a-lock.o)
                0x0800a5ee                __retarget_lock_release_recursive
 .text._free_r  0x0800a5f0       0x94 /Applications/STM32CubeIDE.app/Contents/Eclipse/plugins/com.st.stm32cube.ide.mcu.externaltools.gnu-tools-for-stm32.13.3.rel1.macos64_1.0.0.202411102158/tools/bin/../lib/gcc/arm-none-eabi/13.3.1/../../../../arm-none-eabi/lib/thumb/v7e-m+fp/hard/libc_nano.a(libc_a-freer.o)
                0x0800a5f0                _free_r
 *(.glue_7)
 .glue_7        0x0800a684        0x0 linker stubs
 *(.glue_7t)
 .glue_7t       0x0800a684        0x0 linker stubs
 *(.eh_frame)
 .eh_frame      0x0800a684        0x0 /Applications/STM32CubeIDE.app/Contents/Eclipse/plugins/com.st.stm32cube.ide.mcu.externaltools.gnu-tools-for-stm32.13.3.rel1.macos64_1.0.0.202411102158/tools/bin/../lib/gcc/arm-none-eabi/13.3.1/thumb/v7e-m+fp/hard/crtbegin.o
 *(.init)
 .init          0x0800a684        0x4 /Applications/STM32CubeIDE.app/Contents/Eclipse/plugins/com.st.stm32cube.ide.mcu.externaltools.gnu-tools-for-stm32.13.3.rel1.macos64_1.0.0.202411102158/tools/bin/../lib/gcc/arm-none-eabi/13.3.1/thumb/v7e-m+fp/hard/crti.o
                0x0800a684                _init
 .init          0x0800a688        0x8 /Applications/STM32CubeIDE.app/Contents/Eclipse/plugins/com.st.stm32cube.ide.mcu.externaltools.gnu-tools-for-stm32.13.3.rel1.macos64_1.0.0.202411102158/tools/bin/../lib/gcc/arm-none-eabi/13.3.1/thumb/v7e-m+fp/hard/crtn.o
 *(.fini)
 .fini          0x0800a690        0x4 /Applications/STM32CubeIDE.app/Contents/Eclipse/plugins/com.st.stm32cube.ide.mcu.externaltools.gnu-tools-for-stm32.13.3.rel1.macos64_1.0.0.202411102158/tools/bin/../lib/gcc/arm-none-eabi/13.3.1/thumb/v7e-m+fp/hard/crti.o
                0x0800a690                _fini
 .fini          0x0800a694        0x8 /Applications/STM32CubeIDE.app/Contents/Eclipse/plugins/com.st.stm32cube.ide.mcu.externaltools.gnu-tools-for-stm32.13.3.rel1.macos64_1.0.0.202411102158/tools/bin/../lib/gcc/arm-none-eabi/13.3.1/thumb/v7e-m+fp/hard/crtn.o
                0x0800a69c                        . = ALIGN (0x4)
                0x0800a69c                        _etext = .

.vfp11_veneer   0x0800a69c        0x0
 .vfp11_veneer  0x0800a69c        0x0 linker stubs

.v4_bx          0x0800a69c        0x0
 .v4_bx         0x0800a69c        0x0 linker stubs

.iplt           0x0800a69c        0x0
 .iplt          0x0800a69c        0x0 /Applications/STM32CubeIDE.app/Contents/Eclipse/plugins/com.st.stm32cube.ide.mcu.externaltools.gnu-tools-for-stm32.13.3.rel1.macos64_1.0.0.202411102158/tools/bin/../lib/gcc/arm-none-eabi/13.3.1/thumb/v7e-m+fp/hard/crtbegin.o

.rodata         0x0800a69c      0xdb4
                0x0800a69c                        . = ALIGN (0x4)
 *(.rodata)
 .rodata        0x0800a69c       0x3c ./Core/Src/main.o
 .rodata        0x0800a6d8        0x4 ./Middlewares/ST/STM32_USB_Host_Library/Class/CDC/Src/usbh_cdc.o
 *(.rodata*)
 .rodata.Font11x18
                0x0800a6dc      0xd5c ./Core/Src/fonts.o
 .rodata.AHBPrescTable
                0x0800b438       0x10 ./Core/Src/system_stm32f4xx.o
                0x0800b438                AHBPrescTable
 .rodata.APBPrescTable
                0x0800b448        0x8 ./Core/Src/system_stm32f4xx.o
                0x0800b448                APBPrescTable
                0x0800b450                        . = ALIGN (0x4)

.ARM.extab      0x0800b450        0x0
                0x0800b450                        . = ALIGN (0x4)
 *(.ARM.extab* .gnu.linkonce.armextab.*)
                0x0800b450                        . = ALIGN (0x4)

.ARM            0x0800b450        0x8
                0x0800b450                        . = ALIGN (0x4)
                0x0800b450                        __exidx_start = .
 *(.ARM.exidx*)
 .ARM.exidx     0x0800b450        0x8 /Applications/STM32CubeIDE.app/Contents/Eclipse/plugins/com.st.stm32cube.ide.mcu.externaltools.gnu-tools-for-stm32.13.3.rel1.macos64_1.0.0.202411102158/tools/bin/../lib/gcc/arm-none-eabi/13.3.1/thumb/v7e-m+fp/hard/libgcc.a(_udivmoddi4.o)
                0x0800b458                        __exidx_end = .
                0x0800b458                        . = ALIGN (0x4)

.preinit_array  0x0800b458        0x0
                0x0800b458                        . = ALIGN (0x4)
                0x0800b458                        PROVIDE (__preinit_array_start = .)
 *(.preinit_array*)
                0x0800b458                        PROVIDE (__preinit_array_end = .)
                0x0800b458                        . = ALIGN (0x4)

.init_array     0x0800b458        0x4
                0x0800b458                        . = ALIGN (0x4)
                0x0800b458                        PROVIDE (__init_array_start = .)
 *(SORT_BY_NAME(.init_array.*))
 *(.init_array*)
 .init_array    0x0800b458        0x4 /Applications/STM32CubeIDE.app/Contents/Eclipse/plugins/com.st.stm32cube.ide.mcu.externaltools.gnu-tools-for-stm32.13.3.rel1.macos64_1.0.0.202411102158/tools/bin/../lib/gcc/arm-none-eabi/13.3.1/thumb/v7e-m+fp/hard/crtbegin.o
                0x0800b45c                        PROVIDE (__init_array_end = .)
                0x0800b45c                        . = ALIGN (0x4)

.fini_array     0x0800b45c        0x4
                0x0800b45c                        . = ALIGN (0x4)
                [!provide]                        PROVIDE (__fini_array_start = .)
 *(SORT_BY_NAME(.fini_array.*))
 *(.fini_array*)
 .fini_array    0x0800b45c        0x4 /Applications/STM32CubeIDE.app/Contents/Eclipse/plugins/com.st.stm32cube.ide.mcu.externaltools.gnu-tools-for-stm32.13.3.rel1.macos64_1.0.0.202411102158/tools/bin/../lib/gcc/arm-none-eabi/13.3.1/thumb/v7e-m+fp/hard/crtbegin.o
                [!provide]                        PROVIDE (__fini_array_end = .)
                0x0800b460                        . = ALIGN (0x4)
                0x0800b460                        _sidata = LOADADDR (.data)

.rel.dyn        0x0800b460        0x0
 .rel.iplt      0x0800b460        0x0 /Applications/STM32CubeIDE.app/Contents/Eclipse/plugins/com.st.stm32cube.ide.mcu.externaltools.gnu-tools-for-stm32.13.3.rel1.macos64_1.0.0.202411102158/tools/bin/../lib/gcc/arm-none-eabi/13.3.1/thumb/v7e-m+fp/hard/crtbegin.o

.data           0x20000000       0x84 load address 0x0800b460
                0x20000000                        . = ALIGN (0x4)
                0x20000000                        _sdata = .
 *(.data)
 *(.data*)
 .data.Font_11x18
                0x20000000        0x8 ./Core/Src/fonts.o
                0x20000000                Font_11x18
 .data.SystemCoreClock
                0x20000008        0x4 ./Core/Src/system_stm32f4xx.o
                0x20000008                SystemCoreClock
 .data.uwTickPrio
                0x2000000c        0x4 ./Drivers/STM32F4xx_HAL_Driver/Src/stm32f4xx_hal.o
                0x2000000c                uwTickPrio
 .data.uwTickFreq
                0x20000010        0x1 ./Drivers/STM32F4xx_HAL_Driver/Src/stm32f4xx_hal.o
                0x20000010                uwTickFreq
 *fill*         0x20000011        0x3 
 .data.CDC_Class
                0x20000014       0x20 ./Middlewares/ST/STM32_USB_Host_Library/Class/CDC/Src/usbh_cdc.o
                0x20000014                CDC_Class
 .data._impure_ptr
                0x20000034        0x4 /Applications/STM32CubeIDE.app/Contents/Eclipse/plugins/com.st.stm32cube.ide.mcu.externaltools.gnu-tools-for-stm32.13.3.rel1.macos64_1.0.0.202411102158/tools/bin/../lib/gcc/arm-none-eabi/13.3.1/../../../../arm-none-eabi/lib/thumb/v7e-m+fp/hard/libc_nano.a(libc_a-impure.o)
                0x20000034                _impure_ptr
 .data._impure_data
                0x20000038       0x4c /Applications/STM32CubeIDE.app/Contents/Eclipse/plugins/com.st.stm32cube.ide.mcu.externaltools.gnu-tools-for-stm32.13.3.rel1.macos64_1.0.0.202411102158/tools/bin/../lib/gcc/arm-none-eabi/13.3.1/../../../../arm-none-eabi/lib/thumb/v7e-m+fp/hard/libc_nano.a(libc_a-impure.o)
                0x20000038                _impure_data
 *(.RamFunc)
 *(.RamFunc*)
                0x20000084                        . = ALIGN (0x4)
                0x20000084                        _edata = .
                0x0800b4e4                        _siccmram = LOADADDR (.ccmram)

.igot.plt       0x20000084        0x0 load address 0x0800b4e4
 .igot.plt      0x20000084        0x0 /Applications/STM32CubeIDE.app/Contents/Eclipse/plugins/com.st.stm32cube.ide.mcu.externaltools.gnu-tools-for-stm32.13.3.rel1.macos64_1.0.0.202411102158/tools/bin/../lib/gcc/arm-none-eabi/13.3.1/thumb/v7e-m+fp/hard/crtbegin.o

.ccmram         0x10000000        0x0 load address 0x0800b4e4
                0x10000000                        . = ALIGN (0x4)
                0x10000000                        _sccmram = .
 *(.ccmram)
 *(.ccmram*)
                0x10000000                        . = ALIGN (0x4)
                0x10000000                        _eccmram = .
                0x10000000                        . = ALIGN (0x4)

.bss            0x20000084      0xaac
                0x20000084                        _sbss = .
                0x20000084                        __bss_start__ = _sbss
 *(.bss)
 .bss           0x20000084       0x1c /Applications/STM32CubeIDE.app/Contents/Eclipse/plugins/com.st.stm32cube.ide.mcu.externaltools.gnu-tools-for-stm32.13.3.rel1.macos64_1.0.0.202411102158/tools/bin/../lib/gcc/arm-none-eabi/13.3.1/thumb/v7e-m+fp/hard/crtbegin.o
 *(.bss*)
 .bss.hadc1     0x200000a0       0x48 ./Core/Src/adc.o
                0x200000a0                hadc1
 .bss.hi2c1     0x200000e8       0x54 ./Core/Src/i2c.o
                0x200000e8                hi2c1
 .bss.hi2s3     0x2000013c       0x48 ./Core/Src/i2s.o
                0x2000013c                hi2s3
 .bss.hspi1     0x20000184       0x58 ./Core/Src/spi.o
                0x20000184                hspi1
 .bss.__sbrk_heap_end
                0x200001dc        0x4 ./Core/Src/sysmem.o
 .bss.huart2    0x200001e0       0x48 ./Core/Src/usart.o
                0x200001e0                huart2
 .bss.uwTick    0x20000228        0x4 ./Drivers/STM32F4xx_HAL_Driver/Src/stm32f4xx_hal.o
                0x20000228                uwTick
 .bss.hUsbHostFS
                0x2000022c      0x3d8 ./USB_HOST/App/usb_host.o
                0x2000022c                hUsbHostFS
 .bss.Appli_state
                0x20000604        0x1 ./USB_HOST/App/usb_host.o
                0x20000604                Appli_state
 *fill*         0x20000605        0x3 
 .bss.hhcd_USB_OTG_FS
                0x20000608      0x3e0 ./USB_HOST/Target/usbh_conf.o
                0x20000608                hhcd_USB_OTG_FS
 .bss.__malloc_sbrk_start
                0x200009e8        0x4 /Applications/STM32CubeIDE.app/Contents/Eclipse/plugins/com.st.stm32cube.ide.mcu.externaltools.gnu-tools-for-stm32.13.3.rel1.macos64_1.0.0.202411102158/tools/bin/../lib/gcc/arm-none-eabi/13.3.1/../../../../arm-none-eabi/lib/thumb/v7e-m+fp/hard/libc_nano.a(libc_a-mallocr.o)
                0x200009e8                __malloc_sbrk_start
 .bss.__malloc_free_list
                0x200009ec        0x4 /Applications/STM32CubeIDE.app/Contents/Eclipse/plugins/com.st.stm32cube.ide.mcu.externaltools.gnu-tools-for-stm32.13.3.rel1.macos64_1.0.0.202411102158/tools/bin/../lib/gcc/arm-none-eabi/13.3.1/../../../../arm-none-eabi/lib/thumb/v7e-m+fp/hard/libc_nano.a(libc_a-mallocr.o)
                0x200009ec                __malloc_free_list
 .bss.__sf      0x200009f0      0x138 /Applications/STM32CubeIDE.app/Contents/Eclipse/plugins/com.st.stm32cube.ide.mcu.externaltools.gnu-tools-for-stm32.13.3.rel1.macos64_1.0.0.202411102158/tools/bin/../lib/gcc/arm-none-eabi/13.3.1/../../../../arm-none-eabi/lib/thumb/v7e-m+fp/hard/libc_nano.a(libc_a-findfp.o)
                0x200009f0                __sf
 .bss.__lock___malloc_recursive_mutex
                0x20000b28        0x1 /Applications/STM32CubeIDE.app/Contents/Eclipse/plugins/com.st.stm32cube.ide.mcu.externaltools.gnu-tools-for-stm32.13.3.rel1.macos64_1.0.0.202411102158/tools/bin/../lib/gcc/arm-none-eabi/13.3.1/../../../../arm-none-eabi/lib/thumb/v7e-m+fp/hard/libc_nano.a(libc_a-lock.o)
                0x20000b28                __lock___malloc_recursive_mutex
 *fill*         0x20000b29        0x3 
 .bss.errno     0x20000b2c        0x4 /Applications/STM32CubeIDE.app/Contents/Eclipse/plugins/com.st.stm32cube.ide.mcu.externaltools.gnu-tools-for-stm32.13.3.rel1.macos64_1.0.0.202411102158/tools/bin/../lib/gcc/arm-none-eabi/13.3.1/../../../../arm-none-eabi/lib/thumb/v7e-m+fp/hard/libc_nano.a(libc_a-reent.o)
                0x20000b2c                errno
 *(COMMON)
                0x20000b30                        . = ALIGN (0x4)
                0x20000b30                        _ebss = .
                0x20000b30                        __bss_end__ = _ebss

._user_heap_stack
                0x20000b30      0x600
                0x20000b30                        . = ALIGN (0x8)
                [!provide]                        PROVIDE (end = .)
                0x20000b30                        PROVIDE (_end = .)
                0x20000d30                        . = (. + _Min_Heap_Size)
 *fill*         0x20000b30      0x200 
                0x20001130                        . = (. + _Min_Stack_Size)
 *fill*         0x20000d30      0x400 
                0x20001130                        . = ALIGN (0x8)

/DISCARD/
 libc.a(*)
 libm.a(*)
 libgcc.a(*)

.ARM.attributes
                0x00000000       0x30
 *(.ARM.attributes)
 .ARM.attributes
                0x00000000       0x22 /Applications/STM32CubeIDE.app/Contents/Eclipse/plugins/com.st.stm32cube.ide.mcu.externaltools.gnu-tools-for-stm32.13.3.rel1.macos64_1.0.0.202411102158/tools/bin/../lib/gcc/arm-none-eabi/13.3.1/thumb/v7e-m+fp/hard/crti.o
 .ARM.attributes
                0x00000022       0x34 /Applications/STM32CubeIDE.app/Contents/Eclipse/plugins/com.st.stm32cube.ide.mcu.externaltools.gnu-tools-for-stm32.13.3.rel1.macos64_1.0.0.202411102158/tools/bin/../lib/gcc/arm-none-eabi/13.3.1/thumb/v7e-m+fp/hard/crtbegin.o
 .ARM.attributes
                0x00000056       0x34 ./Core/Src/adc.o
 .ARM.attributes
                0x0000008a       0x34 ./Core/Src/fonts.o
 .ARM.attributes
                0x000000be       0x34 ./Core/Src/gpio.o
 .ARM.attributes
                0x000000f2       0x34 ./Core/Src/i2c.o
 .ARM.attributes
                0x00000126       0x34 ./Core/Src/i2s.o
 .ARM.attributes
                0x0000015a       0x34 ./Core/Src/main.o
 .ARM.attributes
                0x0000018e       0x34 ./Core/Src/spi.o
 .ARM.attributes
                0x000001c2       0x34 ./Core/Src/st7735.o
 .ARM.attributes
                0x000001f6       0x34 ./Core/Src/stm32f4xx_hal_msp.o
 .ARM.attributes
                0x0000022a       0x34 ./Core/Src/stm32f4xx_it.o
 .ARM.attributes
                0x0000025e       0x34 ./Core/Src/sysmem.o
 .ARM.attributes
                0x00000292       0x34 ./Core/Src/system_stm32f4xx.o
 .ARM.attributes
                0x000002c6       0x34 ./Core/Src/usart.o
 .ARM.attributes
                0x000002fa       0x21 ./Core/Startup/startup_stm32f407vgtx.o
 .ARM.attributes
                0x0000031b       0x34 ./Drivers/STM32F4xx_HAL_Driver/Src/stm32f4xx_hal.o
 .ARM.attributes
                0x0000034f       0x34 ./Drivers/STM32F4xx_HAL_Driver/Src/stm32f4xx_hal_adc.o
 .ARM.attributes
                0x00000383       0x34 ./Drivers/STM32F4xx_HAL_Driver/Src/stm32f4xx_hal_cortex.o
 .ARM.attributes
                0x000003b7       0x34 ./Drivers/STM32F4xx_HAL_Driver/Src/stm32f4xx_hal_gpio.o
 .ARM.attributes
                0x000003eb       0x34 ./Drivers/STM32F4xx_HAL_Driver/Src/stm32f4xx_hal_hcd.o
 .ARM.attributes
                0x0000041f       0x34 ./Drivers/STM32F4xx_HAL_Driver/Src/stm32f4xx_hal_i2c.o
 .ARM.attributes
                0x00000453       0x34 ./Drivers/STM32F4xx_HAL_Driver/Src/stm32f4xx_hal_i2s.o
 .ARM.attributes
                0x00000487       0x34 ./Drivers/STM32F4xx_HAL_Driver/Src/stm32f4xx_hal_i2s_ex.o
 .ARM.attributes
                0x000004bb       0x34 ./Drivers/STM32F4xx_HAL_Driver/Src/stm32f4xx_hal_rcc.o
 .ARM.attributes
                0x000004ef       0x34 ./Drivers/STM32F4xx_HAL_Driver/Src/stm32f4xx_hal_rcc_ex.o
 .ARM.attributes
                0x00000523       0x34 ./Drivers/STM32F4xx_HAL_Driver/Src/stm32f4xx_hal_spi.o
 .ARM.attributes
                0x00000557       0x34 ./Drivers/STM32F4xx_HAL_Driver/Src/stm32f4xx_hal_uart.o
 .ARM.attributes
                0x0000058b       0x34 ./Drivers/STM32F4xx_HAL_Driver/Src/stm32f4xx_ll_usb.o
 .ARM.attributes
                0x000005bf       0x34 ./Middlewares/ST/STM32_USB_Host_Library/Class/CDC/Src/usbh_cdc.o
 .ARM.attributes
                0x000005f3       0x34 ./Middlewares/ST/STM32_USB_Host_Library/Core/Src/usbh_core.o
 .ARM.attributes
                0x00000627       0x34 ./Middlewares/ST/STM32_USB_Host_Library/Core/Src/usbh_ctlreq.o
 .ARM.attributes
                0x0000065b       0x34 ./Middlewares/ST/STM32_USB_Host_Library/Core/Src/usbh_ioreq.o
 .ARM.attributes
                0x0000068f       0x34 ./Middlewares/ST/STM32_USB_Host_Library/Core/Src/usbh_pipes.o
 .ARM.attributes
                0x000006c3       0x34 ./USB_HOST/App/usb_host.o
 .ARM.attributes
                0x000006f7       0x34 ./USB_HOST/Target/usbh_conf.o
 .ARM.attributes
                0x0000072b       0x34 ./USB_HOST/Target/usbh_platform.o
 .ARM.attributes
                0x0000075f       0x34 /Applications/STM32CubeIDE.app/Contents/Eclipse/plugins/com.st.stm32cube.ide.mcu.externaltools.gnu-tools-for-stm32.13.3.rel1.macos64_1.0.0.202411102158/tools/bin/../lib/gcc/arm-none-eabi/13.3.1/../../../../arm-none-eabi/lib/thumb/v7e-m+fp/hard/libc_nano.a(libc_a-malloc.o)
 .ARM.attributes
                0x00000793       0x34 /Applications/STM32CubeIDE.app/Contents/Eclipse/plugins/com.st.stm32cube.ide.mcu.externaltools.gnu-tools-for-stm32.13.3.rel1.macos64_1.0.0.202411102158/tools/bin/../lib/gcc/arm-none-eabi/13.3.1/../../../../arm-none-eabi/lib/thumb/v7e-m+fp/hard/libc_nano.a(libc_a-mallocr.o)
 .ARM.attributes
                0x000007c7       0x34 /Applications/STM32CubeIDE.app/Contents/Eclipse/plugins/com.st.stm32cube.ide.mcu.externaltools.gnu-tools-for-stm32.13.3.rel1.macos64_1.0.0.202411102158/tools/bin/../lib/gcc/arm-none-eabi/13.3.1/../../../../arm-none-eabi/lib/thumb/v7e-m+fp/hard/libc_nano.a(libc_a-mlock.o)
 .ARM.attributes
                0x000007fb       0x34 /Applications/STM32CubeIDE.app/Contents/Eclipse/plugins/com.st.stm32cube.ide.mcu.externaltools.gnu-tools-for-stm32.13.3.rel1.macos64_1.0.0.202411102158/tools/bin/../lib/gcc/arm-none-eabi/13.3.1/../../../../arm-none-eabi/lib/thumb/v7e-m+fp/hard/libc_nano.a(libc_a-findfp.o)
 .ARM.attributes
                0x0000082f       0x34 /Applications/STM32CubeIDE.app/Contents/Eclipse/plugins/com.st.stm32cube.ide.mcu.externaltools.gnu-tools-for-stm32.13.3.rel1.macos64_1.0.0.202411102158/tools/bin/../lib/gcc/arm-none-eabi/13.3.1/../../../../arm-none-eabi/lib/thumb/v7e-m+fp/hard/libc_nano.a(libc_a-memset.o)
 .ARM.attributes
                0x00000863       0x34 /Applications/STM32CubeIDE.app/Contents/Eclipse/plugins/com.st.stm32cube.ide.mcu.externaltools.gnu-tools-for-stm32.13.3.rel1.macos64_1.0.0.202411102158/tools/bin/../lib/gcc/arm-none-eabi/13.3.1/../../../../arm-none-eabi/lib/thumb/v7e-m+fp/hard/libc_nano.a(libc_a-sbrkr.o)
 .ARM.attributes
                0x00000897       0x34 /Applications/STM32CubeIDE.app/Contents/Eclipse/plugins/com.st.stm32cube.ide.mcu.externaltools.gnu-tools-for-stm32.13.3.rel1.macos64_1.0.0.202411102158/tools/bin/../lib/gcc/arm-none-eabi/13.3.1/../../../../arm-none-eabi/lib/thumb/v7e-m+fp/hard/libc_nano.a(libc_a-errno.o)
 .ARM.attributes
                0x000008cb       0x34 /Applications/STM32CubeIDE.app/Contents/Eclipse/plugins/com.st.stm32cube.ide.mcu.externaltools.gnu-tools-for-stm32.13.3.rel1.macos64_1.0.0.202411102158/tools/bin/../lib/gcc/arm-none-eabi/13.3.1/../../../../arm-none-eabi/lib/thumb/v7e-m+fp/hard/libc_nano.a(libc_a-init.o)
 .ARM.attributes
                0x000008ff       0x34 /Applications/STM32CubeIDE.app/Contents/Eclipse/plugins/com.st.stm32cube.ide.mcu.externaltools.gnu-tools-for-stm32.13.3.rel1.macos64_1.0.0.202411102158/tools/bin/../lib/gcc/arm-none-eabi/13.3.1/../../../../arm-none-eabi/lib/thumb/v7e-m+fp/hard/libc_nano.a(libc_a-lock.o)
 .ARM.attributes
                0x00000933       0x34 /Applications/STM32CubeIDE.app/Contents/Eclipse/plugins/com.st.stm32cube.ide.mcu.externaltools.gnu-tools-for-stm32.13.3.rel1.macos64_1.0.0.202411102158/tools/bin/../lib/gcc/arm-none-eabi/13.3.1/../../../../arm-none-eabi/lib/thumb/v7e-m+fp/hard/libc_nano.a(libc_a-reent.o)
 .ARM.attributes
                0x00000967       0x34 /Applications/STM32CubeIDE.app/Contents/Eclipse/plugins/com.st.stm32cube.ide.mcu.externaltools.gnu-tools-for-stm32.13.3.rel1.macos64_1.0.0.202411102158/tools/bin/../lib/gcc/arm-none-eabi/13.3.1/../../../../arm-none-eabi/lib/thumb/v7e-m+fp/hard/libc_nano.a(libc_a-impure.o)
 .ARM.attributes
                0x0000099b       0x34 /Applications/STM32CubeIDE.app/Contents/Eclipse/plugins/com.st.stm32cube.ide.mcu.externaltools.gnu-tools-for-stm32.13.3.rel1.macos64_1.0.0.202411102158/tools/bin/../lib/gcc/arm-none-eabi/13.3.1/../../../../arm-none-eabi/lib/thumb/v7e-m+fp/hard/libc_nano.a(libc_a-freer.o)
 .ARM.attributes
                0x000009cf       0x22 /Applications/STM32CubeIDE.app/Contents/Eclipse/plugins/com.st.stm32cube.ide.mcu.externaltools.gnu-tools-for-stm32.13.3.rel1.macos64_1.0.0.202411102158/tools/bin/../lib/gcc/arm-none-eabi/13.3.1/thumb/v7e-m+fp/hard/libgcc.a(_aeabi_uldivmod.o)
 .ARM.attributes
                0x000009f1       0x34 /Applications/STM32CubeIDE.app/Contents/Eclipse/plugins/com.st.stm32cube.ide.mcu.externaltools.gnu-tools-for-stm32.13.3.rel1.macos64_1.0.0.202411102158/tools/bin/../lib/gcc/arm-none-eabi/13.3.1/thumb/v7e-m+fp/hard/libgcc.a(_udivmoddi4.o)
 .ARM.attributes
                0x00000a25       0x22 /Applications/STM32CubeIDE.app/Contents/Eclipse/plugins/com.st.stm32cube.ide.mcu.externaltools.gnu-tools-for-stm32.13.3.rel1.macos64_1.0.0.202411102158/tools/bin/../lib/gcc/arm-none-eabi/13.3.1/thumb/v7e-m+fp/hard/libgcc.a(_dvmd_tls.o)
 .ARM.attributes
                0x00000a47       0x22 /Applications/STM32CubeIDE.app/Contents/Eclipse/plugins/com.st.stm32cube.ide.mcu.externaltools.gnu-tools-for-stm32.13.3.rel1.macos64_1.0.0.202411102158/tools/bin/../lib/gcc/arm-none-eabi/13.3.1/thumb/v7e-m+fp/hard/crtn.o
OUTPUT(blinktest.elf elf32-littlearm)
LOAD linker stubs
LOAD /Applications/STM32CubeIDE.app/Contents/Eclipse/plugins/com.st.stm32cube.ide.mcu.externaltools.gnu-tools-for-stm32.13.3.rel1.macos64_1.0.0.202411102158/tools/bin/../lib/gcc/arm-none-eabi/13.3.1/../../../../arm-none-eabi/lib/thumb/v7e-m+fp/hard/libc.a
LOAD /Applications/STM32CubeIDE.app/Contents/Eclipse/plugins/com.st.stm32cube.ide.mcu.externaltools.gnu-tools-for-stm32.13.3.rel1.macos64_1.0.0.202411102158/tools/bin/../lib/gcc/arm-none-eabi/13.3.1/../../../../arm-none-eabi/lib/thumb/v7e-m+fp/hard/libm.a
LOAD /Applications/STM32CubeIDE.app/Contents/Eclipse/plugins/com.st.stm32cube.ide.mcu.externaltools.gnu-tools-for-stm32.13.3.rel1.macos64_1.0.0.202411102158/tools/bin/../lib/gcc/arm-none-eabi/13.3.1/thumb/v7e-m+fp/hard/libgcc.a

.debug_info     0x00000000    0x1b7ed
 .debug_info    0x00000000      0x995 ./Core/Src/adc.o
 .debug_info    0x00000995      0x19a ./Core/Src/fonts.o
 .debug_info    0x00000b2f      0x459 ./Core/Src/gpio.o
 .debug_info    0x00000f88      0x968 ./Core/Src/i2c.o
 .debug_info    0x000018f0      0xa26 ./Core/Src/i2s.o
 .debug_info    0x00002316      0xe37 ./Core/Src/main.o
 .debug_info    0x0000314d      0x94d ./Core/Src/spi.o
 .debug_info    0x00003a9a      0xcb5 ./Core/Src/st7735.o
 .debug_info    0x0000474f      0x27c ./Core/Src/stm32f4xx_hal_msp.o
 .debug_info    0x000049cb      0x6a5 ./Core/Src/stm32f4xx_it.o
 .debug_info    0x00005070      0x168 ./Core/Src/sysmem.o
 .debug_info    0x000051d8      0x512 ./Core/Src/system_stm32f4xx.o
 .debug_info    0x000056ea      0x939 ./Core/Src/usart.o
 .debug_info    0x00006023       0x30 ./Core/Startup/startup_stm32f407vgtx.o
 .debug_info    0x00006053      0x944 ./Drivers/STM32F4xx_HAL_Driver/Src/stm32f4xx_hal.o
 .debug_info    0x00006997      0xcd4 ./Drivers/STM32F4xx_HAL_Driver/Src/stm32f4xx_hal_adc.o
 .debug_info    0x0000766b      0xd8c ./Drivers/STM32F4xx_HAL_Driver/Src/stm32f4xx_hal_cortex.o
 .debug_info    0x000083f7      0x6c3 ./Drivers/STM32F4xx_HAL_Driver/Src/stm32f4xx_hal_gpio.o
 .debug_info    0x00008aba     0x114c ./Drivers/STM32F4xx_HAL_Driver/Src/stm32f4xx_hal_hcd.o
 .debug_info    0x00009c06     0x2415 ./Drivers/STM32F4xx_HAL_Driver/Src/stm32f4xx_hal_i2c.o
 .debug_info    0x0000c01b      0xdf8 ./Drivers/STM32F4xx_HAL_Driver/Src/stm32f4xx_hal_i2s.o
 .debug_info    0x0000ce13      0xa9f ./Drivers/STM32F4xx_HAL_Driver/Src/stm32f4xx_hal_i2s_ex.o
 .debug_info    0x0000d8b2      0x8af ./Drivers/STM32F4xx_HAL_Driver/Src/stm32f4xx_hal_rcc.o
 .debug_info    0x0000e161      0x536 ./Drivers/STM32F4xx_HAL_Driver/Src/stm32f4xx_hal_rcc_ex.o
 .debug_info    0x0000e697     0x1525 ./Drivers/STM32F4xx_HAL_Driver/Src/stm32f4xx_hal_spi.o
 .debug_info    0x0000fbbc     0x2f4f ./Drivers/STM32F4xx_HAL_Driver/Src/stm32f4xx_hal_uart.o
 .debug_info    0x00012b0b     0x1993 ./Drivers/STM32F4xx_HAL_Driver/Src/stm32f4xx_ll_usb.o
 .debug_info    0x0001449e     0x1470 ./Middlewares/ST/STM32_USB_Host_Library/Class/CDC/Src/usbh_cdc.o
 .debug_info    0x0001590e      0xfb2 ./Middlewares/ST/STM32_USB_Host_Library/Core/Src/usbh_core.o
 .debug_info    0x000168c0      0xfa6 ./Middlewares/ST/STM32_USB_Host_Library/Core/Src/usbh_ctlreq.o
 .debug_info    0x00017866      0xc2b ./Middlewares/ST/STM32_USB_Host_Library/Core/Src/usbh_ioreq.o
 .debug_info    0x00018491      0xa8e ./Middlewares/ST/STM32_USB_Host_Library/Core/Src/usbh_pipes.o
 .debug_info    0x00018f1f      0xa10 ./USB_HOST/App/usb_host.o
 .debug_info    0x0001992f     0x1ce6 ./USB_HOST/Target/usbh_conf.o
 .debug_info    0x0001b615      0x1d8 ./USB_HOST/Target/usbh_platform.o

.debug_abbrev   0x00000000     0x4aea
 .debug_abbrev  0x00000000      0x1f3 ./Core/Src/adc.o
 .debug_abbrev  0x000001f3       0xb3 ./Core/Src/fonts.o
 .debug_abbrev  0x000002a6      0x152 ./Core/Src/gpio.o
 .debug_abbrev  0x000003f8      0x1f1 ./Core/Src/i2c.o
 .debug_abbrev  0x000005e9      0x1ef ./Core/Src/i2s.o
 .debug_abbrev  0x000007d8      0x257 ./Core/Src/main.o
 .debug_abbrev  0x00000a2f      0x1fa ./Core/Src/spi.o
 .debug_abbrev  0x00000c29      0x2bf ./Core/Src/st7735.o
 .debug_abbrev  0x00000ee8       0xf4 ./Core/Src/stm32f4xx_hal_msp.o
 .debug_abbrev  0x00000fdc      0x1a4 ./Core/Src/stm32f4xx_it.o
 .debug_abbrev  0x00001180       0xbc ./Core/Src/sysmem.o
 .debug_abbrev  0x0000123c      0x11a ./Core/Src/system_stm32f4xx.o
 .debug_abbrev  0x00001356      0x1f9 ./Core/Src/usart.o
 .debug_abbrev  0x0000154f       0x24 ./Core/Startup/startup_stm32f407vgtx.o
 .debug_abbrev  0x00001573      0x214 ./Drivers/STM32F4xx_HAL_Driver/Src/stm32f4xx_hal.o
 .debug_abbrev  0x00001787      0x252 ./Drivers/STM32F4xx_HAL_Driver/Src/stm32f4xx_hal_adc.o
 .debug_abbrev  0x000019d9      0x31d ./Drivers/STM32F4xx_HAL_Driver/Src/stm32f4xx_hal_cortex.o
 .debug_abbrev  0x00001cf6      0x1d4 ./Drivers/STM32F4xx_HAL_Driver/Src/stm32f4xx_hal_gpio.o
 .debug_abbrev  0x00001eca      0x296 ./Drivers/STM32F4xx_HAL_Driver/Src/stm32f4xx_hal_hcd.o
 .debug_abbrev  0x00002160      0x2ad ./Drivers/STM32F4xx_HAL_Driver/Src/stm32f4xx_hal_i2c.o
 .debug_abbrev  0x0000240d      0x256 ./Drivers/STM32F4xx_HAL_Driver/Src/stm32f4xx_hal_i2s.o
 .debug_abbrev  0x00002663      0x276 ./Drivers/STM32F4xx_HAL_Driver/Src/stm32f4xx_hal_i2s_ex.o
 .debug_abbrev  0x000028d9      0x2b7 ./Drivers/STM32F4xx_HAL_Driver/Src/stm32f4xx_hal_rcc.o
 .debug_abbrev  0x00002b90      0x1b0 ./Drivers/STM32F4xx_HAL_Driver/Src/stm32f4xx_hal_rcc_ex.o
 .debug_abbrev  0x00002d40      0x27a ./Drivers/STM32F4xx_HAL_Driver/Src/stm32f4xx_hal_spi.o
 .debug_abbrev  0x00002fba      0x30e ./Drivers/STM32F4xx_HAL_Driver/Src/stm32f4xx_hal_uart.o
 .debug_abbrev  0x000032c8      0x2b3 ./Drivers/STM32F4xx_HAL_Driver/Src/stm32f4xx_ll_usb.o
 .debug_abbrev  0x0000357b      0x33c ./Middlewares/ST/STM32_USB_Host_Library/Class/CDC/Src/usbh_cdc.o
 .debug_abbrev  0x000038b7      0x32a ./Middlewares/ST/STM32_USB_Host_Library/Core/Src/usbh_core.o
 .debug_abbrev  0x00003be1      0x2ff ./Middlewares/ST/STM32_USB_Host_Library/Core/Src/usbh_ctlreq.o
 .debug_abbrev  0x00003ee0      0x245 ./Middlewares/ST/STM32_USB_Host_Library/Core/Src/usbh_ioreq.o
 .debug_abbrev  0x00004125      0x281 ./Middlewares/ST/STM32_USB_Host_Library/Core/Src/usbh_pipes.o
 .debug_abbrev  0x000043a6      0x26e ./USB_HOST/App/usb_host.o
 .debug_abbrev  0x00004614      0x3c2 ./USB_HOST/Target/usbh_conf.o
 .debug_abbrev  0x000049d6      0x114 ./USB_HOST/Target/usbh_platform.o

.debug_aranges  0x00000000     0x15b0
 .debug_aranges
                0x00000000       0x30 ./Core/Src/adc.o
 .debug_aranges
                0x00000030       0x18 ./Core/Src/fonts.o
 .debug_aranges
                0x00000048       0x20 ./Core/Src/gpio.o
 .debug_aranges
                0x00000068       0x30 ./Core/Src/i2c.o
 .debug_aranges
                0x00000098       0x30 ./Core/Src/i2s.o
 .debug_aranges
                0x000000c8       0x30 ./Core/Src/main.o
 .debug_aranges
                0x000000f8       0x30 ./Core/Src/spi.o
 .debug_aranges
                0x00000128       0xa8 ./Core/Src/st7735.o
 .debug_aranges
                0x000001d0       0x20 ./Core/Src/stm32f4xx_hal_msp.o
 .debug_aranges
                0x000001f0       0x68 ./Core/Src/stm32f4xx_it.o
 .debug_aranges
                0x00000258       0x20 ./Core/Src/sysmem.o
 .debug_aranges
                0x00000278       0x28 ./Core/Src/system_stm32f4xx.o
 .debug_aranges
                0x000002a0       0x30 ./Core/Src/usart.o
 .debug_aranges
                0x000002d0       0x28 ./Core/Startup/startup_stm32f407vgtx.o
 .debug_aranges
                0x000002f8       0xf0 ./Drivers/STM32F4xx_HAL_Driver/Src/stm32f4xx_hal.o
 .debug_aranges
                0x000003e8       0xe8 ./Drivers/STM32F4xx_HAL_Driver/Src/stm32f4xx_hal_adc.o
 .debug_aranges
                0x000004d0      0x130 ./Drivers/STM32F4xx_HAL_Driver/Src/stm32f4xx_hal_cortex.o
 .debug_aranges
                0x00000600       0x58 ./Drivers/STM32F4xx_HAL_Driver/Src/stm32f4xx_hal_gpio.o
 .debug_aranges
                0x00000658      0x108 ./Drivers/STM32F4xx_HAL_Driver/Src/stm32f4xx_hal_hcd.o
 .debug_aranges
                0x00000760      0x2a8 ./Drivers/STM32F4xx_HAL_Driver/Src/stm32f4xx_hal_i2c.o
 .debug_aranges
                0x00000a08      0x108 ./Drivers/STM32F4xx_HAL_Driver/Src/stm32f4xx_hal_i2s.o
 .debug_aranges
                0x00000b10       0x88 ./Drivers/STM32F4xx_HAL_Driver/Src/stm32f4xx_hal_i2s_ex.o
 .debug_aranges
                0x00000b98       0x88 ./Drivers/STM32F4xx_HAL_Driver/Src/stm32f4xx_hal_rcc.o
 .debug_aranges
                0x00000c20       0x48 ./Drivers/STM32F4xx_HAL_Driver/Src/stm32f4xx_hal_rcc_ex.o
 .debug_aranges
                0x00000c68      0x1d0 ./Drivers/STM32F4xx_HAL_Driver/Src/stm32f4xx_hal_spi.o
 .debug_aranges
                0x00000e38      0x208 ./Drivers/STM32F4xx_HAL_Driver/Src/stm32f4xx_hal_uart.o
 .debug_aranges
                0x00001040      0x1a0 ./Drivers/STM32F4xx_HAL_Driver/Src/stm32f4xx_ll_usb.o
 .debug_aranges
                0x000011e0       0xa8 ./Middlewares/ST/STM32_USB_Host_Library/Class/CDC/Src/usbh_cdc.o
 .debug_aranges
                0x00001288       0xc0 ./Middlewares/ST/STM32_USB_Host_Library/Core/Src/usbh_core.o
 .debug_aranges
                0x00001348       0xa0 ./Middlewares/ST/STM32_USB_Host_Library/Core/Src/usbh_ctlreq.o
 .debug_aranges
                0x000013e8       0x60 ./Middlewares/ST/STM32_USB_Host_Library/Core/Src/usbh_ioreq.o
 .debug_aranges
                0x00001448       0x40 ./Middlewares/ST/STM32_USB_Host_Library/Core/Src/usbh_pipes.o
 .debug_aranges
                0x00001488       0x30 ./USB_HOST/App/usb_host.o
 .debug_aranges
                0x000014b8       0xd8 ./USB_HOST/Target/usbh_conf.o
 .debug_aranges
                0x00001590       0x20 ./USB_HOST/Target/usbh_platform.o

.debug_rnglists
                0x00000000     0x1086
 .debug_rnglists
                0x00000000       0x21 ./Core/Src/adc.o
 .debug_rnglists
                0x00000021       0x14 ./Core/Src/gpio.o
 .debug_rnglists
                0x00000035       0x20 ./Core/Src/i2c.o
 .debug_rnglists
                0x00000055       0x20 ./Core/Src/i2s.o
 .debug_rnglists
                0x00000075       0x21 ./Core/Src/main.o
 .debug_rnglists
                0x00000096       0x20 ./Core/Src/spi.o
 .debug_rnglists
                0x000000b6       0x80 ./Core/Src/st7735.o
 .debug_rnglists
                0x00000136       0x13 ./Core/Src/stm32f4xx_hal_msp.o
 .debug_rnglists
                0x00000149       0x49 ./Core/Src/stm32f4xx_it.o
 .debug_rnglists
                0x00000192       0x13 ./Core/Src/sysmem.o
 .debug_rnglists
                0x000001a5       0x1a ./Core/Src/system_stm32f4xx.o
 .debug_rnglists
                0x000001bf       0x20 ./Core/Src/usart.o
 .debug_rnglists
                0x000001df       0x19 ./Core/Startup/startup_stm32f407vgtx.o
 .debug_rnglists
                0x000001f8       0xaf ./Drivers/STM32F4xx_HAL_Driver/Src/stm32f4xx_hal.o
 .debug_rnglists
                0x000002a7       0xb5 ./Drivers/STM32F4xx_HAL_Driver/Src/stm32f4xx_hal_adc.o
 .debug_rnglists
                0x0000035c       0xe0 ./Drivers/STM32F4xx_HAL_Driver/Src/stm32f4xx_hal_cortex.o
 .debug_rnglists
                0x0000043c       0x3f ./Drivers/STM32F4xx_HAL_Driver/Src/stm32f4xx_hal_gpio.o
 .debug_rnglists
                0x0000047b       0xca ./Drivers/STM32F4xx_HAL_Driver/Src/stm32f4xx_hal_hcd.o
 .debug_rnglists
                0x00000545      0x23c ./Drivers/STM32F4xx_HAL_Driver/Src/stm32f4xx_hal_i2c.o
 .debug_rnglists
                0x00000781       0xcc ./Drivers/STM32F4xx_HAL_Driver/Src/stm32f4xx_hal_i2s.o
 .debug_rnglists
                0x0000084d       0x6a ./Drivers/STM32F4xx_HAL_Driver/Src/stm32f4xx_hal_i2s_ex.o
 .debug_rnglists
                0x000008b7       0x66 ./Drivers/STM32F4xx_HAL_Driver/Src/stm32f4xx_hal_rcc.o
 .debug_rnglists
                0x0000091d       0x35 ./Drivers/STM32F4xx_HAL_Driver/Src/stm32f4xx_hal_rcc_ex.o
 .debug_rnglists
                0x00000952      0x16f ./Drivers/STM32F4xx_HAL_Driver/Src/stm32f4xx_hal_spi.o
 .debug_rnglists
                0x00000ac1      0x1bc ./Drivers/STM32F4xx_HAL_Driver/Src/stm32f4xx_hal_uart.o
 .debug_rnglists
                0x00000c7d      0x147 ./Drivers/STM32F4xx_HAL_Driver/Src/stm32f4xx_ll_usb.o
 .debug_rnglists
                0x00000dc4       0x7e ./Middlewares/ST/STM32_USB_Host_Library/Class/CDC/Src/usbh_cdc.o
 .debug_rnglists
                0x00000e42       0x8f ./Middlewares/ST/STM32_USB_Host_Library/Core/Src/usbh_core.o
 .debug_rnglists
                0x00000ed1       0x77 ./Middlewares/ST/STM32_USB_Host_Library/Core/Src/usbh_ctlreq.o
 .debug_rnglists
                0x00000f48       0x43 ./Middlewares/ST/STM32_USB_Host_Library/Core/Src/usbh_ioreq.o
 .debug_rnglists
                0x00000f8b       0x2b ./Middlewares/ST/STM32_USB_Host_Library/Core/Src/usbh_pipes.o
 .debug_rnglists
                0x00000fb6       0x1f ./USB_HOST/App/usb_host.o
 .debug_rnglists
                0x00000fd5       0x9e ./USB_HOST/Target/usbh_conf.o
 .debug_rnglists
                0x00001073       0x13 ./USB_HOST/Target/usbh_platform.o

.debug_macro    0x00000000    0x29183
 .debug_macro   0x00000000      0x251 ./Core/Src/adc.o
 .debug_macro   0x00000251      0xad8 ./Core/Src/adc.o
 .debug_macro   0x00000d29      0x2b3 ./Core/Src/adc.o
 .debug_macro   0x00000fdc       0x2e ./Core/Src/adc.o
 .debug_macro   0x0000100a       0x2f ./Core/Src/adc.o
 .debug_macro   0x00001039       0x22 ./Core/Src/adc.o
 .debug_macro   0x0000105b       0x8e ./Core/Src/adc.o
 .debug_macro   0x000010e9       0x51 ./Core/Src/adc.o
 .debug_macro   0x0000113a      0x103 ./Core/Src/adc.o
 .debug_macro   0x0000123d       0x6a ./Core/Src/adc.o
 .debug_macro   0x000012a7      0x1df ./Core/Src/adc.o
 .debug_macro   0x00001486       0x1c ./Core/Src/adc.o
 .debug_macro   0x000014a2       0x22 ./Core/Src/adc.o
 .debug_macro   0x000014c4       0xfb ./Core/Src/adc.o
 .debug_macro   0x000015bf     0x1011 ./Core/Src/adc.o
 .debug_macro   0x000025d0      0x11f ./Core/Src/adc.o
 .debug_macro   0x000026ef    0x15e97 ./Core/Src/adc.o
 .debug_macro   0x00018586       0x6d ./Core/Src/adc.o
 .debug_macro   0x000185f3     0x369a ./Core/Src/adc.o
 .debug_macro   0x0001bc8d      0x190 ./Core/Src/adc.o
 .debug_macro   0x0001be1d       0x5c ./Core/Src/adc.o
 .debug_macro   0x0001be79      0x980 ./Core/Src/adc.o
 .debug_macro   0x0001c7f9      0x9e9 ./Core/Src/adc.o
 .debug_macro   0x0001d1e2      0x115 ./Core/Src/adc.o
 .debug_macro   0x0001d2f7      0x13e ./Core/Src/adc.o
 .debug_macro   0x0001d435       0xa5 ./Core/Src/adc.o
 .debug_macro   0x0001d4da      0x174 ./Core/Src/adc.o
 .debug_macro   0x0001d64e      0x287 ./Core/Src/adc.o
 .debug_macro   0x0001d8d5       0x5f ./Core/Src/adc.o
 .debug_macro   0x0001d934      0x236 ./Core/Src/adc.o
 .debug_macro   0x0001db6a      0xb5b ./Core/Src/adc.o
 .debug_macro   0x0001e6c5      0x38b ./Core/Src/adc.o
 .debug_macro   0x0001ea50      0x176 ./Core/Src/adc.o
 .debug_macro   0x0001ebc6       0xf9 ./Core/Src/adc.o
 .debug_macro   0x0001ecbf      0x12c ./Core/Src/adc.o
 .debug_macro   0x0001edeb      0x21e ./Core/Src/adc.o
 .debug_macro   0x0001f009       0x2e ./Core/Src/adc.o
 .debug_macro   0x0001f037      0x1b5 ./Core/Src/adc.o
 .debug_macro   0x0001f1ec       0xd6 ./Core/Src/adc.o
 .debug_macro   0x0001f2c2      0x1a7 ./Core/Src/adc.o
 .debug_macro   0x0001f469       0x46 ./Core/Src/adc.o
 .debug_macro   0x0001f4af       0x4a ./Core/Src/adc.o
 .debug_macro   0x0001f4f9      0x127 ./Core/Src/adc.o
 .debug_macro   0x0001f620       0x7e ./Core/Src/adc.o
 .debug_macro   0x0001f69e       0x89 ./Core/Src/adc.o
 .debug_macro   0x0001f727      0x225 ./Core/Src/adc.o
 .debug_macro   0x0001f94c      0x2aa ./Core/Src/adc.o
 .debug_macro   0x0001fbf6      0x293 ./Core/Src/adc.o
 .debug_macro   0x0001fe89       0x98 ./Core/Src/adc.o
 .debug_macro   0x0001ff21      0x12d ./Core/Src/adc.o
 .debug_macro   0x0002004e      0x184 ./Core/Src/adc.o
 .debug_macro   0x000201d2       0x6d ./Core/Src/fonts.o
 .debug_macro   0x0002023f      0x251 ./Core/Src/gpio.o
 .debug_macro   0x00020490      0x251 ./Core/Src/i2c.o
 .debug_macro   0x000206e1      0x251 ./Core/Src/i2s.o
 .debug_macro   0x00020932      0x3be ./Core/Src/main.o
 .debug_macro   0x00020cf0      0xbb0 ./Core/Src/main.o
 .debug_macro   0x000218a0       0x1c ./Core/Src/main.o
 .debug_macro   0x000218bc     0x1011 ./Core/Src/main.o
 .debug_macro   0x000228cd      0x197 ./Core/Src/main.o
 .debug_macro   0x00022a64       0x61 ./Core/Src/main.o
 .debug_macro   0x00022ac5       0x2a ./Core/Src/main.o
 .debug_macro   0x00022aef       0x43 ./Core/Src/main.o
 .debug_macro   0x00022b32       0x34 ./Core/Src/main.o
 .debug_macro   0x00022b66      0x38c ./Core/Src/main.o
 .debug_macro   0x00022ef2       0x16 ./Core/Src/main.o
 .debug_macro   0x00022f08       0x4a ./Core/Src/main.o
 .debug_macro   0x00022f52       0x34 ./Core/Src/main.o
 .debug_macro   0x00022f86       0x10 ./Core/Src/main.o
 .debug_macro   0x00022f96       0x58 ./Core/Src/main.o
 .debug_macro   0x00022fee       0x8e ./Core/Src/main.o
 .debug_macro   0x0002307c       0x16 ./Core/Src/main.o
 .debug_macro   0x00023092      0x185 ./Core/Src/main.o
 .debug_macro   0x00023217       0x10 ./Core/Src/main.o
 .debug_macro   0x00023227       0x3c ./Core/Src/main.o
 .debug_macro   0x00023263       0x20 ./Core/Src/main.o
 .debug_macro   0x00023283       0x1c ./Core/Src/main.o
 .debug_macro   0x0002329f       0x10 ./Core/Src/main.o
 .debug_macro   0x000232af       0x1c ./Core/Src/main.o
 .debug_macro   0x000232cb       0x16 ./Core/Src/main.o
 .debug_macro   0x000232e1      0x138 ./Core/Src/main.o
 .debug_macro   0x00023419       0x16 ./Core/Src/main.o
 .debug_macro   0x0002342f      0x1c5 ./Core/Src/main.o
 .debug_macro   0x000235f4      0x251 ./Core/Src/spi.o
 .debug_macro   0x00023845      0x350 ./Core/Src/st7735.o
 .debug_macro   0x00023b95       0x22 ./Core/Src/st7735.o
 .debug_macro   0x00023bb7       0x34 ./Core/Src/st7735.o
 .debug_macro   0x00023beb      0x370 ./Core/Src/st7735.o
 .debug_macro   0x00023f5b       0x4a ./Core/Src/st7735.o
 .debug_macro   0x00023fa5       0x1c ./Core/Src/st7735.o
 .debug_macro   0x00023fc1       0x3c ./Core/Src/st7735.o
 .debug_macro   0x00023ffd       0x3c ./Core/Src/st7735.o
 .debug_macro   0x00024039       0x16 ./Core/Src/st7735.o
 .debug_macro   0x0002404f      0x247 ./Core/Src/stm32f4xx_hal_msp.o
 .debug_macro   0x00024296      0x251 ./Core/Src/stm32f4xx_it.o
 .debug_macro   0x000244e7      0x112 ./Core/Src/sysmem.o
 .debug_macro   0x000245f9      0x23c ./Core/Src/sysmem.o
 .debug_macro   0x00024835      0x238 ./Core/Src/system_stm32f4xx.o
 .debug_macro   0x00024a6d      0x251 ./Core/Src/usart.o
 .debug_macro   0x00024cbe      0x298 ./Drivers/STM32F4xx_HAL_Driver/Src/stm32f4xx_hal.o
 .debug_macro   0x00024f56      0x239 ./Drivers/STM32F4xx_HAL_Driver/Src/stm32f4xx_hal_adc.o
 .debug_macro   0x0002518f      0x238 ./Drivers/STM32F4xx_HAL_Driver/Src/stm32f4xx_hal_cortex.o
 .debug_macro   0x000253c7      0x23e ./Drivers/STM32F4xx_HAL_Driver/Src/stm32f4xx_hal_gpio.o
 .debug_macro   0x00025605      0x238 ./Drivers/STM32F4xx_HAL_Driver/Src/stm32f4xx_hal_hcd.o
 .debug_macro   0x0002583d      0x286 ./Drivers/STM32F4xx_HAL_Driver/Src/stm32f4xx_hal_i2c.o
 .debug_macro   0x00025ac3      0x240 ./Drivers/STM32F4xx_HAL_Driver/Src/stm32f4xx_hal_i2s.o
 .debug_macro   0x00025d03      0x238 ./Drivers/STM32F4xx_HAL_Driver/Src/stm32f4xx_hal_i2s_ex.o
 .debug_macro   0x00025f3b      0x25c ./Drivers/STM32F4xx_HAL_Driver/Src/stm32f4xx_hal_rcc.o
 .debug_macro   0x00026197      0x238 ./Drivers/STM32F4xx_HAL_Driver/Src/stm32f4xx_hal_rcc_ex.o
 .debug_macro   0x000263cf      0x247 ./Drivers/STM32F4xx_HAL_Driver/Src/stm32f4xx_hal_spi.o
 .debug_macro   0x00026616      0x239 ./Drivers/STM32F4xx_HAL_Driver/Src/stm32f4xx_hal_uart.o
 .debug_macro   0x0002684f      0x238 ./Drivers/STM32F4xx_HAL_Driver/Src/stm32f4xx_ll_usb.o
 .debug_macro   0x00026a87      0x3df ./Middlewares/ST/STM32_USB_Host_Library/Class/CDC/Src/usbh_cdc.o
 .debug_macro   0x00026e66       0x16 ./Middlewares/ST/STM32_USB_Host_Library/Class/CDC/Src/usbh_cdc.o
 .debug_macro   0x00026e7c       0x9e ./Middlewares/ST/STM32_USB_Host_Library/Class/CDC/Src/usbh_cdc.o
 .debug_macro   0x00026f1a      0x112 ./Middlewares/ST/STM32_USB_Host_Library/Class/CDC/Src/usbh_cdc.o
 .debug_macro   0x0002702c       0x16 ./Middlewares/ST/STM32_USB_Host_Library/Class/CDC/Src/usbh_cdc.o
 .debug_macro   0x00027042       0x56 ./Middlewares/ST/STM32_USB_Host_Library/Class/CDC/Src/usbh_cdc.o
 .debug_macro   0x00027098       0x73 ./Middlewares/ST/STM32_USB_Host_Library/Class/CDC/Src/usbh_cdc.o
 .debug_macro   0x0002710b      0x233 ./Middlewares/ST/STM32_USB_Host_Library/Class/CDC/Src/usbh_cdc.o
 .debug_macro   0x0002733e       0x2e ./Middlewares/ST/STM32_USB_Host_Library/Class/CDC/Src/usbh_cdc.o
 .debug_macro   0x0002736c       0x2e ./Middlewares/ST/STM32_USB_Host_Library/Class/CDC/Src/usbh_cdc.o
 .debug_macro   0x0002739a       0x28 ./Middlewares/ST/STM32_USB_Host_Library/Class/CDC/Src/usbh_cdc.o