Archive member included to satisfy reference by file (symbol)

/Applications/STM32CubeIDE.app/Contents/Eclipse/plugins/com.st.stm32cube.ide.mcu.externaltools.gnu-tools-for-stm32.13.3.rel1.macos64_1.0.0.202411102158/tools/bin/../lib/gcc/arm-none-eabi/13.3.1/../../../../arm-none-eabi/lib/thumb/v7e-m+fp/hard/libc_nano.a(libc_a-exit.o)
                              /Applications/STM32CubeIDE.app/Contents/Eclipse/plugins/com.st.stm32cube.ide.mcu.externaltools.gnu-tools-for-stm32.13.3.rel1.macos64_1.0.0.202411102158/tools/bin/../lib/gcc/arm-none-eabi/13.3.1/../../../../arm-none-eabi/lib/thumb/v7e-m+fp/hard/crt0.o (exit)
/Applications/STM32CubeIDE.app/Contents/Eclipse/plugins/com.st.stm32cube.ide.mcu.externaltools.gnu-tools-for-stm32.13.3.rel1.macos64_1.0.0.202411102158/tools/bin/../lib/gcc/arm-none-eabi/13.3.1/../../../../arm-none-eabi/lib/thumb/v7e-m+fp/hard/libc_nano.a(libc_a-malloc.o)
                              ./Core/Src/st7735.o (malloc)
/Applications/STM32CubeIDE.app/Contents/Eclipse/plugins/com.st.stm32cube.ide.mcu.externaltools.gnu-tools-for-stm32.13.3.rel1.macos64_1.0.0.202411102158/tools/bin/../lib/gcc/arm-none-eabi/13.3.1/../../../../arm-none-eabi/lib/thumb/v7e-m+fp/hard/libc_nano.a(libc_a-mallocr.o)
                              /Applications/STM32CubeIDE.app/Contents/Eclipse/plugins/com.st.stm32cube.ide.mcu.externaltools.gnu-tools-for-stm32.13.3.rel1.macos64_1.0.0.202411102158/tools/bin/../lib/gcc/arm-none-eabi/13.3.1/../../../../arm-none-eabi/lib/thumb/v7e-m+fp/hard/libc_nano.a(libc_a-malloc.o) (_malloc_r)
/Applications/STM32CubeIDE.app/Contents/Eclipse/plugins/com.st.stm32cube.ide.mcu.externaltools.gnu-tools-for-stm32.13.3.rel1.macos64_1.0.0.202411102158/tools/bin/../lib/gcc/arm-none-eabi/13.3.1/../../../../arm-none-eabi/lib/thumb/v7e-m+fp/hard/libc_nano.a(libc_a-mlock.o)
                              /Applications/STM32CubeIDE.app/Contents/Eclipse/plugins/com.st.stm32cube.ide.mcu.externaltools.gnu-tools-for-stm32.13.3.rel1.macos64_1.0.0.202411102158/tools/bin/../lib/gcc/arm-none-eabi/13.3.1/../../../../arm-none-eabi/lib/thumb/v7e-m+fp/hard/libc_nano.a(libc_a-mallocr.o) (__malloc_lock)
/Applications/STM32CubeIDE.app/Contents/Eclipse/plugins/com.st.stm32cube.ide.mcu.externaltools.gnu-tools-for-stm32.13.3.rel1.macos64_1.0.0.202411102158/tools/bin/../lib/gcc/arm-none-eabi/13.3.1/../../../../arm-none-eabi/lib/thumb/v7e-m+fp/hard/libc_nano.a(libc_a-findfp.o)
                              /Applications/STM32CubeIDE.app/Contents/Eclipse/plugins/com.st.stm32cube.ide.mcu.externaltools.gnu-tools-for-stm32.13.3.rel1.macos64_1.0.0.202411102158/tools/bin/../lib/gcc/arm-none-eabi/13.3.1/../../../../arm-none-eabi/lib/thumb/v7e-m+fp/hard/libc_nano.a(libc_a-exit.o) (__stdio_exit_handler)
/Applications/STM32CubeIDE.app/Contents/Eclipse/plugins/com.st.stm32cube.ide.mcu.externaltools.gnu-tools-for-stm32.13.3.rel1.macos64_1.0.0.202411102158/tools/bin/../lib/gcc/arm-none-eabi/13.3.1/../../../../arm-none-eabi/lib/thumb/v7e-m+fp/hard/libc_nano.a(libc_a-fwalk.o)
                              /Applications/STM32CubeIDE.app/Contents/Eclipse/plugins/com.st.stm32cube.ide.mcu.externaltools.gnu-tools-for-stm32.13.3.rel1.macos64_1.0.0.202411102158/tools/bin/../lib/gcc/arm-none-eabi/13.3.1/../../../../arm-none-eabi/lib/thumb/v7e-m+fp/hard/libc_nano.a(libc_a-findfp.o) (_fwalk_sglue)
/Applications/STM32CubeIDE.app/Contents/Eclipse/plugins/com.st.stm32cube.ide.mcu.externaltools.gnu-tools-for-stm32.13.3.rel1.macos64_1.0.0.202411102158/tools/bin/../lib/gcc/arm-none-eabi/13.3.1/../../../../arm-none-eabi/lib/thumb/v7e-m+fp/hard/libc_nano.a(libc_a-memset.o)
                              /Applications/STM32CubeIDE.app/Contents/Eclipse/plugins/com.st.stm32cube.ide.mcu.externaltools.gnu-tools-for-stm32.13.3.rel1.macos64_1.0.0.202411102158/tools/bin/../lib/gcc/arm-none-eabi/13.3.1/../../../../arm-none-eabi/lib/thumb/v7e-m+fp/hard/crt0.o (memset)
/Applications/STM32CubeIDE.app/Contents/Eclipse/plugins/com.st.stm32cube.ide.mcu.externaltools.gnu-tools-for-stm32.13.3.rel1.macos64_1.0.0.202411102158/tools/bin/../lib/gcc/arm-none-eabi/13.3.1/../../../../arm-none-eabi/lib/thumb/v7e-m+fp/hard/libc_nano.a(libc_a-sbrkr.o)
                              /Applications/STM32CubeIDE.app/Contents/Eclipse/plugins/com.st.stm32cube.ide.mcu.externaltools.gnu-tools-for-stm32.13.3.rel1.macos64_1.0.0.202411102158/tools/bin/../lib/gcc/arm-none-eabi/13.3.1/../../../../arm-none-eabi/lib/thumb/v7e-m+fp/hard/libc_nano.a(libc_a-mallocr.o) (_sbrk_r)
/Applications/STM32CubeIDE.app/Contents/Eclipse/plugins/com.st.stm32cube.ide.mcu.externaltools.gnu-tools-for-stm32.13.3.rel1.macos64_1.0.0.202411102158/tools/bin/../lib/gcc/arm-none-eabi/13.3.1/../../../../arm-none-eabi/lib/thumb/v7e-m+fp/hard/libc_nano.a(libc_a-errno.o)
                              ./Core/Src/syscalls.o (__errno)
[...]
Memory Configuration

Name             Origin             Length             Attributes
CCMRAM           0x10000000         0x00010000         xrw
RAM              0x20000000         0x00020000         xrw
FLASH            0x08000000         0x00100000         xr
*default*        0x00000000         0xffffffff

Linker script and memory map

LOAD /Applications/STM32CubeIDE.app/Contents/Eclipse/plugins/com.st.stm32cube.ide.mcu.externaltools.gnu-tools-for-stm32.13.3.rel1.macos64_1.0.0.202411102158/tools/bin/../lib/gcc/arm-none-eabi/13.3.1/thumb/v7e-m+fp/hard/crti.o
LOAD /Applications/STM32CubeIDE.app/Contents/Eclipse/plugins/com.st.stm32cube.ide.mcu.externaltools.gnu-tools-for-stm32.13.3.rel1.macos64_1.0.0.202411102158/tools/bin/../lib/gcc/arm-none-eabi/13.3.1/thumb/v7e-m+fp/hard/crtbegin.o
LOAD /Applications/STM32CubeIDE.app/Contents/Eclipse/plugins/com.st.stm32cube.ide.mcu.externaltools.gnu-tools-for-stm32.13.3.rel1.macos64_1.0.0.202411102158/tools/bin/../lib/gcc/arm-none-eabi/13.3.1/../../../../arm-none-eabi/lib/thumb/v7e-m+fp/hard/crt0.o
LOAD ./Core/Src/fonts.o
LOAD ./Core/Src/gpio.o
LOAD ./Core/Src/i2c.o
LOAD ./Core/Src/i2s.o
LOAD ./Core/Src/main.o
LOAD ./Core/Src/spi.o
LOAD ./Core/Src/st7735.o
LOAD ./Core/Src/stm32f4xx_hal_msp.o
LOAD ./Core/Src/stm32f4xx_it.o
LOAD ./Core/Src/syscalls.o
LOAD ./Core/Src/sysmem.o
LOAD ./Core/Src/system_stm32f4xx.o
LOAD ./Core/Src/usart.o
LOAD ./Core/Startup/startup_stm32f407vgtx.o
LOAD ./Drivers/STM32F4xx_HAL_Driver/Src/stm32f4xx_hal.o
LOAD ./Drivers/STM32F4xx_HAL_Driver/Src/stm32f4xx_hal_cortex.o
LOAD ./Drivers/STM32F4xx_HAL_Driver/Src/stm32f4xx_hal_dma.o
LOAD ./Drivers/STM32F4xx_HAL_Driver/Src/stm32f4xx_hal_dma_ex.o
LOAD ./Drivers/STM32F4xx_HAL_Driver/Src/stm32f4xx_hal_exti.o
LOAD ./Drivers/STM32F4xx_HAL_Driver/Src/stm32f4xx_hal_flash.o
LOAD ./Drivers/STM32F4xx_HAL_Driver/Src/stm32f4xx_hal_flash_ex.o
LOAD ./Drivers/STM32F4xx_HAL_Driver/Src/stm32f4xx_hal_flash_ramfunc.o
LOAD ./Drivers/STM32F4xx_HAL_Driver/Src/stm32f4xx_hal_gpio.o
LOAD ./Drivers/STM32F4xx_HAL_Driver/Src/stm32f4xx_hal_hcd.o
LOAD ./Drivers/STM32F4xx_HAL_Driver/Src/stm32f4xx_hal_i2c.o
LOAD ./Drivers/STM32F4xx_HAL_Driver/Src/stm32f4xx_hal_i2c_ex.o
LOAD ./Drivers/STM32F4xx_HAL_Driver/Src/stm32f4xx_hal_i2s.o
LOAD ./Drivers/STM32F4xx_HAL_Driver/Src/stm32f4xx_hal_i2s_ex.o
LOAD ./Drivers/STM32F4xx_HAL_Driver/Src/stm32f4xx_hal_pwr.o
LOAD ./Drivers/STM32F4xx_HAL_Driver/Src/stm32f4xx_hal_pwr_ex.o
LOAD ./Drivers/STM32F4xx_HAL_Driver/Src/stm32f4xx_hal_rcc.o
LOAD ./Drivers/STM32F4xx_HAL_Driver/Src/stm32f4xx_hal_rcc_ex.o
LOAD ./Drivers/STM32F4xx_HAL_Driver/Src/stm32f4xx_hal_spi.o
LOAD ./Drivers/STM32F4xx_HAL_Driver/Src/stm32f4xx_hal_uart.o
LOAD ./Drivers/STM32F4xx_HAL_Driver/Src/stm32f4xx_ll_usb.o
LOAD ./Middlewares/ST/STM32_USB_Host_Library/Class/CDC/Src/usbh_cdc.o
LOAD ./Middlewares/ST/STM32_USB_Host_Library/Core/Src/usbh_core.o
LOAD ./Middlewares/ST/STM32_USB_Host_Library/Core/Src/usbh_ctlreq.o
LOAD ./Middlewares/ST/STM32_USB_Host_Library/Core/Src/usbh_ioreq.o
LOAD ./Middlewares/ST/STM32_USB_Host_Library/Core/Src/usbh_pipes.o
LOAD ./USB_HOST/App/usb_host.o
LOAD ./USB_HOST/Target/usbh_conf.o
LOAD ./USB_HOST/Target/usbh_platform.o
START GROUP
LOAD /Applications/STM32CubeIDE.app/Contents/Eclipse/plugins/com.st.stm32cube.ide.mcu.externaltools.gnu-tools-for-stm32.13.3.rel1.macos64_1.0.0.202411102158/tools/bin/../lib/gcc/arm-none-eabi/13.3.1/../../../../arm-none-eabi/lib/thumb/v7e-m+fp/hard/libc_nano.a
LOAD /Applications/STM32CubeIDE.app/Contents/Eclipse/plugins/com.st.stm32cube.ide.mcu.externaltools.gnu-tools-for-stm32.13.3.rel1.macos64_1.0.0.202411102158/tools/bin/../lib/gcc/arm-none-eabi/13.3.1/../../../../arm-none-eabi/lib/thumb/v7e-m+fp/hard/libm.a
END GROUP
START GROUP
LOAD /Applications/STM32CubeIDE.app/Contents/Eclipse/plugins/com.st.stm32cube.ide.mcu.externaltools.gnu-tools-for-stm32.13.3.rel1.macos64_1.0.0.202411102158/tools/bin/../lib/gcc/arm-none-eabi/13.3.1/thumb/v7e-m+fp/hard/libgcc.a
LOAD /Applications/STM32CubeIDE.app/Contents/Eclipse/plugins/com.st.stm32cube.ide.mcu.externaltools.gnu-tools-for-stm32.13.3.rel1.macos64_1.0.0.202411102158/tools/bin/../lib/gcc/arm-none-eabi/13.3.1/../../../../arm-none-eabi/lib/thumb/v7e-m+fp/hard/libc_nano.a
END GROUP
START GROUP
LOAD /Applications/STM32CubeIDE.app/Contents/Eclipse/plugins/com.st.stm32cube.ide.mcu.externaltools.gnu-tools-for-stm32.13.3.rel1.macos64_1.0.0.202411102158/tools/bin/../lib/gcc/arm-none-eabi/13.3.1/thumb/v7e-m+fp/hard/libgcc.a
LOAD /Applications/STM32CubeIDE.app/Contents/Eclipse/plugins/com.st.stm32cube.ide.mcu.externaltools.gnu-tools-for-stm32.13.3.rel1.macos64_1.0.0.202411102158/tools/bin/../lib/gcc/arm-none-eabi/13.3.1/../../../../arm-none-eabi/lib/thumb/v7e-m+fp/hard/libc_nano.a
LOAD /Applications/STM32CubeIDE.app/Contents/Eclipse/plugins/com.st.stm32cube.ide.mcu.externaltools.gnu-tools-for-stm32.13.3.rel1.macos64_1.0.0.202411102158/tools/bin/../lib/gcc/arm-none-eabi/13.3.1/../../../../arm-none-eabi/lib/thumb/v7e-m+fp/hard/libnosys.a
END GROUP
START GROUP
LOAD /Applications/STM32CubeIDE.app/Contents/Eclipse/plugins/com.st.stm32cube.ide.mcu.externaltools.gnu-tools-for-stm32.13.3.rel1.macos64_1.0.0.202411102158/tools/bin/../lib/gcc/arm-none-eabi/13.3.1/thumb/v7e-m+fp/hard/libgcc.a
LOAD /Applications/STM32CubeIDE.app/Contents/Eclipse/plugins/com.st.stm32cube.ide.mcu.externaltools.gnu-tools-for-stm32.13.3.rel1.macos64_1.0.0.202411102158/tools/bin/../lib/gcc/arm-none-eabi/13.3.1/../../../../arm-none-eabi/lib/thumb/v7e-m+fp/hard/libc_nano.a
LOAD /Applications/STM32CubeIDE.app/Contents/Eclipse/plugins/com.st.stm32cube.ide.mcu.externaltools.gnu-tools-for-stm32.13.3.rel1.macos64_1.0.0.202411102158/tools/bin/../lib/gcc/arm-none-eabi/13.3.1/../../../../arm-none-eabi/lib/thumb/v7e-m+fp/hard/libnosys.a
END GROUP
LOAD /Applications/STM32CubeIDE.app/Contents/Eclipse/plugins/com.st.stm32cube.ide.mcu.externaltools.gnu-tools-for-stm32.13.3.rel1.macos64_1.0.0.202411102158/tools/bin/../lib/gcc/arm-none-eabi/13.3.1/thumb/v7e-m+fp/hard/crtend.o
LOAD /Applications/STM32CubeIDE.app/Contents/Eclipse/plugins/com.st.stm32cube.ide.mcu.externaltools.gnu-tools-for-stm32.13.3.rel1.macos64_1.0.0.202411102158/tools/bin/../lib/gcc/arm-none-eabi/13.3.1/thumb/v7e-m+fp/hard/crtn.o
                0x20020000                        _estack = (ORIGIN (RAM) + LENGTH (RAM))
                0x00000200                        _Min_Heap_Size = 0x200
                0x00000400                        _Min_Stack_Size = 0x400

.isr_vector     0x08000000      0x188
                0x08000000                        . = ALIGN (0x4)
 *(.isr_vector)
 .isr_vector    0x08000000      0x188 ./Core/Startup/startup_stm32f407vgtx.o
                0x08000000                g_pfnVectors
                0x08000188                        . = ALIGN (0x4)

.text           0x08000188     0x9b70
                0x08000188                        . = ALIGN (0x4)
 *(.text)
 .text          0x08000188       0x40 /Applications/STM32CubeIDE.app/Contents/Eclipse/plugins/com.st.stm32cube.ide.mcu.externaltools.gnu-tools-for-stm32.13.3.rel1.macos64_1.0.0.202411102158/tools/bin/../lib/gcc/arm-none-eabi/13.3.1/thumb/v7e-m+fp/hard/crtbegin.o
 .text          0x080001c8       0x30 /Applications/STM32CubeIDE.app/Contents/Eclipse/plugins/com.st.stm32cube.ide.mcu.externaltools.gnu-tools-for-stm32.13.3.rel1.macos64_1.0.0.202411102158/tools/bin/../lib/gcc/arm-none-eabi/13.3.1/thumb/v7e-m+fp/hard/libgcc.a(_aeabi_uldivmod.o)
                0x080001c8                __aeabi_uldivmod
 .text          0x080001f8      0x2f8 /Applications/STM32CubeIDE.app/Contents/Eclipse/plugins/com.st.stm32cube.ide.mcu.externaltools.gnu-tools-for-stm32.13.3.rel1.macos64_1.0.0.202411102158/tools/bin/../lib/gcc/arm-none-eabi/13.3.1/thumb/v7e-m+fp/hard/libgcc.a(_udivmoddi4.o)
                0x080001f8                __udivmoddi4
 .text          0x080004f0        0x4 /Applications/STM32CubeIDE.app/Contents/Eclipse/plugins/com.st.stm32cube.ide.mcu.externaltools.gnu-tools-for-stm32.13.3.rel1.macos64_1.0.0.202411102158/tools/bin/../lib/gcc/arm-none-eabi/13.3.1/thumb/v7e-m+fp/hard/libgcc.a(_dvmd_tls.o)
                0x080004f0                __aeabi_ldiv0
                0x080004f0                __aeabi_idiv0
 *(.text*)
 .text.MX_GPIO_Init
                0x080004f4      0x208 ./Core/Src/gpio.o
                0x080004f4                MX_GPIO_Init
 .text.MX_I2C1_Init
                0x080006fc       0x5c ./Core/Src/i2c.o
                0x080006fc                MX_I2C1_Init
 .text.HAL_I2C_MspInit
                0x08000758       0x90 ./Core/Src/i2c.o
                0x08000758                HAL_I2C_MspInit
 .text.MX_I2S3_Init
                0x080007e8       0x60 ./Core/Src/i2s.o
                0x080007e8                MX_I2S3_Init
 .text.HAL_I2S_MspInit
                0x08000848      0x100 ./Core/Src/i2s.o
                0x08000848                HAL_I2S_MspInit
 .text.main     0x08000948       0x80 ./Core/Src/main.o
                0x08000948                main
 .text.SystemClock_Config
                0x080009c8       0xd4 ./Core/Src/main.o
                0x080009c8                SystemClock_Config
 .text.Error_Handler
                0x08000a9c        0xc ./Core/Src/main.o
                0x08000a9c                Error_Handler
 .text.MX_SPI1_Init
                0x08000aa8       0x70 ./Core/Src/spi.o
                0x08000aa8                MX_SPI1_Init
 .text.HAL_SPI_MspInit
                0x08000b18       0x90 ./Core/Src/spi.o
                0x08000b18                HAL_SPI_MspInit
 .text.ST7735_Select
                0x08000ba8       0x18 ./Core/Src/st7735.o
 .text.ST7735_Unselect
                0x08000bc0       0x18 ./Core/Src/st7735.o
                0x08000bc0                ST7735_Unselect
 .text.ST7735_WriteCommand
                0x08000bd8       0x34 ./Core/Src/st7735.o
 .text.ST7735_WriteData
                0x08000c0c       0x34 ./Core/Src/st7735.o
 .text.ST7735_SetAddressWindow
                0x08000c40       0x68 ./Core/Src/st7735.o
 .text.ST7735_Init
                0x08000ca8       0x8c ./Core/Src/st7735.o
                0x08000ca8                ST7735_Init
 .text.ST7735_WriteChar
                0x08000d34       0xee ./Core/Src/st7735.o
 .text.ST7735_WriteString
                0x08000e22       0x94 ./Core/Src/st7735.o
                0x08000e22                ST7735_WriteString
 *fill*         0x08000eb6        0x2 
 .text.ST7735_FillRectangle
                0x08000eb8       0xe4 ./Core/Src/st7735.o
                0x08000eb8                ST7735_FillRectangle
 .text.ST7735_FillScreen
                0x08000f9c       0x22 ./Core/Src/st7735.o
                0x08000f9c                ST7735_FillScreen
 *fill*         0x08000fbe        0x2 
 .text.HAL_MspInit
                0x08000fc0       0x50 ./Core/Src/stm32f4xx_hal_msp.o
                0x08000fc0                HAL_MspInit
 .text.NMI_Handler
                0x08001010        0x8 ./Core/Src/stm32f4xx_it.o
                0x08001010                NMI_Handler
 .text.HardFault_Handler
                0x08001018        0x8 ./Core/Src/stm32f4xx_it.o
                0x08001018                HardFault_Handler
 .text.MemManage_Handler
                0x08001020        0x8 ./Core/Src/stm32f4xx_it.o
                0x08001020                MemManage_Handler
 .text.BusFault_Handler
                0x08001028        0x8 ./Core/Src/stm32f4xx_it.o
                0x08001028                BusFault_Handler
 .text.UsageFault_Handler
                0x08001030        0x8 ./Core/Src/stm32f4xx_it.o
                0x08001030                UsageFault_Handler
 .text.SVC_Handler
                0x08001038        0xe ./Core/Src/stm32f4xx_it.o
                0x08001038                SVC_Handler
 .text.DebugMon_Handler
                0x08001046        0xe ./Core/Src/stm32f4xx_it.o
                0x08001046                DebugMon_Handler
 .text.PendSV_Handler
                0x08001054        0xe ./Core/Src/stm32f4xx_it.o
                0x08001054                PendSV_Handler
 .text.SysTick_Handler
                0x08001062        0xc ./Core/Src/stm32f4xx_it.o
                0x08001062                SysTick_Handler
 *fill*         0x0800106e        0x2 
 .text.OTG_FS_IRQHandler
                0x08001070       0x14 ./Core/Src/stm32f4xx_it.o
                0x08001070                OTG_FS_IRQHandler
 .text._sbrk    0x08001084       0x6c ./Core/Src/sysmem.o
                0x08001084                _sbrk
 .text.SystemInit
                0x080010f0       0x24 ./Core/Src/system_stm32f4xx.o
                0x080010f0                SystemInit
 .text.MX_USART2_UART_Init
                0x08001114       0x54 ./Core/Src/usart.o
                0x08001114                MX_USART2_UART_Init
 .text.HAL_UART_MspInit
                0x08001168       0x90 ./Core/Src/usart.o
                0x08001168                HAL_UART_MspInit
 .text.Reset_Handler
                0x080011f8       0x50 ./Core/Startup/startup_stm32f407vgtx.o
                0x080011f8                Reset_Handler
 .text.Default_Handler
                0x08001248        0x2 ./Core/Startup/startup_stm32f407vgtx.o
                0x08001248                DMA1_Stream3_IRQHandler
                0x08001248                HASH_RNG_IRQHandler
                0x08001248                EXTI2_IRQHandler
                0x08001248                TIM8_CC_IRQHandler
                0x08001248                TIM1_CC_IRQHandler
                0x08001248                DMA2_Stream5_IRQHandler
                0x08001248                DMA1_Stream5_IRQHandler
                0x08001248                PVD_IRQHandler
                0x08001248                SDIO_IRQHandler
                0x08001248                TAMP_STAMP_IRQHandler
                0x08001248                CAN2_RX1_IRQHandler
                0x08001248                EXTI3_IRQHandler
                0x08001248                TIM8_TRG_COM_TIM14_IRQHandler
                0x08001248                TIM1_UP_TIM10_IRQHandler
                0x08001248                TIM8_UP_TIM13_IRQHandler
                0x08001248                I2C3_ER_IRQHandler
                0x08001248                EXTI0_IRQHandler
                0x08001248                I2C2_EV_IRQHandler
                0x08001248                DMA1_Stream2_IRQHandler
                0x08001248                CAN1_RX0_IRQHandler
                0x08001248                FPU_IRQHandler
                0x08001248                OTG_HS_WKUP_IRQHandler
                0x08001248                CAN2_SCE_IRQHandler
                0x08001248                DMA2_Stream2_IRQHandler
                0x08001248                SPI1_IRQHandler
                0x08001248                TIM6_DAC_IRQHandler
                0x08001248                TIM1_BRK_TIM9_IRQHandler
                0x08001248                DCMI_IRQHandler
                0x08001248                CAN2_RX0_IRQHandler
                0x08001248                DMA2_Stream3_IRQHandler
                0x08001248                USART6_IRQHandler
                0x08001248                USART3_IRQHandler
                0x08001248                CAN1_RX1_IRQHandler
                0x08001248                UART5_IRQHandler
                0x08001248                DMA2_Stream0_IRQHandler
                0x08001248                TIM4_IRQHandler
                0x08001248                I2C1_EV_IRQHandler
                0x08001248                DMA1_Stream6_IRQHandler
                0x08001248                DMA1_Stream1_IRQHandler
                0x08001248                UART4_IRQHandler
                0x08001248                TIM3_IRQHandler
                0x08001248                RCC_IRQHandler
                0x08001248                TIM8_BRK_TIM12_IRQHandler
                0x08001248                Default_Handler
                0x08001248                EXTI15_10_IRQHandler
                0x08001248                ADC_IRQHandler
                0x08001248                DMA1_Stream7_IRQHandler
                0x08001248                TIM7_IRQHandler
                0x08001248                CAN2_TX_IRQHandler
                0x08001248                TIM5_IRQHandler
                0x08001248                DMA2_Stream7_IRQHandler
                0x08001248                I2C3_EV_IRQHandler
                0x08001248                EXTI9_5_IRQHandler
                0x08001248                RTC_WKUP_IRQHandler
                0x08001248                ETH_WKUP_IRQHandler
                0x08001248                SPI2_IRQHandler
                0x08001248                OTG_HS_EP1_IN_IRQHandler
                0x08001248                DMA1_Stream0_IRQHandler
                0x08001248                CAN1_TX_IRQHandler
                0x08001248                EXTI4_IRQHandler
                0x08001248                FSMC_IRQHandler
                0x08001248                ETH_IRQHandler
                0x08001248                OTG_HS_EP1_OUT_IRQHandler
                0x08001248                WWDG_IRQHandler
                0x08001248                TIM2_IRQHandler
                0x08001248                OTG_FS_WKUP_IRQHandler
                0x08001248                TIM1_TRG_COM_TIM11_IRQHandler
                0x08001248                OTG_HS_IRQHandler
                0x08001248                EXTI1_IRQHandler
                0x08001248                USART2_IRQHandler
                0x08001248                I2C2_ER_IRQHandler
                0x08001248                DMA2_Stream1_IRQHandler
                0x08001248                CAN1_SCE_IRQHandler
                0x08001248                FLASH_IRQHandler
                0x08001248                DMA2_Stream4_IRQHandler
                0x08001248                USART1_IRQHandler
                0x08001248                SPI3_IRQHandler
                0x08001248                DMA1_Stream4_IRQHandler
                0x08001248                I2C1_ER_IRQHandler
                0x08001248                DMA2_Stream6_IRQHandler
                0x08001248                RTC_Alarm_IRQHandler
 *fill*         0x0800124a        0x2 
 .text.HAL_Init
                0x0800124c       0x44 ./Drivers/STM32F4xx_HAL_Driver/Src/stm32f4xx_hal.o
                0x0800124c                HAL_Init
 .text.HAL_InitTick
                0x08001290       0x60 ./Drivers/STM32F4xx_HAL_Driver/Src/stm32f4xx_hal.o
                0x08001290                HAL_InitTick
 .text.HAL_IncTick
                0x080012f0       0x28 ./Drivers/STM32F4xx_HAL_Driver/Src/stm32f4xx_hal.o
                0x080012f0                HAL_IncTick
 .text.HAL_GetTick
                0x08001318       0x18 ./Drivers/STM32F4xx_HAL_Driver/Src/stm32f4xx_hal.o
                0x08001318                HAL_GetTick
 .text.HAL_Delay
                0x08001330       0x48 ./Drivers/STM32F4xx_HAL_Driver/Src/stm32f4xx_hal.o
                0x08001330                HAL_Delay
 .text.__NVIC_SetPriorityGrouping
                0x08001378       0x48 ./Drivers/STM32F4xx_HAL_Driver/Src/stm32f4xx_hal_cortex.o
 .text.__NVIC_GetPriorityGrouping
                0x080013c0       0x1c ./Drivers/STM32F4xx_HAL_Driver/Src/stm32f4xx_hal_cortex.o
 .text.__NVIC_EnableIRQ
                0x080013dc       0x3c ./Drivers/STM32F4xx_HAL_Driver/Src/stm32f4xx_hal_cortex.o
 .text.__NVIC_SetPriority
                0x08001418       0x54 ./Drivers/STM32F4xx_HAL_Driver/Src/stm32f4xx_hal_cortex.o
 .text.NVIC_EncodePriority
                0x0800146c       0x66 ./Drivers/STM32F4xx_HAL_Driver/Src/stm32f4xx_hal_cortex.o
 *fill*         0x080014d2        0x2 
 .text.SysTick_Config
                0x080014d4       0x44 ./Drivers/STM32F4xx_HAL_Driver/Src/stm32f4xx_hal_cortex.o
 .text.HAL_NVIC_SetPriorityGrouping
                0x08001518       0x16 ./Drivers/STM32F4xx_HAL_Driver/Src/stm32f4xx_hal_cortex.o
                0x08001518                HAL_NVIC_SetPriorityGrouping
 .text.HAL_NVIC_SetPriority
                0x0800152e       0x38 ./Drivers/STM32F4xx_HAL_Driver/Src/stm32f4xx_hal_cortex.o
                0x0800152e                HAL_NVIC_SetPriority
 .text.HAL_NVIC_EnableIRQ
                0x08001566       0x1c ./Drivers/STM32F4xx_HAL_Driver/Src/stm32f4xx_hal_cortex.o
                0x08001566                HAL_NVIC_EnableIRQ
 .text.HAL_SYSTICK_Config
                0x08001582       0x18 ./Drivers/STM32F4xx_HAL_Driver/Src/stm32f4xx_hal_cortex.o
                0x08001582                HAL_SYSTICK_Config
 *fill*         0x0800159a        0x2 
 .text.HAL_GPIO_Init
                0x0800159c      0x338 ./Drivers/STM32F4xx_HAL_Driver/Src/stm32f4xx_hal_gpio.o
                0x0800159c                HAL_GPIO_Init
 .text.HAL_GPIO_WritePin
                0x080018d4       0x32 ./Drivers/STM32F4xx_HAL_Driver/Src/stm32f4xx_hal_gpio.o
                0x080018d4                HAL_GPIO_WritePin
 .text.HAL_HCD_Init
                0x08001906       0xce ./Drivers/STM32F4xx_HAL_Driver/Src/stm32f4xx_hal_hcd.o
                0x08001906                HAL_HCD_Init
 .text.HAL_HCD_HC_Init
                0x080019d4      0x170 ./Drivers/STM32F4xx_HAL_Driver/Src/stm32f4xx_hal_hcd.o
                0x080019d4                HAL_HCD_HC_Init
 .text.HAL_HCD_HC_Halt
                0x08001b44       0x46 ./Drivers/STM32F4xx_HAL_Driver/Src/stm32f4xx_hal_hcd.o
                0x08001b44                HAL_HCD_HC_Halt
 *fill*         0x08001b8a        0x2 
 .text.HAL_HCD_HC_SubmitRequest
                0x08001b8c      0x33c ./Drivers/STM32F4xx_HAL_Driver/Src/stm32f4xx_hal_hcd.o
                0x08001b8c                HAL_HCD_HC_SubmitRequest
 .text.HAL_HCD_IRQHandler
                0x08001ec8      0x220 ./Drivers/STM32F4xx_HAL_Driver/Src/stm32f4xx_hal_hcd.o
                0x08001ec8                HAL_HCD_IRQHandler
 .text.HAL_HCD_Start
                0x080020e8       0x46 ./Drivers/STM32F4xx_HAL_Driver/Src/stm32f4xx_hal_hcd.o
                0x080020e8                HAL_HCD_Start
 .text.HAL_HCD_Stop
                0x0800212e       0x3a ./Drivers/STM32F4xx_HAL_Driver/Src/stm32f4xx_hal_hcd.o
                0x0800212e                HAL_HCD_Stop
 .text.HAL_HCD_ResetPort
                0x08002168       0x1c ./Drivers/STM32F4xx_HAL_Driver/Src/stm32f4xx_hal_hcd.o
                0x08002168                HAL_HCD_ResetPort
 .text.HAL_HCD_HC_GetURBState
                0x08002184       0x2a ./Drivers/STM32F4xx_HAL_Driver/Src/stm32f4xx_hal_hcd.o
                0x08002184                HAL_HCD_HC_GetURBState
 .text.HAL_HCD_HC_GetXferCount
                0x080021ae       0x2a ./Drivers/STM32F4xx_HAL_Driver/Src/stm32f4xx_hal_hcd.o
                0x080021ae                HAL_HCD_HC_GetXferCount
 .text.HAL_HCD_GetCurrentFrame
                0x080021d8       0x1c ./Drivers/STM32F4xx_HAL_Driver/Src/stm32f4xx_hal_hcd.o
                0x080021d8                HAL_HCD_GetCurrentFrame
 .text.HAL_HCD_GetCurrentSpeed
                0x080021f4       0x1c ./Drivers/STM32F4xx_HAL_Driver/Src/stm32f4xx_hal_hcd.o
                0x080021f4                HAL_HCD_GetCurrentSpeed
 .text.HAL_HCD_HC_ClearHubInfo
                0x08002210       0x6a ./Drivers/STM32F4xx_HAL_Driver/Src/stm32f4xx_hal_hcd.o
                0x08002210                HAL_HCD_HC_ClearHubInfo
 .text.HCD_HC_IN_IRQHandler
                0x0800227a      0xcd2 ./Drivers/STM32F4xx_HAL_Driver/Src/stm32f4xx_hal_hcd.o
 .text.HCD_HC_OUT_IRQHandler
                0x08002f4c      0x97e ./Drivers/STM32F4xx_HAL_Driver/Src/stm32f4xx_hal_hcd.o
 .text.HCD_RXQLVL_IRQHandler
                0x080038ca      0x1be ./Drivers/STM32F4xx_HAL_Driver/Src/stm32f4xx_hal_hcd.o
 .text.HCD_Port_IRQHandler
                0x08003a88       0xe6 ./Drivers/STM32F4xx_HAL_Driver/Src/stm32f4xx_hal_hcd.o
 *fill*         0x08003b6e        0x2 
 .text.HAL_I2C_Init
                0x08003b70      0x288 ./Drivers/STM32F4xx_HAL_Driver/Src/stm32f4xx_hal_i2c.o
                0x08003b70                HAL_I2C_Init
 .text.HAL_I2S_Init
                0x08003df8      0x280 ./Drivers/STM32F4xx_HAL_Driver/Src/stm32f4xx_hal_i2s.o
                0x08003df8                HAL_I2S_Init
 .text.HAL_I2S_TxCpltCallback
                0x08004078       0x14 ./Drivers/STM32F4xx_HAL_Driver/Src/stm32f4xx_hal_i2s.o
                0x08004078                HAL_I2S_TxCpltCallback
 .text.HAL_I2S_RxCpltCallback
                0x0800408c       0x14 ./Drivers/STM32F4xx_HAL_Driver/Src/stm32f4xx_hal_i2s.o
                0x0800408c                HAL_I2S_RxCpltCallback
 .text.HAL_I2S_ErrorCallback
                0x080040a0       0x14 ./Drivers/STM32F4xx_HAL_Driver/Src/stm32f4xx_hal_i2s.o
                0x080040a0                HAL_I2S_ErrorCallback
 .text.I2S_Transmit_IT
                0x080040b4       0x5c ./Drivers/STM32F4xx_HAL_Driver/Src/stm32f4xx_hal_i2s.o
 .text.I2S_Receive_IT
                0x08004110       0x5e ./Drivers/STM32F4xx_HAL_Driver/Src/stm32f4xx_hal_i2s.o
 .text.I2S_IRQHandler
                0x0800416e      0x114 ./Drivers/STM32F4xx_HAL_Driver/Src/stm32f4xx_hal_i2s.o
 *fill*         0x08004282        0x2 
 .text.HAL_I2SEx_FullDuplex_IRQHandler
                0x08004284      0x2a8 ./Drivers/STM32F4xx_HAL_Driver/Src/stm32f4xx_hal_i2s_ex.o
                0x08004284                HAL_I2SEx_FullDuplex_IRQHandler
 .text.HAL_I2SEx_TxRxCpltCallback
                0x0800452c       0x14 ./Drivers/STM32F4xx_HAL_Driver/Src/stm32f4xx_hal_i2s_ex.o
                0x0800452c                HAL_I2SEx_TxRxCpltCallback
 .text.I2SEx_TxISR_I2S
                0x08004540       0x62 ./Drivers/STM32F4xx_HAL_Driver/Src/stm32f4xx_hal_i2s_ex.o
 *fill*         0x080045a2        0x2 
 .text.I2SEx_TxISR_I2SExt
                0x080045a4       0x98 ./Drivers/STM32F4xx_HAL_Driver/Src/stm32f4xx_hal_i2s_ex.o
 .text.I2SEx_RxISR_I2S
                0x0800463c       0x64 ./Drivers/STM32F4xx_HAL_Driver/Src/stm32f4xx_hal_i2s_ex.o
 .text.I2SEx_RxISR_I2SExt
                0x080046a0       0x98 ./Drivers/STM32F4xx_HAL_Driver/Src/stm32f4xx_hal_i2s_ex.o
 .text.HAL_RCC_OscConfig
                0x08004738      0x4f0 ./Drivers/STM32F4xx_HAL_Driver/Src/stm32f4xx_hal_rcc.o
                0x08004738                HAL_RCC_OscConfig
 .text.HAL_RCC_ClockConfig
                0x08004c28      0x1cc ./Drivers/STM32F4xx_HAL_Driver/Src/stm32f4xx_hal_rcc.o
                0x08004c28                HAL_RCC_ClockConfig
 .text.HAL_RCC_GetSysClockFreq
                0x08004df4      0x20c ./Drivers/STM32F4xx_HAL_Driver/Src/stm32f4xx_hal_rcc.o
                0x08004df4                HAL_RCC_GetSysClockFreq
 .text.HAL_RCC_GetHCLKFreq
                0x08005000       0x18 ./Drivers/STM32F4xx_HAL_Driver/Src/stm32f4xx_hal_rcc.o
                0x08005000                HAL_RCC_GetHCLKFreq
 .text.HAL_RCC_GetPCLK1Freq
                0x08005018       0x28 ./Drivers/STM32F4xx_HAL_Driver/Src/stm32f4xx_hal_rcc.o
                0x08005018                HAL_RCC_GetPCLK1Freq
 .text.HAL_RCC_GetPCLK2Freq
                0x08005040       0x28 ./Drivers/STM32F4xx_HAL_Driver/Src/stm32f4xx_hal_rcc.o
                0x08005040                HAL_RCC_GetPCLK2Freq
 .text.HAL_RCCEx_PeriphCLKConfig
                0x08005068      0x1c4 ./Drivers/STM32F4xx_HAL_Driver/Src/stm32f4xx_hal_rcc_ex.o
                0x08005068                HAL_RCCEx_PeriphCLKConfig
 .text.HAL_RCCEx_GetPeriphCLKFreq
                0x0800522c       0xc0 ./Drivers/STM32F4xx_HAL_Driver/Src/stm32f4xx_hal_rcc_ex.o
                0x0800522c                HAL_RCCEx_GetPeriphCLKFreq
 .text.HAL_SPI_Init
                0x080052ec      0x112 ./Drivers/STM32F4xx_HAL_Driver/Src/stm32f4xx_hal_spi.o
                0x080052ec                HAL_SPI_Init
 .text.HAL_SPI_Transmit
                0x080053fe      0x288 ./Drivers/STM32F4xx_HAL_Driver/Src/stm32f4xx_hal_spi.o
                0x080053fe                HAL_SPI_Transmit
 *fill*         0x08005686        0x2 
 .text.SPI_WaitFlagStateUntilTimeout
                0x08005688      0x110 ./Drivers/STM32F4xx_HAL_Driver/Src/stm32f4xx_hal_spi.o
 .text.SPI_EndRxTxTransaction
                0x08005798       0xa8 ./Drivers/STM32F4xx_HAL_Driver/Src/stm32f4xx_hal_spi.o
 .text.HAL_UART_Init
                0x08005840       0xa0 ./Drivers/STM32F4xx_HAL_Driver/Src/stm32f4xx_hal_uart.o
                0x08005840                HAL_UART_Init
 .text.HAL_UART_Transmit
                0x080058e0      0x116 ./Drivers/STM32F4xx_HAL_Driver/Src/stm32f4xx_hal_uart.o
                0x080058e0                HAL_UART_Transmit
 .text.UART_WaitOnFlagUntilTimeout
                0x080059f6       0xb2 ./Drivers/STM32F4xx_HAL_Driver/Src/stm32f4xx_hal_uart.o
 .text.UART_EndRxTransfer
                0x08005aa8       0xc6 ./Drivers/STM32F4xx_HAL_Driver/Src/stm32f4xx_hal_uart.o
 *fill*         0x08005b6e        0x2 
 .text.UART_SetConfig
                0x08005b70      0x4e8 ./Drivers/STM32F4xx_HAL_Driver/Src/stm32f4xx_hal_uart.o
 .text.USB_CoreInit
                0x08006058       0xc8 ./Drivers/STM32F4xx_HAL_Driver/Src/stm32f4xx_ll_usb.o
                0x08006058                USB_CoreInit
 .text.USB_EnableGlobalInt
                0x08006120       0x22 ./Drivers/STM32F4xx_HAL_Driver/Src/stm32f4xx_ll_usb.o
                0x08006120                USB_EnableGlobalInt
 .text.USB_DisableGlobalInt
                0x08006142       0x22 ./Drivers/STM32F4xx_HAL_Driver/Src/stm32f4xx_ll_usb.o
                0x08006142                USB_DisableGlobalInt
 .text.USB_SetCurrentMode
                0x08006164       0x98 ./Drivers/STM32F4xx_HAL_Driver/Src/stm32f4xx_ll_usb.o
                0x08006164                USB_SetCurrentMode
 .text.USB_FlushTxFifo
                0x080061fc       0x64 ./Drivers/STM32F4xx_HAL_Driver/Src/stm32f4xx_ll_usb.o
                0x080061fc                USB_FlushTxFifo
 .text.USB_FlushRxFifo
                0x08006260       0x5c ./Drivers/STM32F4xx_HAL_Driver/Src/stm32f4xx_ll_usb.o
                0x08006260                USB_FlushRxFifo
 .text.USB_WritePacket
                0x080062bc       0x7c ./Drivers/STM32F4xx_HAL_Driver/Src/stm32f4xx_ll_usb.o
                0x080062bc                USB_WritePacket
 .text.USB_ReadPacket
                0x08006338       0xb0 ./Drivers/STM32F4xx_HAL_Driver/Src/stm32f4xx_ll_usb.o
                0x08006338                USB_ReadPacket
 .text.USB_ReadInterrupts
                0x080063e8       0x26 ./Drivers/STM32F4xx_HAL_Driver/Src/stm32f4xx_ll_usb.o
                0x080063e8                USB_ReadInterrupts
 .text.USB_ReadChInterrupts
                0x0800640e       0x42 ./Drivers/STM32F4xx_HAL_Driver/Src/stm32f4xx_ll_usb.o
                0x0800640e                USB_ReadChInterrupts
 .text.USB_GetMode
                0x08006450       0x1c ./Drivers/STM32F4xx_HAL_Driver/Src/stm32f4xx_ll_usb.o
                0x08006450                USB_GetMode
 .text.USB_CoreReset
                0x0800646c       0x62 ./Drivers/STM32F4xx_HAL_Driver/Src/stm32f4xx_ll_usb.o
 *fill*         0x080064ce        0x2 
 .text.USB_HostInit
                0x080064d0      0x188 ./Drivers/STM32F4xx_HAL_Driver/Src/stm32f4xx_ll_usb.o
                0x080064d0                USB_HostInit
 .text.USB_InitFSLSPClkSel
                0x08006658       0x7a ./Drivers/STM32F4xx_HAL_Driver/Src/stm32f4xx_ll_usb.o
                0x08006658                USB_InitFSLSPClkSel
 .text.USB_ResetPort
                0x080066d2       0x54 ./Drivers/STM32F4xx_HAL_Driver/Src/stm32f4xx_ll_usb.o
                0x080066d2                USB_ResetPort
 .text.USB_DriveVbus
                0x08006726       0x72 ./Drivers/STM32F4xx_HAL_Driver/Src/stm32f4xx_ll_usb.o
                0x08006726                USB_DriveVbus
 .text.USB_GetHostSpeed
                0x08006798       0x2e ./Drivers/STM32F4xx_HAL_Driver/Src/stm32f4xx_ll_usb.o
                0x08006798                USB_GetHostSpeed
 .text.USB_GetCurrentFrame
                0x080067c6       0x22 ./Drivers/STM32F4xx_HAL_Driver/Src/stm32f4xx_ll_usb.o
                0x080067c6                USB_GetCurrentFrame
 .text.USB_HC_Init
                0x080067e8      0x258 ./Drivers/STM32F4xx_HAL_Driver/Src/stm32f4xx_ll_usb.o
                0x080067e8                USB_HC_Init
 .text.USB_HC_StartXfer
                0x08006a40      0x4f4 ./Drivers/STM32F4xx_HAL_Driver/Src/stm32f4xx_ll_usb.o
                0x08006a40                USB_HC_StartXfer
 .text.USB_HC_ReadInterrupt
                0x08006f34       0x22 ./Drivers/STM32F4xx_HAL_Driver/Src/stm32f4xx_ll_usb.o
                0x08006f34                USB_HC_ReadInterrupt
 .text.USB_HC_Halt
                0x08006f56      0x240 ./Drivers/STM32F4xx_HAL_Driver/Src/stm32f4xx_ll_usb.o
                0x08006f56                USB_HC_Halt
 *fill*         0x08007196        0x2 
 .text.USB_DoPing
                0x08007198       0x78 ./Drivers/STM32F4xx_HAL_Driver/Src/stm32f4xx_ll_usb.o
                0x08007198                USB_DoPing
 .text.USB_StopHost
                0x08007210      0x124 ./Drivers/STM32F4xx_HAL_Driver/Src/stm32f4xx_ll_usb.o
                0x08007210                USB_StopHost
 .text.USBH_CDC_InterfaceInit
                0x08007334      0x2ac ./Middlewares/ST/STM32_USB_Host_Library/Class/CDC/Src/usbh_cdc.o
 .text.USBH_CDC_InterfaceDeInit
                0x080075e0       0xb2 ./Middlewares/ST/STM32_USB_Host_Library/Class/CDC/Src/usbh_cdc.o
 .text.USBH_CDC_ClassRequest
                0x08007692       0x3e ./Middlewares/ST/STM32_USB_Host_Library/Class/CDC/Src/usbh_cdc.o
 .text.USBH_CDC_Process
                0x080076d0      0x12c ./Middlewares/ST/STM32_USB_Host_Library/Class/CDC/Src/usbh_cdc.o
 .text.USBH_CDC_SOFProcess
                0x080077fc       0x16 ./Middlewares/ST/STM32_USB_Host_Library/Class/CDC/Src/usbh_cdc.o
 .text.GetLineCoding
                0x08007812       0x3e ./Middlewares/ST/STM32_USB_Host_Library/Class/CDC/Src/usbh_cdc.o
 .text.SetLineCoding
                0x08007850       0x3e ./Middlewares/ST/STM32_USB_Host_Library/Class/CDC/Src/usbh_cdc.o
 .text.CDC_ProcessTransmission
                0x0800788e       0xec ./Middlewares/ST/STM32_USB_Host_Library/Class/CDC/Src/usbh_cdc.o
 .text.CDC_ProcessReception
                0x0800797a       0xb6 ./Middlewares/ST/STM32_USB_Host_Library/Class/CDC/Src/usbh_cdc.o
 .text.USBH_CDC_TransmitCallback
                0x08007a30       0x14 ./Middlewares/ST/STM32_USB_Host_Library/Class/CDC/Src/usbh_cdc.o
                0x08007a30                USBH_CDC_TransmitCallback
 .text.USBH_CDC_ReceiveCallback
                0x08007a44       0x14 ./Middlewares/ST/STM32_USB_Host_Library/Class/CDC/Src/usbh_cdc.o
                0x08007a44                USBH_CDC_ReceiveCallback
 .text.USBH_CDC_LineCodingChanged
                0x08007a58       0x14 ./Middlewares/ST/STM32_USB_Host_Library/Class/CDC/Src/usbh_cdc.o
                0x08007a58                USBH_CDC_LineCodingChanged
 .text.USBH_Init
                0x08007a6c       0x74 ./Middlewares/ST/STM32_USB_Host_Library/Core/Src/usbh_core.o
                0x08007a6c                USBH_Init
 .text.DeInitStateMachine
                0x08007ae0       0xe6 ./Middlewares/ST/STM32_USB_Host_Library/Core/Src/usbh_core.o
 .text.USBH_RegisterClass
                0x08007bc6       0x54 ./Middlewares/ST/STM32_USB_Host_Library/Core/Src/usbh_core.o
                0x08007bc6                USBH_RegisterClass
 .text.USBH_SelectInterface
                0x08007c1a       0x38 ./Middlewares/ST/STM32_USB_Host_Library/Core/Src/usbh_core.o
                0x08007c1a                USBH_SelectInterface
 .text.USBH_FindInterface
                0x08007c52       0x8c ./Middlewares/ST/STM32_USB_Host_Library/Core/Src/usbh_core.o
                0x08007c52                USBH_FindInterface
 .text.USBH_Start
                0x08007cde       0x20 ./Middlewares/ST/STM32_USB_Host_Library/Core/Src/usbh_core.o
                0x08007cde                USBH_Start
 *fill*         0x08007cfe        0x2 
 .text.USBH_Process
                0x08007d00      0x3d0 ./Middlewares/ST/STM32_USB_Host_Library/Core/Src/usbh_core.o
                0x08007d00                USBH_Process
 .text.USBH_HandleEnum
                0x080080d0      0x3c0 ./Middlewares/ST/STM32_USB_Host_Library/Core/Src/usbh_core.o
 .text.USBH_LL_SetTimer
                0x08008490       0x1e ./Middlewares/ST/STM32_USB_Host_Library/Core/Src/usbh_core.o
                0x08008490                USBH_LL_SetTimer
 .text.USBH_LL_IncTimer
                0x080084ae       0x24 ./Middlewares/ST/STM32_USB_Host_Library/Core/Src/usbh_core.o
                0x080084ae                USBH_LL_IncTimer
 .text.USBH_HandleSof
                0x080084d2       0x30 ./Middlewares/ST/STM32_USB_Host_Library/Core/Src/usbh_core.o
 .text.USBH_LL_PortEnabled
                0x08008502       0x1c ./Middlewares/ST/STM32_USB_Host_Library/Core/Src/usbh_core.o
                0x08008502                USBH_LL_PortEnabled
 .text.USBH_LL_PortDisabled
                0x0800851e       0x1c ./Middlewares/ST/STM32_USB_Host_Library/Core/Src/usbh_core.o
                0x0800851e                USBH_LL_PortDisabled
 .text.USBH_LL_Connect
                0x0800853a       0x2e ./Middlewares/ST/STM32_USB_Host_Library/Core/Src/usbh_core.o
                0x0800853a                USBH_LL_Connect
 .text.USBH_LL_Disconnect
                0x08008568       0x48 ./Middlewares/ST/STM32_USB_Host_Library/Core/Src/usbh_core.o
                0x08008568                USBH_LL_Disconnect
 .text.USBH_Get_DevDesc
                0x080085b0       0x58 ./Middlewares/ST/STM32_USB_Host_Library/Core/Src/usbh_ctlreq.o
                0x080085b0                USBH_Get_DevDesc
 .text.USBH_Get_CfgDesc
                0x08008608       0x54 ./Middlewares/ST/STM32_USB_Host_Library/Core/Src/usbh_ctlreq.o
                0x08008608                USBH_Get_CfgDesc
 .text.USBH_Get_StringDesc
                0x0800865c       0x68 ./Middlewares/ST/STM32_USB_Host_Library/Core/Src/usbh_ctlreq.o
                0x0800865c                USBH_Get_StringDesc
 .text.USBH_GetDescriptor
                0x080086c4       0x6a ./Middlewares/ST/STM32_USB_Host_Library/Core/Src/usbh_ctlreq.o
                0x080086c4                USBH_GetDescriptor
 .text.USBH_SetAddress
                0x0800872e       0x48 ./Middlewares/ST/STM32_USB_Host_Library/Core/Src/usbh_ctlreq.o
                0x0800872e                USBH_SetAddress
 .text.USBH_SetCfg
                0x08008776       0x46 ./Middlewares/ST/STM32_USB_Host_Library/Core/Src/usbh_ctlreq.o
                0x08008776                USBH_SetCfg
 .text.USBH_SetFeature
                0x080087bc       0x48 ./Middlewares/ST/STM32_USB_Host_Library/Core/Src/usbh_ctlreq.o
                0x080087bc                USBH_SetFeature
 .text.USBH_ClrFeature
                0x08008804       0x48 ./Middlewares/ST/STM32_USB_Host_Library/Core/Src/usbh_ctlreq.o
                0x08008804                USBH_ClrFeature
 .text.USBH_ParseDevDesc
                0x0800884c      0x160 ./Middlewares/ST/STM32_USB_Host_Library/Core/Src/usbh_ctlreq.o
 .text.USBH_ParseCfgDesc
                0x080089ac      0x1f0 ./Middlewares/ST/STM32_USB_Host_Library/Core/Src/usbh_ctlreq.o
 .text.USBH_ParseInterfaceDesc
                0x08008b9c       0x68 ./Middlewares/ST/STM32_USB_Host_Library/Core/Src/usbh_ctlreq.o
 .text.USBH_ParseEPDesc
                0x08008c04      0x1d0 ./Middlewares/ST/STM32_USB_Host_Library/Core/Src/usbh_ctlreq.o
 .text.USBH_ParseStringDesc
                0x08008dd4       0x66 ./Middlewares/ST/STM32_USB_Host_Library/Core/Src/usbh_ctlreq.o
 .text.USBH_GetNextDesc
                0x08008e3a       0x34 ./Middlewares/ST/STM32_USB_Host_Library/Core/Src/usbh_ctlreq.o
                0x08008e3a                USBH_GetNextDesc
 .text.USBH_CtlReq
                0x08008e6e       0x7a ./Middlewares/ST/STM32_USB_Host_Library/Core/Src/usbh_ctlreq.o
                0x08008e6e                USBH_CtlReq
 .text.USBH_HandleControl
                0x08008ee8      0x2e8 ./Middlewares/ST/STM32_USB_Host_Library/Core/Src/usbh_ctlreq.o
 .text.USBH_CtlSendSetup
                0x080091d0       0x34 ./Middlewares/ST/STM32_USB_Host_Library/Core/Src/usbh_ioreq.o
                0x080091d0                USBH_CtlSendSetup
 .text.USBH_CtlSendData
                0x08009204       0x4a ./Middlewares/ST/STM32_USB_Host_Library/Core/Src/usbh_ioreq.o
                0x08009204                USBH_CtlSendData
 .text.USBH_CtlReceiveData
                0x0800924e       0x3c ./Middlewares/ST/STM32_USB_Host_Library/Core/Src/usbh_ioreq.o
                0x0800924e                USBH_CtlReceiveData
 .text.USBH_BulkSendData
                0x0800928a       0x4a ./Middlewares/ST/STM32_USB_Host_Library/Core/Src/usbh_ioreq.o
                0x0800928a                USBH_BulkSendData
 .text.USBH_BulkReceiveData
                0x080092d4       0x3c ./Middlewares/ST/STM32_USB_Host_Library/Core/Src/usbh_ioreq.o
                0x080092d4                USBH_BulkReceiveData
 .text.USBH_OpenPipe
                0x08009310       0x3e ./Middlewares/ST/STM32_USB_Host_Library/Core/Src/usbh_pipes.o
                0x08009310                USBH_OpenPipe
 .text.USBH_ClosePipe
                0x0800934e       0x20 ./Middlewares/ST/STM32_USB_Host_Library/Core/Src/usbh_pipes.o
                0x0800934e                USBH_ClosePipe
 .text.USBH_AllocPipe
                0x0800936e       0x42 ./Middlewares/ST/STM32_USB_Host_Library/Core/Src/usbh_pipes.o
                0x0800936e                USBH_AllocPipe
 .text.USBH_FreePipe
                0x080093b0       0x3c ./Middlewares/ST/STM32_USB_Host_Library/Core/Src/usbh_pipes.o
                0x080093b0                USBH_FreePipe
 .text.USBH_GetFreePipe
                0x080093ec       0x48 ./Middlewares/ST/STM32_USB_Host_Library/Core/Src/usbh_pipes.o
 .text.MX_USB_HOST_Init
                0x08009434       0x4c ./USB_HOST/App/usb_host.o
                0x08009434                MX_USB_HOST_Init
 .text.MX_USB_HOST_Process
                0x08009480       0x14 ./USB_HOST/App/usb_host.o
                0x08009480                MX_USB_HOST_Process
 .text.USBH_UserProcess
                0x08009494       0x5c ./USB_HOST/App/usb_host.o
 .text.HAL_HCD_MspInit
                0x080094f0       0xc4 ./USB_HOST/Target/usbh_conf.o
                0x080094f0                HAL_HCD_MspInit
 .text.HAL_HCD_SOF_Callback
                0x080095b4       0x1c ./USB_HOST/Target/usbh_conf.o
                0x080095b4                HAL_HCD_SOF_Callback
 .text.HAL_HCD_Connect_Callback
                0x080095d0       0x1c ./USB_HOST/Target/usbh_conf.o
                0x080095d0                HAL_HCD_Connect_Callback
 .text.HAL_HCD_Disconnect_Callback
                0x080095ec       0x1c ./USB_HOST/Target/usbh_conf.o
                0x080095ec                HAL_HCD_Disconnect_Callback
 .text.HAL_HCD_HC_NotifyURBChange_Callback
                0x08009608       0x1c ./USB_HOST/Target/usbh_conf.o
                0x08009608                HAL_HCD_HC_NotifyURBChange_Callback
 .text.HAL_HCD_PortEnabled_Callback
                0x08009624       0x1c ./USB_HOST/Target/usbh_conf.o
                0x08009624                HAL_HCD_PortEnabled_Callback
 .text.HAL_HCD_PortDisabled_Callback
                0x08009640       0x1c ./USB_HOST/Target/usbh_conf.o
                0x08009640                HAL_HCD_PortDisabled_Callback
 .text.USBH_LL_Init
                0x0800965c       0x78 ./USB_HOST/Target/usbh_conf.o
                0x0800965c                USBH_LL_Init
 .text.USBH_LL_Start
                0x080096d4       0x36 ./USB_HOST/Target/usbh_conf.o
                0x080096d4                USBH_LL_Start
 .text.USBH_LL_Stop
                0x0800970a       0x36 ./USB_HOST/Target/usbh_conf.o
                0x0800970a                USBH_LL_Stop
 .text.USBH_LL_GetSpeed
                0x08009740       0x4e ./USB_HOST/Target/usbh_conf.o
                0x08009740                USBH_LL_GetSpeed
 .text.USBH_LL_ResetPort
                0x0800978e       0x36 ./USB_HOST/Target/usbh_conf.o
                0x0800978e                USBH_LL_ResetPort
 .text.USBH_LL_GetLastXferSize
                0x080097c4       0x26 ./USB_HOST/Target/usbh_conf.o
                0x080097c4                USBH_LL_GetLastXferSize
 .text.USBH_LL_OpenPipe
                0x080097ea       0x5e ./USB_HOST/Target/usbh_conf.o
                0x080097ea                USBH_LL_OpenPipe
 .text.USBH_LL_ClosePipe
                0x08009848       0x3e ./USB_HOST/Target/usbh_conf.o
                0x08009848                USBH_LL_ClosePipe
 .text.USBH_LL_SubmitURB
                0x08009886       0x62 ./USB_HOST/Target/usbh_conf.o
                0x08009886                USBH_LL_SubmitURB
 .text.USBH_LL_GetURBState
                0x080098e8       0x26 ./USB_HOST/Target/usbh_conf.o
                0x080098e8                USBH_LL_GetURBState
 .text.USBH_LL_DriverVBUS
                0x0800990e       0x2e ./USB_HOST/Target/usbh_conf.o
                0x0800990e                USBH_LL_DriverVBUS
 .text.USBH_LL_SetToggle
                0x0800993c       0x66 ./USB_HOST/Target/usbh_conf.o
                0x0800993c                USBH_LL_SetToggle
 .text.USBH_Delay
                0x080099a2       0x16 ./USB_HOST/Target/usbh_conf.o
                0x080099a2                USBH_Delay
 .text.USBH_Get_USB_Status
                0x080099b8       0x58 ./USB_HOST/Target/usbh_conf.o
                0x080099b8                USBH_Get_USB_Status
 .text.MX_DriverVbusFS
                0x08009a10       0x38 ./USB_HOST/Target/usbh_platform.o
                0x08009a10                MX_DriverVbusFS
 .text.malloc   0x08009a48       0x10 /Applications/STM32CubeIDE.app/Contents/Eclipse/plugins/com.st.stm32cube.ide.mcu.externaltools.gnu-tools-for-stm32.13.3.rel1.macos64_1.0.0.202411102158/tools/bin/../lib/gcc/arm-none-eabi/13.3.1/../../../../arm-none-eabi/lib/thumb/v7e-m+fp/hard/libc_nano.a(libc_a-malloc.o)
                0x08009a48                malloc
 .text.free     0x08009a58       0x10 /Applications/STM32CubeIDE.app/Contents/Eclipse/plugins/com.st.stm32cube.ide.mcu.externaltools.gnu-tools-for-stm32.13.3.rel1.macos64_1.0.0.202411102158/tools/bin/../lib/gcc/arm-none-eabi/13.3.1/../../../../arm-none-eabi/lib/thumb/v7e-m+fp/hard/libc_nano.a(libc_a-malloc.o)
                0x08009a58                free
 .text.sbrk_aligned
                0x08009a68       0x44 /Applications/STM32CubeIDE.app/Contents/Eclipse/plugins/com.st.stm32cube.ide.mcu.externaltools.gnu-tools-for-stm32.13.3.rel1.macos64_1.0.0.202411102158/tools/bin/../lib/gcc/arm-none-eabi/13.3.1/../../../../arm-none-eabi/lib/thumb/v7e-m+fp/hard/libc_nano.a(libc_a-mallocr.o)
 .text._malloc_r
                0x08009aac      0x100 /Applications/STM32CubeIDE.app/Contents/Eclipse/plugins/com.st.stm32cube.ide.mcu.externaltools.gnu-tools-for-stm32.13.3.rel1.macos64_1.0.0.202411102158/tools/bin/../lib/gcc/arm-none-eabi/13.3.1/../../../../arm-none-eabi/lib/thumb/v7e-m+fp/hard/libc_nano.a(libc_a-mallocr.o)
                0x08009aac                _malloc_r
 .text.__malloc_lock
                0x08009bac        0xc /Applications/STM32CubeIDE.app/Contents/Eclipse/plugins/com.st.stm32cube.ide.mcu.externaltools.gnu-tools-for-stm32.13.3.rel1.macos64_1.0.0.202411102158/tools/bin/../lib/gcc/arm-none-eabi/13.3.1/../../../../arm-none-eabi/lib/thumb/v7e-m+fp/hard/libc_nano.a(libc_a-mlock.o)
                0x08009bac                __malloc_lock
 .text.__malloc_unlock
                0x08009bb8        0xc /Applications/STM32CubeIDE.app/Contents/Eclipse/plugins/com.st.stm32cube.ide.mcu.externaltools.gnu-tools-for-stm32.13.3.rel1.macos64_1.0.0.202411102158/tools/bin/../lib/gcc/arm-none-eabi/13.3.1/../../../../arm-none-eabi/lib/thumb/v7e-m+fp/hard/libc_nano.a(libc_a-mlock.o)
                0x08009bb8                __malloc_unlock
 .text.memset   0x08009bc4       0x10 /Applications/STM32CubeIDE.app/Contents/Eclipse/plugins/com.st.stm32cube.ide.mcu.externaltools.gnu-tools-for-stm32.13.3.rel1.macos64_1.0.0.202411102158/tools/bin/../lib/gcc/arm-none-eabi/13.3.1/../../../../arm-none-eabi/lib/thumb/v7e-m+fp/hard/libc_nano.a(libc_a-memset.o)
                0x08009bc4                memset
 .text._sbrk_r  0x08009bd4       0x20 /Applications/STM32CubeIDE.app/Contents/Eclipse/plugins/com.st.stm32cube.ide.mcu.externaltools.gnu-tools-for-stm32.13.3.rel1.macos64_1.0.0.202411102158/tools/bin/../lib/gcc/arm-none-eabi/13.3.1/../../../../arm-none-eabi/lib/thumb/v7e-m+fp/hard/libc_nano.a(libc_a-sbrkr.o)
                0x08009bd4                _sbrk_r
 .text.__errno  0x08009bf4        0xc /Applications/STM32CubeIDE.app/Contents/Eclipse/plugins/com.st.stm32cube.ide.mcu.externaltools.gnu-tools-for-stm32.13.3.rel1.macos64_1.0.0.202411102158/tools/bin/../lib/gcc/arm-none-eabi/13.3.1/../../../../arm-none-eabi/lib/thumb/v7e-m+fp/hard/libc_nano.a(libc_a-errno.o)
                0x08009bf4                __errno
 .text.__libc_init_array
                0x08009c00       0x48 /Applications/STM32CubeIDE.app/Contents/Eclipse/plugins/com.st.stm32cube.ide.mcu.externaltools.gnu-tools-for-stm32.13.3.rel1.macos64_1.0.0.202411102158/tools/bin/../lib/gcc/arm-none-eabi/13.3.1/../../../../arm-none-eabi/lib/thumb/v7e-m+fp/hard/libc_nano.a(libc_a-init.o)
                0x08009c00                __libc_init_array
 .text.__retarget_lock_acquire_recursive
                0x08009c48        0x2 /Applications/STM32CubeIDE.app/Contents/Eclipse/plugins/com.st.stm32cube.ide.mcu.externaltools.gnu-tools-for-stm32.13.3.rel1.macos64_1.0.0.202411102158/tools/bin/../lib/gcc/arm-none-eabi/13.3.1/../../../../arm-none-eabi/lib/thumb/v7e-m+fp/hard/libc_nano.a(libc_a-lock.o)
                0x08009c48                __retarget_lock_acquire_recursive
 .text.__retarget_lock_release_recursive
                0x08009c4a        0x2 /Applications/STM32CubeIDE.app/Contents/Eclipse/plugins/com.st.stm32cube.ide.mcu.externaltools.gnu-tools-for-stm32.13.3.rel1.macos64_1.0.0.202411102158/tools/bin/../lib/gcc/arm-none-eabi/13.3.1/../../../../arm-none-eabi/lib/thumb/v7e-m+fp/hard/libc_nano.a(libc_a-lock.o)
                0x08009c4a                __retarget_lock_release_recursive
 .text._free_r  0x08009c4c       0x94 /Applications/STM32CubeIDE.app/Contents/Eclipse/plugins/com.st.stm32cube.ide.mcu.externaltools.gnu-tools-for-stm32.13.3.rel1.macos64_1.0.0.202411102158/tools/bin/../lib/gcc/arm-none-eabi/13.3.1/../../../../arm-none-eabi/lib/thumb/v7e-m+fp/hard/libc_nano.a(libc_a-freer.o)
                0x08009c4c                _free_r
 *(.glue_7)
 .glue_7        0x08009ce0        0x0 linker stubs
 *(.glue_7t)
 .glue_7t       0x08009ce0        0x0 linker stubs
 *(.eh_frame)
 .eh_frame      0x08009ce0        0x0 /Applications/STM32CubeIDE.app/Contents/Eclipse/plugins/com.st.stm32cube.ide.mcu.externaltools.gnu-tools-for-stm32.13.3.rel1.macos64_1.0.0.202411102158/tools/bin/../lib/gcc/arm-none-eabi/13.3.1/thumb/v7e-m+fp/hard/crtbegin.o
 *(.init)
 .init          0x08009ce0        0x4 /Applications/STM32CubeIDE.app/Contents/Eclipse/plugins/com.st.stm32cube.ide.mcu.externaltools.gnu-tools-for-stm32.13.3.rel1.macos64_1.0.0.202411102158/tools/bin/../lib/gcc/arm-none-eabi/13.3.1/thumb/v7e-m+fp/hard/crti.o
                0x08009ce0                _init
 .init          0x08009ce4        0x8 /Applications/STM32CubeIDE.app/Contents/Eclipse/plugins/com.st.stm32cube.ide.mcu.externaltools.gnu-tools-for-stm32.13.3.rel1.macos64_1.0.0.202411102158/tools/bin/../lib/gcc/arm-none-eabi/13.3.1/thumb/v7e-m+fp/hard/crtn.o
 *(.fini)
 .fini          0x08009cec        0x4 /Applications/STM32CubeIDE.app/Contents/Eclipse/plugins/com.st.stm32cube.ide.mcu.externaltools.gnu-tools-for-stm32.13.3.rel1.macos64_1.0.0.202411102158/tools/bin/../lib/gcc/arm-none-eabi/13.3.1/thumb/v7e-m+fp/hard/crti.o
                0x08009cec                _fini
 .fini          0x08009cf0        0x8 /Applications/STM32CubeIDE.app/Contents/Eclipse/plugins/com.st.stm32cube.ide.mcu.externaltools.gnu-tools-for-stm32.13.3.rel1.macos64_1.0.0.202411102158/tools/bin/../lib/gcc/arm-none-eabi/13.3.1/thumb/v7e-m+fp/hard/crtn.o
                0x08009cf8                        . = ALIGN (0x4)
                0x08009cf8                        _etext = .

.vfp11_veneer   0x08009cf8        0x0
 .vfp11_veneer  0x08009cf8        0x0 linker stubs

.v4_bx          0x08009cf8        0x0
 .v4_bx         0x08009cf8        0x0 linker stubs

.iplt           0x08009cf8        0x0
 .iplt          0x08009cf8        0x0 /Applications/STM32CubeIDE.app/Contents/Eclipse/plugins/com.st.stm32cube.ide.mcu.externaltools.gnu-tools-for-stm32.13.3.rel1.macos64_1.0.0.202411102158/tools/bin/../lib/gcc/arm-none-eabi/13.3.1/thumb/v7e-m+fp/hard/crtbegin.o

.rodata         0x08009cf8      0xd90
                0x08009cf8                        . = ALIGN (0x4)
 *(.rodata)
 .rodata        0x08009cf8       0x18 ./Core/Src/main.o
 .rodata        0x08009d10        0x4 ./Middlewares/ST/STM32_USB_Host_Library/Class/CDC/Src/usbh_cdc.o
 *(.rodata*)
 .rodata.Font11x18
                0x08009d14      0xd5c ./Core/Src/fonts.o
 .rodata.AHBPrescTable
                0x0800aa70       0x10 ./Core/Src/system_stm32f4xx.o
                0x0800aa70                AHBPrescTable
 .rodata.APBPrescTable
                0x0800aa80        0x8 ./Core/Src/system_stm32f4xx.o
                0x0800aa80                APBPrescTable
                0x0800aa88                        . = ALIGN (0x4)

.ARM.extab      0x0800aa88        0x0
                0x0800aa88                        . = ALIGN (0x4)
 *(.ARM.extab* .gnu.linkonce.armextab.*)
                0x0800aa88                        . = ALIGN (0x4)

.ARM            0x0800aa88        0x8
                0x0800aa88                        . = ALIGN (0x4)
                0x0800aa88                        __exidx_start = .
 *(.ARM.exidx*)
 .ARM.exidx     0x0800aa88        0x8 /Applications/STM32CubeIDE.app/Contents/Eclipse/plugins/com.st.stm32cube.ide.mcu.externaltools.gnu-tools-for-stm32.13.3.rel1.macos64_1.0.0.202411102158/tools/bin/../lib/gcc/arm-none-eabi/13.3.1/thumb/v7e-m+fp/hard/libgcc.a(_udivmoddi4.o)
                0x0800aa90                        __exidx_end = .
                0x0800aa90                        . = ALIGN (0x4)

.preinit_array  0x0800aa90        0x0
                0x0800aa90                        . = ALIGN (0x4)
                0x0800aa90                        PROVIDE (__preinit_array_start = .)
 *(.preinit_array*)
                0x0800aa90                        PROVIDE (__preinit_array_end = .)
                0x0800aa90                        . = ALIGN (0x4)

.init_array     0x0800aa90        0x4
                0x0800aa90                        . = ALIGN (0x4)
                0x0800aa90                        PROVIDE (__init_array_start = .)
 *(SORT_BY_NAME(.init_array.*))
 *(.init_array*)
 .init_array    0x0800aa90        0x4 /Applications/STM32CubeIDE.app/Contents/Eclipse/plugins/com.st.stm32cube.ide.mcu.externaltools.gnu-tools-for-stm32.13.3.rel1.macos64_1.0.0.202411102158/tools/bin/../lib/gcc/arm-none-eabi/13.3.1/thumb/v7e-m+fp/hard/crtbegin.o
                0x0800aa94                        PROVIDE (__init_array_end = .)
                0x0800aa94                        . = ALIGN (0x4)

.fini_array     0x0800aa94        0x4
                0x0800aa94                        . = ALIGN (0x4)
                [!provide]                        PROVIDE (__fini_array_start = .)
 *(SORT_BY_NAME(.fini_array.*))
 *(.fini_array*)
 .fini_array    0x0800aa94        0x4 /Applications/STM32CubeIDE.app/Contents/Eclipse/plugins/com.st.stm32cube.ide.mcu.externaltools.gnu-tools-for-stm32.13.3.rel1.macos64_1.0.0.202411102158/tools/bin/../lib/gcc/arm-none-eabi/13.3.1/thumb/v7e-m+fp/hard/crtbegin.o
                [!provide]                        PROVIDE (__fini_array_end = .)
                0x0800aa98                        . = ALIGN (0x4)
                0x0800aa98                        _sidata = LOADADDR (.data)

.rel.dyn        0x0800aa98        0x0
 .rel.iplt      0x0800aa98        0x0 /Applications/STM32CubeIDE.app/Contents/Eclipse/plugins/com.st.stm32cube.ide.mcu.externaltools.gnu-tools-for-stm32.13.3.rel1.macos64_1.0.0.202411102158/tools/bin/../lib/gcc/arm-none-eabi/13.3.1/thumb/v7e-m+fp/hard/crtbegin.o

.data           0x20000000       0x84 load address 0x0800aa98
                0x20000000                        . = ALIGN (0x4)
                0x20000000                        _sdata = .
 *(.data)
 *(.data*)
 .data.Font_11x18
                0x20000000        0x8 ./Core/Src/fonts.o
                0x20000000                Font_11x18
 .data.SystemCoreClock
                0x20000008        0x4 ./Core/Src/system_stm32f4xx.o
                0x20000008                SystemCoreClock
 .data.uwTickPrio
                0x2000000c        0x4 ./Drivers/STM32F4xx_HAL_Driver/Src/stm32f4xx_hal.o
                0x2000000c                uwTickPrio
 .data.uwTickFreq
                0x20000010        0x1 ./Drivers/STM32F4xx_HAL_Driver/Src/stm32f4xx_hal.o
                0x20000010                uwTickFreq
 *fill*         0x20000011        0x3 
 .data.CDC_Class
                0x20000014       0x20 ./Middlewares/ST/STM32_USB_Host_Library/Class/CDC/Src/usbh_cdc.o
                0x20000014                CDC_Class
 .data._impure_ptr
                0x20000034        0x4 /Applications/STM32CubeIDE.app/Contents/Eclipse/plugins/com.st.stm32cube.ide.mcu.externaltools.gnu-tools-for-stm32.13.3.rel1.macos64_1.0.0.202411102158/tools/bin/../lib/gcc/arm-none-eabi/13.3.1/../../../../arm-none-eabi/lib/thumb/v7e-m+fp/hard/libc_nano.a(libc_a-impure.o)
                0x20000034                _impure_ptr
 .data._impure_data
                0x20000038       0x4c /Applications/STM32CubeIDE.app/Contents/Eclipse/plugins/com.st.stm32cube.ide.mcu.externaltools.gnu-tools-for-stm32.13.3.rel1.macos64_1.0.0.202411102158/tools/bin/../lib/gcc/arm-none-eabi/13.3.1/../../../../arm-none-eabi/lib/thumb/v7e-m+fp/hard/libc_nano.a(libc_a-impure.o)
                0x20000038                _impure_data
 *(.RamFunc)
 *(.RamFunc*)
                0x20000084                        . = ALIGN (0x4)
                0x20000084                        _edata = .
                0x0800ab1c                        _siccmram = LOADADDR (.ccmram)

.igot.plt       0x20000084        0x0 load address 0x0800ab1c
 .igot.plt      0x20000084        0x0 /Applications/STM32CubeIDE.app/Contents/Eclipse/plugins/com.st.stm32cube.ide.mcu.externaltools.gnu-tools-for-stm32.13.3.rel1.macos64_1.0.0.202411102158/tools/bin/../lib/gcc/arm-none-eabi/13.3.1/thumb/v7e-m+fp/hard/crtbegin.o

.ccmram         0x10000000        0x0 load address 0x0800ab1c
                0x10000000                        . = ALIGN (0x4)
                0x10000000                        _sccmram = .
 *(.ccmram)
 *(.ccmram*)
                0x10000000                        . = ALIGN (0x4)
                0x10000000                        _eccmram = .
                0x10000000                        . = ALIGN (0x4)

.bss            0x20000084      0xa64
                0x20000084                        _sbss = .
                0x20000084                        __bss_start__ = _sbss
 *(.bss)
 .bss           0x20000084       0x1c /Applications/STM32CubeIDE.app/Contents/Eclipse/plugins/com.st.stm32cube.ide.mcu.externaltools.gnu-tools-for-stm32.13.3.rel1.macos64_1.0.0.202411102158/tools/bin/../lib/gcc/arm-none-eabi/13.3.1/thumb/v7e-m+fp/hard/crtbegin.o
 *(.bss*)
 .bss.hi2c1     0x200000a0       0x54 ./Core/Src/i2c.o
                0x200000a0                hi2c1
 .bss.hi2s3     0x200000f4       0x48 ./Core/Src/i2s.o
                0x200000f4                hi2s3
 .bss.hspi1     0x2000013c       0x58 ./Core/Src/spi.o
                0x2000013c                hspi1
 .bss.__sbrk_heap_end
                0x20000194        0x4 ./Core/Src/sysmem.o
 .bss.huart2    0x20000198       0x48 ./Core/Src/usart.o
                0x20000198                huart2
 .bss.uwTick    0x200001e0        0x4 ./Drivers/STM32F4xx_HAL_Driver/Src/stm32f4xx_hal.o
                0x200001e0                uwTick
 .bss.hUsbHostFS
                0x200001e4      0x3d8 ./USB_HOST/App/usb_host.o
                0x200001e4                hUsbHostFS
 .bss.Appli_state
                0x200005bc        0x1 ./USB_HOST/App/usb_host.o
                0x200005bc                Appli_state
 *fill*         0x200005bd        0x3 
 .bss.hhcd_USB_OTG_FS
                0x200005c0      0x3e0 ./USB_HOST/Target/usbh_conf.o
                0x200005c0                hhcd_USB_OTG_FS
 .bss.__malloc_sbrk_start
                0x200009a0        0x4 /Applications/STM32CubeIDE.app/Contents/Eclipse/plugins/com.st.stm32cube.ide.mcu.externaltools.gnu-tools-for-stm32.13.3.rel1.macos64_1.0.0.202411102158/tools/bin/../lib/gcc/arm-none-eabi/13.3.1/../../../../arm-none-eabi/lib/thumb/v7e-m+fp/hard/libc_nano.a(libc_a-mallocr.o)
                0x200009a0                __malloc_sbrk_start
 .bss.__malloc_free_list
                0x200009a4        0x4 /Applications/STM32CubeIDE.app/Contents/Eclipse/plugins/com.st.stm32cube.ide.mcu.externaltools.gnu-tools-for-stm32.13.3.rel1.macos64_1.0.0.202411102158/tools/bin/../lib/gcc/arm-none-eabi/13.3.1/../../../../arm-none-eabi/lib/thumb/v7e-m+fp/hard/libc_nano.a(libc_a-mallocr.o)
                0x200009a4                __malloc_free_list
 .bss.__sf      0x200009a8      0x138 /Applications/STM32CubeIDE.app/Contents/Eclipse/plugins/com.st.stm32cube.ide.mcu.externaltools.gnu-tools-for-stm32.13.3.rel1.macos64_1.0.0.202411102158/tools/bin/../lib/gcc/arm-none-eabi/13.3.1/../../../../arm-none-eabi/lib/thumb/v7e-m+fp/hard/libc_nano.a(libc_a-findfp.o)
                0x200009a8                __sf
 .bss.__lock___malloc_recursive_mutex
                0x20000ae0        0x1 /Applications/STM32CubeIDE.app/Contents/Eclipse/plugins/com.st.stm32cube.ide.mcu.externaltools.gnu-tools-for-stm32.13.3.rel1.macos64_1.0.0.202411102158/tools/bin/../lib/gcc/arm-none-eabi/13.3.1/../../../../arm-none-eabi/lib/thumb/v7e-m+fp/hard/libc_nano.a(libc_a-lock.o)
                0x20000ae0                __lock___malloc_recursive_mutex
 *fill*         0x20000ae1        0x3 
 .bss.errno     0x20000ae4        0x4 /Applications/STM32CubeIDE.app/Contents/Eclipse/plugins/com.st.stm32cube.ide.mcu.externaltools.gnu-tools-for-stm32.13.3.rel1.macos64_1.0.0.202411102158/tools/bin/../lib/gcc/arm-none-eabi/13.3.1/../../../../arm-none-eabi/lib/thumb/v7e-m+fp/hard/libc_nano.a(libc_a-reent.o)
                0x20000ae4                errno
 *(COMMON)
                0x20000ae8                        . = ALIGN (0x4)
                0x20000ae8                        _ebss = .
                0x20000ae8                        __bss_end__ = _ebss

._user_heap_stack
                0x20000ae8      0x600
                0x20000ae8                        . = ALIGN (0x8)
                [!provide]                        PROVIDE (end = .)
                0x20000ae8                        PROVIDE (_end = .)
                0x20000ce8                        . = (. + _Min_Heap_Size)
 *fill*         0x20000ae8      0x200 
                0x200010e8                        . = (. + _Min_Stack_Size)
 *fill*         0x20000ce8      0x400 
                0x200010e8                        . = ALIGN (0x8)

/DISCARD/
 libc.a(*)
 libm.a(*)
 libgcc.a(*)

.ARM.attributes
                0x00000000       0x30
 *(.ARM.attributes)
 .ARM.attributes
                0x00000000       0x22 /Applications/STM32CubeIDE.app/Contents/Eclipse/plugins/com.st.stm32cube.ide.mcu.externaltools.gnu-tools-for-stm32.13.3.rel1.macos64_1.0.0.202411102158/tools/bin/../lib/gcc/arm-none-eabi/13.3.1/thumb/v7e-m+fp/hard/crti.o
 .ARM.attributes
                0x00000022       0x34 /Applications/STM32CubeIDE.app/Contents/Eclipse/plugins/com.st.stm32cube.ide.mcu.externaltools.gnu-tools-for-stm32.13.3.rel1.macos64_1.0.0.202411102158/tools/bin/../lib/gcc/arm-none-eabi/13.3.1/thumb/v7e-m+fp/hard/crtbegin.o
 .ARM.attributes
                0x00000056       0x34 ./Core/Src/fonts.o
 .ARM.attributes
                0x0000008a       0x34 ./Core/Src/gpio.o
 .ARM.attributes
                0x000000be       0x34 ./Core/Src/i2c.o
 .ARM.attributes
                0x000000f2       0x34 ./Core/Src/i2s.o
 .ARM.attributes
                0x00000126       0x34 ./Core/Src/main.o
 .ARM.attributes
                0x0000015a       0x34 ./Core/Src/spi.o
 .ARM.attributes
                0x0000018e       0x34 ./Core/Src/st7735.o
 .ARM.attributes
                0x000001c2       0x34 ./Core/Src/stm32f4xx_hal_msp.o
 .ARM.attributes
                0x000001f6       0x34 ./Core/Src/stm32f4xx_it.o
 .ARM.attributes
                0x0000022a       0x34 ./Core/Src/sysmem.o
 .ARM.attributes
                0x0000025e       0x34 ./Core/Src/system_stm32f4xx.o
 .ARM.attributes
                0x00000292       0x34 ./Core/Src/usart.o
 .ARM.attributes
                0x000002c6       0x21 ./Core/Startup/startup_stm32f407vgtx.o
 .ARM.attributes
                0x000002e7       0x34 ./Drivers/STM32F4xx_HAL_Driver/Src/stm32f4xx_hal.o
 .ARM.attributes
                0x0000031b       0x34 ./Drivers/STM32F4xx_HAL_Driver/Src/stm32f4xx_hal_cortex.o
 .ARM.attributes
                0x0000034f       0x34 ./Drivers/STM32F4xx_HAL_Driver/Src/stm32f4xx_hal_gpio.o
 .ARM.attributes
                0x00000383       0x34 ./Drivers/STM32F4xx_HAL_Driver/Src/stm32f4xx_hal_hcd.o
 .ARM.attributes
                0x000003b7       0x34 ./Drivers/STM32F4xx_HAL_Driver/Src/stm32f4xx_hal_i2c.o
 .ARM.attributes
                0x000003eb       0x34 ./Drivers/STM32F4xx_HAL_Driver/Src/stm32f4xx_hal_i2s.o
 .ARM.attributes
                0x0000041f       0x34 ./Drivers/STM32F4xx_HAL_Driver/Src/stm32f4xx_hal_i2s_ex.o
 .ARM.attributes
                0x00000453       0x34 ./Drivers/STM32F4xx_HAL_Driver/Src/stm32f4xx_hal_rcc.o
 .ARM.attributes
                0x00000487       0x34 ./Drivers/STM32F4xx_HAL_Driver/Src/stm32f4xx_hal_rcc_ex.o
 .ARM.attributes
                0x000004bb       0x34 ./Drivers/STM32F4xx_HAL_Driver/Src/stm32f4xx_hal_spi.o
 .ARM.attributes
                0x000004ef       0x34 ./Drivers/STM32F4xx_HAL_Driver/Src/stm32f4xx_hal_uart.o
 .ARM.attributes
                0x00000523       0x34 ./Drivers/STM32F4xx_HAL_Driver/Src/stm32f4xx_ll_usb.o
 .ARM.attributes
                0x00000557       0x34 ./Middlewares/ST/STM32_USB_Host_Library/Class/CDC/Src/usbh_cdc.o
 .ARM.attributes
                0x0000058b       0x34 ./Middlewares/ST/STM32_USB_Host_Library/Core/Src/usbh_core.o
 .ARM.attributes
                0x000005bf       0x34 ./Middlewares/ST/STM32_USB_Host_Library/Core/Src/usbh_ctlreq.o
 .ARM.attributes
                0x000005f3       0x34 ./Middlewares/ST/STM32_USB_Host_Library/Core/Src/usbh_ioreq.o
 .ARM.attributes
                0x00000627       0x34 ./Middlewares/ST/STM32_USB_Host_Library/Core/Src/usbh_pipes.o
 .ARM.attributes
                0x0000065b       0x34 ./USB_HOST/App/usb_host.o
 .ARM.attributes
                0x0000068f       0x34 ./USB_HOST/Target/usbh_conf.o
 .ARM.attributes
                0x000006c3       0x34 ./USB_HOST/Target/usbh_platform.o
 .ARM.attributes
                0x000006f7       0x34 /Applications/STM32CubeIDE.app/Contents/Eclipse/plugins/com.st.stm32cube.ide.mcu.externaltools.gnu-tools-for-stm32.13.3.rel1.macos64_1.0.0.202411102158/tools/bin/../lib/gcc/arm-none-eabi/13.3.1/../../../../arm-none-eabi/lib/thumb/v7e-m+fp/hard/libc_nano.a(libc_a-malloc.o)
 .ARM.attributes
                0x0000072b       0x34 /Applications/STM32CubeIDE.app/Contents/Eclipse/plugins/com.st.stm32cube.ide.mcu.externaltools.gnu-tools-for-stm32.13.3.rel1.macos64_1.0.0.202411102158/tools/bin/../lib/gcc/arm-none-eabi/13.3.1/../../../../arm-none-eabi/lib/thumb/v7e-m+fp/hard/libc_nano.a(libc_a-mallocr.o)
 .ARM.attributes
                0x0000075f       0x34 /Applications/STM32CubeIDE.app/Contents/Eclipse/plugins/com.st.stm32cube.ide.mcu.externaltools.gnu-tools-for-stm32.13.3.rel1.macos64_1.0.0.202411102158/tools/bin/../lib/gcc/arm-none-eabi/13.3.1/../../../../arm-none-eabi/lib/thumb/v7e-m+fp/hard/libc_nano.a(libc_a-mlock.o)
 .ARM.attributes
                0x00000793       0x34 /Applications/STM32CubeIDE.app/Contents/Eclipse/plugins/com.st.stm32cube.ide.mcu.externaltools.gnu-tools-for-stm32.13.3.rel1.macos64_1.0.0.202411102158/tools/bin/../lib/gcc/arm-none-eabi/13.3.1/../../../../arm-none-eabi/lib/thumb/v7e-m+fp/hard/libc_nano.a(libc_a-findfp.o)
 .ARM.attributes
                0x000007c7       0x34 /Applications/STM32CubeIDE.app/Contents/Eclipse/plugins/com.st.stm32cube.ide.mcu.externaltools.gnu-tools-for-stm32.13.3.rel1.macos64_1.0.0.202411102158/tools/bin/../lib/gcc/arm-none-eabi/13.3.1/../../../../arm-none-eabi/lib/thumb/v7e-m+fp/hard/libc_nano.a(libc_a-memset.o)
 .ARM.attributes
                0x000007fb       0x34 /Applications/STM32CubeIDE.app/Contents/Eclipse/plugins/com.st.stm32cube.ide.mcu.externaltools.gnu-tools-for-stm32.13.3.rel1.macos64_1.0.0.202411102158/tools/bin/../lib/gcc/arm-none-eabi/13.3.1/../../../../arm-none-eabi/lib/thumb/v7e-m+fp/hard/libc_nano.a(libc_a-sbrkr.o)
 .ARM.attributes
                0x0000082f       0x34 /Applications/STM32CubeIDE.app/Contents/Eclipse/plugins/com.st.stm32cube.ide.mcu.externaltools.gnu-tools-for-stm32.13.3.rel1.macos64_1.0.0.202411102158/tools/bin/../lib/gcc/arm-none-eabi/13.3.1/../../../../arm-none-eabi/lib/thumb/v7e-m+fp/hard/libc_nano.a(libc_a-errno.o)
 .ARM.attributes
                0x00000863       0x34 /Applications/STM32CubeIDE.app/Contents/Eclipse/plugins/com.st.stm32cube.ide.mcu.externaltools.gnu-tools-for-stm32.13.3.rel1.macos64_1.0.0.202411102158/tools/bin/../lib/gcc/arm-none-eabi/13.3.1/../../../../arm-none-eabi/lib/thumb/v7e-m+fp/hard/libc_nano.a(libc_a-init.o)
 .ARM.attributes
                0x00000897       0x34 /Applications/STM32CubeIDE.app/Contents/Eclipse/plugins/com.st.stm32cube.ide.mcu.externaltools.gnu-tools-for-stm32.13.3.rel1.macos64_1.0.0.202411102158/tools/bin/../lib/gcc/arm-none-eabi/13.3.1/../../../../arm-none-eabi/lib/thumb/v7e-m+fp/hard/libc_nano.a(libc_a-lock.o)
 .ARM.attributes
                0x000008cb       0x34 /Applications/STM32CubeIDE.app/Contents/Eclipse/plugins/com.st.stm32cube.ide.mcu.externaltools.gnu-tools-for-stm32.13.3.rel1.macos64_1.0.0.202411102158/tools/bin/../lib/gcc/arm-none-eabi/13.3.1/../../../../arm-none-eabi/lib/thumb/v7e-m+fp/hard/libc_nano.a(libc_a-reent.o)
 .ARM.attributes
                0x000008ff       0x34 /Applications/STM32CubeIDE.app/Contents/Eclipse/plugins/com.st.stm32cube.ide.mcu.externaltools.gnu-tools-for-stm32.13.3.rel1.macos64_1.0.0.202411102158/tools/bin/../lib/gcc/arm-none-eabi/13.3.1/../../../../arm-none-eabi/lib/thumb/v7e-m+fp/hard/libc_nano.a(libc_a-impure.o)
 .ARM.attributes
                0x00000933       0x34 /Applications/STM32CubeIDE.app/Contents/Eclipse/plugins/com.st.stm32cube.ide.mcu.externaltools.gnu-tools-for-stm32.13.3.rel1.macos64_1.0.0.202411102158/tools/bin/../lib/gcc/arm-none-eabi/13.3.1/../../../../arm-none-eabi/lib/thumb/v7e-m+fp/hard/libc_nano.a(libc_a-freer.o)
 .ARM.attributes
                0x00000967       0x22 /Applications/STM32CubeIDE.app/Contents/Eclipse/plugins/com.st.stm32cube.ide.mcu.externaltools.gnu-tools-for-stm32.13.3.rel1.macos64_1.0.0.202411102158/tools/bin/../lib/gcc/arm-none-eabi/13.3.1/thumb/v7e-m+fp/hard/libgcc.a(_aeabi_uldivmod.o)
 .ARM.attributes
                0x00000989       0x34 /Applications/STM32CubeIDE.app/Contents/Eclipse/plugins/com.st.stm32cube.ide.mcu.externaltools.gnu-tools-for-stm32.13.3.rel1.macos64_1.0.0.202411102158/tools/bin/../lib/gcc/arm-none-eabi/13.3.1/thumb/v7e-m+fp/hard/libgcc.a(_udivmoddi4.o)
 .ARM.attributes
                0x000009bd       0x22 /Applications/STM32CubeIDE.app/Contents/Eclipse/plugins/com.st.stm32cube.ide.mcu.externaltools.gnu-tools-for-stm32.13.3.rel1.macos64_1.0.0.202411102158/tools/bin/../lib/gcc/arm-none-eabi/13.3.1/thumb/v7e-m+fp/hard/libgcc.a(_dvmd_tls.o)
 .ARM.attributes
                0x000009df       0x22 /Applications/STM32CubeIDE.app/Contents/Eclipse/plugins/com.st.stm32cube.ide.mcu.externaltools.gnu-tools-for-stm32.13.3.rel1.macos64_1.0.0.202411102158/tools/bin/../lib/gcc/arm-none-eabi/13.3.1/thumb/v7e-m+fp/hard/crtn.o
OUTPUT(blinktest.elf elf32-littlearm)
LOAD linker stubs
LOAD /Applications/STM32CubeIDE.app/Contents/Eclipse/plugins/com.st.stm32cube.ide.mcu.externaltools.gnu-tools-for-stm32.13.3.rel1.macos64_1.0.0.202411102158/tools/bin/../lib/gcc/arm-none-eabi/13.3.1/../../../../arm-none-eabi/lib/thumb/v7e-m+fp/hard/libc.a
LOAD /Applications/STM32CubeIDE.app/Contents/Eclipse/plugins/com.st.stm32cube.ide.mcu.externaltools.gnu-tools-for-stm32.13.3.rel1.macos64_1.0.0.202411102158/tools/bin/../lib/gcc/arm-none-eabi/13.3.1/../../../../arm-none-eabi/lib/thumb/v7e-m+fp/hard/libm.a
LOAD /Applications/STM32CubeIDE.app/Contents/Eclipse/plugins/com.st.stm32cube.ide.mcu.externaltools.gnu-tools-for-stm32.13.3.rel1.macos64_1.0.0.202411102158/tools/bin/../lib/gcc/arm-none-eabi/13.3.1/thumb/v7e-m+fp/hard/libgcc.a

.debug_info     0x00000000    0x1a29f
 .debug_info    0x00000000      0x19a ./Core/Src/fonts.o
 .debug_info    0x0000019a      0x459 ./Core/Src/gpio.o
 .debug_info    0x000005f3      0x968 ./Core/Src/i2c.o
 .debug_info    0x00000f5b      0xa26 ./Core/Src/i2s.o
 .debug_info    0x00001981      0xf72 ./Core/Src/main.o
 .debug_info    0x000028f3      0x94d ./Core/Src/spi.o
 .debug_info    0x00003240      0xcb1 ./Core/Src/st7735.o
 .debug_info    0x00003ef1      0x27c ./Core/Src/stm32f4xx_hal_msp.o
 .debug_info    0x0000416d      0x6a5 ./Core/Src/stm32f4xx_it.o
 .debug_info    0x00004812      0x168 ./Core/Src/sysmem.o
 .debug_info    0x0000497a      0x512 ./Core/Src/system_stm32f4xx.o
 .debug_info    0x00004e8c      0x91d ./Core/Src/usart.o
 .debug_info    0x000057a9       0x30 ./Core/Startup/startup_stm32f407vgtx.o
 .debug_info    0x000057d9      0x944 ./Drivers/STM32F4xx_HAL_Driver/Src/stm32f4xx_hal.o
 .debug_info    0x0000611d      0xd8c ./Drivers/STM32F4xx_HAL_Driver/Src/stm32f4xx_hal_cortex.o
 .debug_info    0x00006ea9      0x6c3 ./Drivers/STM32F4xx_HAL_Driver/Src/stm32f4xx_hal_gpio.o
 .debug_info    0x0000756c     0x114c ./Drivers/STM32F4xx_HAL_Driver/Src/stm32f4xx_hal_hcd.o
 .debug_info    0x000086b8     0x2415 ./Drivers/STM32F4xx_HAL_Driver/Src/stm32f4xx_hal_i2c.o
 .debug_info    0x0000aacd      0xdf8 ./Drivers/STM32F4xx_HAL_Driver/Src/stm32f4xx_hal_i2s.o
 .debug_info    0x0000b8c5      0xa9f ./Drivers/STM32F4xx_HAL_Driver/Src/stm32f4xx_hal_i2s_ex.o
 .debug_info    0x0000c364      0x8af ./Drivers/STM32F4xx_HAL_Driver/Src/stm32f4xx_hal_rcc.o
 .debug_info    0x0000cc13      0x536 ./Drivers/STM32F4xx_HAL_Driver/Src/stm32f4xx_hal_rcc_ex.o
 .debug_info    0x0000d149     0x1525 ./Drivers/STM32F4xx_HAL_Driver/Src/stm32f4xx_hal_spi.o
 .debug_info    0x0000e66e     0x2f4f ./Drivers/STM32F4xx_HAL_Driver/Src/stm32f4xx_hal_uart.o
 .debug_info    0x000115bd     0x1993 ./Drivers/STM32F4xx_HAL_Driver/Src/stm32f4xx_ll_usb.o
 .debug_info    0x00012f50     0x1470 ./Middlewares/ST/STM32_USB_Host_Library/Class/CDC/Src/usbh_cdc.o
 .debug_info    0x000143c0      0xfb2 ./Middlewares/ST/STM32_USB_Host_Library/Core/Src/usbh_core.o
 .debug_info    0x00015372      0xfa6 ./Middlewares/ST/STM32_USB_Host_Library/Core/Src/usbh_ctlreq.o
 .debug_info    0x00016318      0xc2b ./Middlewares/ST/STM32_USB_Host_Library/Core/Src/usbh_ioreq.o
 .debug_info    0x00016f43      0xa8e ./Middlewares/ST/STM32_USB_Host_Library/Core/Src/usbh_pipes.o
 .debug_info    0x000179d1      0xa10 ./USB_HOST/App/usb_host.o
 .debug_info    0x000183e1     0x1ce6 ./USB_HOST/Target/usbh_conf.o
 .debug_info    0x0001a0c7      0x1d8 ./USB_HOST/Target/usbh_platform.o

.debug_abbrev   0x00000000     0x46c7
 .debug_abbrev  0x00000000       0xb3 ./Core/Src/fonts.o
 .debug_abbrev  0x000000b3      0x152 ./Core/Src/gpio.o
 .debug_abbrev  0x00000205      0x1f1 ./Core/Src/i2c.o
 .debug_abbrev  0x000003f6      0x1ef ./Core/Src/i2s.o
 .debug_abbrev  0x000005e5      0x2a7 ./Core/Src/main.o
 .debug_abbrev  0x0000088c      0x1fa ./Core/Src/spi.o
 .debug_abbrev  0x00000a86      0x291 ./Core/Src/st7735.o
 .debug_abbrev  0x00000d17       0xf4 ./Core/Src/stm32f4xx_hal_msp.o
 .debug_abbrev  0x00000e0b      0x1a4 ./Core/Src/stm32f4xx_it.o
 .debug_abbrev  0x00000faf       0xbc ./Core/Src/sysmem.o
 .debug_abbrev  0x0000106b      0x11a ./Core/Src/system_stm32f4xx.o
 .debug_abbrev  0x00001185      0x1f9 ./Core/Src/usart.o
 .debug_abbrev  0x0000137e       0x24 ./Core/Startup/startup_stm32f407vgtx.o
 .debug_abbrev  0x000013a2      0x214 ./Drivers/STM32F4xx_HAL_Driver/Src/stm32f4xx_hal.o
 .debug_abbrev  0x000015b6      0x31d ./Drivers/STM32F4xx_HAL_Driver/Src/stm32f4xx_hal_cortex.o
 .debug_abbrev  0x000018d3      0x1d4 ./Drivers/STM32F4xx_HAL_Driver/Src/stm32f4xx_hal_gpio.o
 .debug_abbrev  0x00001aa7      0x296 ./Drivers/STM32F4xx_HAL_Driver/Src/stm32f4xx_hal_hcd.o
 .debug_abbrev  0x00001d3d      0x2ad ./Drivers/STM32F4xx_HAL_Driver/Src/stm32f4xx_hal_i2c.o
 .debug_abbrev  0x00001fea      0x256 ./Drivers/STM32F4xx_HAL_Driver/Src/stm32f4xx_hal_i2s.o
 .debug_abbrev  0x00002240      0x276 ./Drivers/STM32F4xx_HAL_Driver/Src/stm32f4xx_hal_i2s_ex.o
 .debug_abbrev  0x000024b6      0x2b7 ./Drivers/STM32F4xx_HAL_Driver/Src/stm32f4xx_hal_rcc.o
 .debug_abbrev  0x0000276d      0x1b0 ./Drivers/STM32F4xx_HAL_Driver/Src/stm32f4xx_hal_rcc_ex.o
 .debug_abbrev  0x0000291d      0x27a ./Drivers/STM32F4xx_HAL_Driver/Src/stm32f4xx_hal_spi.o
 .debug_abbrev  0x00002b97      0x30e ./Drivers/STM32F4xx_HAL_Driver/Src/stm32f4xx_hal_uart.o
 .debug_abbrev  0x00002ea5      0x2b3 ./Drivers/STM32F4xx_HAL_Driver/Src/stm32f4xx_ll_usb.o
 .debug_abbrev  0x00003158      0x33c ./Middlewares/ST/STM32_USB_Host_Library/Class/CDC/Src/usbh_cdc.o
 .debug_abbrev  0x00003494      0x32a ./Middlewares/ST/STM32_USB_Host_Library/Core/Src/usbh_core.o
 .debug_abbrev  0x000037be      0x2ff ./Middlewares/ST/STM32_USB_Host_Library/Core/Src/usbh_ctlreq.o
 .debug_abbrev  0x00003abd      0x245 ./Middlewares/ST/STM32_USB_Host_Library/Core/Src/usbh_ioreq.o
 .debug_abbrev  0x00003d02      0x281 ./Middlewares/ST/STM32_USB_Host_Library/Core/Src/usbh_pipes.o
 .debug_abbrev  0x00003f83      0x26e ./USB_HOST/App/usb_host.o
 .debug_abbrev  0x000041f1      0x3c2 ./USB_HOST/Target/usbh_conf.o
 .debug_abbrev  0x000045b3      0x114 ./USB_HOST/Target/usbh_platform.o

.debug_aranges  0x00000000     0x14c8
 .debug_aranges
                0x00000000       0x18 ./Core/Src/fonts.o
 .debug_aranges
                0x00000018       0x20 ./Core/Src/gpio.o
 .debug_aranges
                0x00000038       0x30 ./Core/Src/i2c.o
 .debug_aranges
                0x00000068       0x30 ./Core/Src/i2s.o
 .debug_aranges
                0x00000098       0x60 ./Core/Src/main.o
 .debug_aranges
                0x000000f8       0x30 ./Core/Src/spi.o
 .debug_aranges
                0x00000128       0xa8 ./Core/Src/st7735.o
 .debug_aranges
                0x000001d0       0x20 ./Core/Src/stm32f4xx_hal_msp.o
 .debug_aranges
                0x000001f0       0x68 ./Core/Src/stm32f4xx_it.o
 .debug_aranges
                0x00000258       0x20 ./Core/Src/sysmem.o
 .debug_aranges
                0x00000278       0x28 ./Core/Src/system_stm32f4xx.o
 .debug_aranges
                0x000002a0       0x30 ./Core/Src/usart.o
 .debug_aranges
                0x000002d0       0x28 ./Core/Startup/startup_stm32f407vgtx.o
 .debug_aranges
                0x000002f8       0xf0 ./Drivers/STM32F4xx_HAL_Driver/Src/stm32f4xx_hal.o
 .debug_aranges
                0x000003e8      0x130 ./Drivers/STM32F4xx_HAL_Driver/Src/stm32f4xx_hal_cortex.o
 .debug_aranges
                0x00000518       0x58 ./Drivers/STM32F4xx_HAL_Driver/Src/stm32f4xx_hal_gpio.o
 .debug_aranges
                0x00000570      0x108 ./Drivers/STM32F4xx_HAL_Driver/Src/stm32f4xx_hal_hcd.o
 .debug_aranges
                0x00000678      0x2a8 ./Drivers/STM32F4xx_HAL_Driver/Src/stm32f4xx_hal_i2c.o
 .debug_aranges
                0x00000920      0x108 ./Drivers/STM32F4xx_HAL_Driver/Src/stm32f4xx_hal_i2s.o
 .debug_aranges
                0x00000a28       0x88 ./Drivers/STM32F4xx_HAL_Driver/Src/stm32f4xx_hal_i2s_ex.o
 .debug_aranges
                0x00000ab0       0x88 ./Drivers/STM32F4xx_HAL_Driver/Src/stm32f4xx_hal_rcc.o
 .debug_aranges
                0x00000b38       0x48 ./Drivers/STM32F4xx_HAL_Driver/Src/stm32f4xx_hal_rcc_ex.o
 .debug_aranges
                0x00000b80      0x1d0 ./Drivers/STM32F4xx_HAL_Driver/Src/stm32f4xx_hal_spi.o
 .debug_aranges
                0x00000d50      0x208 ./Drivers/STM32F4xx_HAL_Driver/Src/stm32f4xx_hal_uart.o
 .debug_aranges
                0x00000f58      0x1a0 ./Drivers/STM32F4xx_HAL_Driver/Src/stm32f4xx_ll_usb.o
 .debug_aranges
                0x000010f8       0xa8 ./Middlewares/ST/STM32_USB_Host_Library/Class/CDC/Src/usbh_cdc.o
 .debug_aranges
                0x000011a0       0xc0 ./Middlewares/ST/STM32_USB_Host_Library/Core/Src/usbh_core.o
 .debug_aranges
                0x00001260       0xa0 ./Middlewares/ST/STM32_USB_Host_Library/Core/Src/usbh_ctlreq.o
 .debug_aranges
                0x00001300       0x60 ./Middlewares/ST/STM32_USB_Host_Library/Core/Src/usbh_ioreq.o
 .debug_aranges
                0x00001360       0x40 ./Middlewares/ST/STM32_USB_Host_Library/Core/Src/usbh_pipes.o
 .debug_aranges
                0x000013a0       0x30 ./USB_HOST/App/usb_host.o
 .debug_aranges
                0x000013d0       0xd8 ./USB_HOST/Target/usbh_conf.o
 .debug_aranges
                0x000014a8       0x20 ./USB_HOST/Target/usbh_platform.o

.debug_macro    0x00000000    0x25507
 .debug_macro   0x00000000       0x6d ./Core/Src/fonts.o
 .debug_macro   0x0000006d      0xad8 ./Core/Src/fonts.o
 .debug_macro   0x00000b45       0x22 ./Core/Src/fonts.o
 .debug_macro   0x00000b67       0x8e ./Core/Src/fonts.o
 .debug_macro   0x00000bf5       0x51 ./Core/Src/fonts.o
 .debug_macro   0x00000c46      0x103 ./Core/Src/fonts.o
 .debug_macro   0x00000d49       0x6a ./Core/Src/fonts.o
 .debug_macro   0x00000db3      0x1df ./Core/Src/fonts.o
 .debug_macro   0x00000f92      0x229 ./Core/Src/gpio.o
 .debug_macro   0x000011bb      0x2ad ./Core/Src/gpio.o
 .debug_macro   0x00001468       0x2e ./Core/Src/gpio.o
 .debug_macro   0x00001496       0x2f ./Core/Src/gpio.o
 .debug_macro   0x000014c5       0x1c ./Core/Src/gpio.o
 .debug_macro   0x000014e1       0x22 ./Core/Src/gpio.o
 .debug_macro   0x00001503       0xfb ./Core/Src/gpio.o
 .debug_macro   0x000015fe     0x1011 ./Core/Src/gpio.o
 .debug_macro   0x0000260f      0x11f ./Core/Src/gpio.o
 .debug_macro   0x0000272e    0x15e97 ./Core/Src/gpio.o
 .debug_macro   0x000185c5       0x6d ./Core/Src/gpio.o
 .debug_macro   0x00018632     0x369a ./Core/Src/gpio.o
 .debug_macro   0x0001bccc      0x190 ./Core/Src/gpio.o
 .debug_macro   0x0001be5c       0x5c ./Core/Src/gpio.o
 .debug_macro   0x0001beb8      0x980 ./Core/Src/gpio.o
 .debug_macro   0x0001c838      0x9e9 ./Core/Src/gpio.o
 .debug_macro   0x0001d221      0x115 ./Core/Src/gpio.o
 .debug_macro   0x0001d336      0x13e ./Core/Src/gpio.o
 .debug_macro   0x0001d474       0xa5 ./Core/Src/gpio.o
 .debug_macro   0x0001d519      0x174 ./Core/Src/gpio.o
 .debug_macro   0x0001d68d      0x287 ./Core/Src/gpio.o
 .debug_macro   0x0001d914       0x5f ./Core/Src/gpio.o
 .debug_macro   0x0001d973      0x236 ./Core/Src/gpio.o
 .debug_macro   0x0001dba9      0x12c ./Core/Src/gpio.o
 .debug_macro   0x0001dcd5      0x21e ./Core/Src/gpio.o
 .debug_macro   0x0001def3       0x2e ./Core/Src/gpio.o
 .debug_macro   0x0001df21      0x1b5 ./Core/Src/gpio.o
 .debug_macro   0x0001e0d6       0xd6 ./Core/Src/gpio.o
 .debug_macro   0x0001e1ac      0x1a7 ./Core/Src/gpio.o
 .debug_macro   0x0001e353       0x46 ./Core/Src/gpio.o
 .debug_macro   0x0001e399       0x4a ./Core/Src/gpio.o
 .debug_macro   0x0001e3e3      0x127 ./Core/Src/gpio.o
 .debug_macro   0x0001e50a       0x7e ./Core/Src/gpio.o
 .debug_macro   0x0001e588       0x89 ./Core/Src/gpio.o
 .debug_macro   0x0001e611      0x225 ./Core/Src/gpio.o
 .debug_macro   0x0001e836      0x2aa ./Core/Src/gpio.o
 .debug_macro   0x0001eae0      0x293 ./Core/Src/gpio.o
 .debug_macro   0x0001ed73       0x98 ./Core/Src/gpio.o
 .debug_macro   0x0001ee0b      0x12d ./Core/Src/gpio.o
 .debug_macro   0x0001ef38      0x184 ./Core/Src/gpio.o
 .debug_macro   0x0001f0bc      0x229 ./Core/Src/i2c.o
 .debug_macro   0x0001f2e5      0x229 ./Core/Src/i2s.o
 .debug_macro   0x0001f50e      0x387 ./Core/Src/main.o
 .debug_macro   0x0001f895       0x61 ./Core/Src/main.o
 .debug_macro   0x0001f8f6       0x2a ./Core/Src/main.o
 .debug_macro   0x0001f920       0x43 ./Core/Src/main.o
 .debug_macro   0x0001f963       0x34 ./Core/Src/main.o
 .debug_macro   0x0001f997      0x370 ./Core/Src/main.o
 .debug_macro   0x0001fd07       0x16 ./Core/Src/main.o
 .debug_macro   0x0001fd1d       0x4a ./Core/Src/main.o
 .debug_macro   0x0001fd67       0x34 ./Core/Src/main.o
 .debug_macro   0x0001fd9b       0x10 ./Core/Src/main.o
 .debug_macro   0x0001fdab       0x58 ./Core/Src/main.o
 .debug_macro   0x0001fe03       0x8e ./Core/Src/main.o
 .debug_macro   0x0001fe91       0x1c ./Core/Src/main.o
 .debug_macro   0x0001fead      0x185 ./Core/Src/main.o
 .debug_macro   0x00020032       0x10 ./Core/Src/main.o
 .debug_macro   0x00020042       0x3c ./Core/Src/main.o
 .debug_macro   0x0002007e       0x20 ./Core/Src/main.o
 .debug_macro   0x0002009e       0x1c ./Core/Src/main.o
 .debug_macro   0x000200ba       0x10 ./Core/Src/main.o
 .debug_macro   0x000200ca       0x1c ./Core/Src/main.o
 .debug_macro   0x000200e6       0x16 ./Core/Src/main.o
 .debug_macro   0x000200fc      0x146 ./Core/Src/main.o
 .debug_macro   0x00020242       0x22 ./Core/Src/main.o
 .debug_macro   0x00020264      0x1c5 ./Core/Src/main.o
 .debug_macro   0x00020429      0x229 ./Core/Src/spi.o
 .debug_macro   0x00020652      0x328 ./Core/Src/st7735.o
 .debug_macro   0x0002097a       0x3c ./Core/Src/st7735.o
 .debug_macro   0x000209b6       0x16 ./Core/Src/st7735.o
 .debug_macro   0x000209cc      0x21f ./Core/Src/stm32f4xx_hal_msp.o
 .debug_macro   0x00020beb      0x229 ./Core/Src/stm32f4xx_it.o
 .debug_macro   0x00020e14      0x112 ./Core/Src/sysmem.o
 .debug_macro   0x00020f26      0x23c ./Core/Src/sysmem.o
 .debug_macro   0x00021162      0x210 ./Core/Src/system_stm32f4xx.o
 .debug_macro   0x00021372      0x229 ./Core/Src/usart.o
 .debug_macro   0x0002159b      0x270 ./Drivers/STM32F4xx_HAL_Driver/Src/stm32f4xx_hal.o
 .debug_macro   0x0002180b      0x210 ./Drivers/STM32F4xx_HAL_Driver/Src/stm32f4xx_hal_cortex.o
 .debug_macro   0x00021a1b      0x216 ./Drivers/STM32F4xx_HAL_Driver/Src/stm32f4xx_hal_gpio.o
 .debug_macro   0x00021c31      0x210 ./Drivers/STM32F4xx_HAL_Driver/Src/stm32f4xx_hal_hcd.o
 .debug_macro   0x00021e41      0x25e ./Drivers/STM32F4xx_HAL_Driver/Src/stm32f4xx_hal_i2c.o
 .debug_macro   0x0002209f      0x218 ./Drivers/STM32F4xx_HAL_Driver/Src/stm32f4xx_hal_i2s.o
 .debug_macro   0x000222b7      0x210 ./Drivers/STM32F4xx_HAL_Driver/Src/stm32f4xx_hal_i2s_ex.o
 .debug_macro   0x000224c7      0x234 ./Drivers/STM32F4xx_HAL_Driver/Src/stm32f4xx_hal_rcc.o
 .debug_macro   0x000226fb      0x210 ./Drivers/STM32F4xx_HAL_Driver/Src/stm32f4xx_hal_rcc_ex.o
 .debug_macro   0x0002290b      0x21f ./Drivers/STM32F4xx_HAL_Driver/Src/stm32f4xx_hal_spi.o
 .debug_macro   0x00022b2a      0x211 ./Drivers/STM32F4xx_HAL_Driver/Src/stm32f4xx_hal_uart.o
 .debug_macro   0x00022d3b      0x210 ./Drivers/STM32F4xx_HAL_Driver/Src/stm32f4xx_ll_usb.o
 .debug_macro   0x00022f4b      0x3b7 ./Middlewares/ST/STM32_USB_Host_Library/Class/CDC/Src/usbh_cdc.o
 .debug_macro   0x00023302       0x16 ./Middlewares/ST/STM32_USB_Host_Library/Class/CDC/Src/usbh_cdc.o
 .debug_macro   0x00023318       0x9e ./Middlewares/ST/STM32_USB_Host_Library/Class/CDC/Src/usbh_cdc.o
 .debug_macro   0x000233b6      0x112 ./Middlewares/ST/STM32_USB_Host_Library/Class/CDC/Src/usbh_cdc.o
 .debug_macro   0x000234c8       0x16 ./Middlewares/ST/STM32_USB_Host_Library/Class/CDC/Src/usbh_cdc.o
 .debug_macro   0x000234de       0x56 ./Middlewares/ST/STM32_USB_Host_Library/Class/CDC/Src/usbh_cdc.o
 .debug_macro   0x00023534       0x73 ./Middlewares/ST/STM32_USB_Host_Library/Class/CDC/Src/usbh_cdc.o
 .debug_macro   0x000235a7      0x233 ./Middlewares/ST/STM32_USB_Host_Library/Class/CDC/Src/usbh_cdc.o
 .debug_macro   0x000237da       0x2e ./Middlewares/ST/STM32_USB_Host_Library/Class/CDC/Src/usbh_cdc.o
 .debug_macro   0x00023808       0x2e ./Middlewares/ST/STM32_USB_Host_Library/Class/CDC/Src/usbh_cdc.o
 .debug_macro   0x00023836       0x28 ./Middlewares/ST/STM32_USB_Host_Library/Class/CDC/Src/usbh_cdc.o
 .debug_macro   0x0002385e      0x15b ./Middlewares/ST/STM32_USB_Host_Library/Class/CDC/Src/usbh_cdc.o
 .debug_macro   0x000239b9      0x3b4 ./Middlewares/ST/STM32_USB_Host_Library/Core/Src/usbh_core.o
 .debug_macro   0x00023d6d      0x3ac ./Middlewares/ST/STM32_USB_Host_Library/Core/Src/usbh_ctlreq.o
 .debug_macro   0x00024119       0x28 ./Middlewares/ST/STM32_USB_Host_Library/Core/Src/usbh_ctlreq.o
 .debug_macro   0x00024141      0x3a6 ./Middlewares/ST/STM32_USB_Host_Library/Core/Src/usbh_ioreq.o
 .debug_macro   0x000244e7      0x3a6 ./Middlewares/ST/STM32_USB_Host_Library/Core/Src/usbh_pipes.o
 .debug_macro   0x0002488d      0x3b5 ./USB_HOST/App/usb_host.o
 .debug_macro   0x00024c42      0x18a ./USB_HOST/App/usb_host.o
 .debug_macro   0x00024dcc      0x161 ./USB_HOST/App/usb_host.o
 .debug_macro   0x00024f2d      0x3b6 ./USB_HOST/Target/usbh_conf.o
 .debug_macro   0x000252e3      0x224 ./USB_HOST/Target/usbh_platform.o

.debug_line     0x00000000    0x1d6e5
 .debug_line    0x00000000      0x39f ./Core/Src/fonts.o
 .debug_line    0x0000039f      0x7ca ./Core/Src/gpio.o
 .debug_line    0x00000b69      0x7be ./Core/Src/i2c.o
 .debug_line    0x00001327      0x7e6 ./Core/Src/i2s.o
 .debug_line    0x00001b0d      0xaa9 ./Core/Src/main.o
 .debug_line    0x000025b6      0x7c6 ./Core/Src/spi.o
 .debug_line    0x00002d7c      0xcff ./Core/Src/st7735.o
 .debug_line    0x00003a7b      0x751 ./Core/Src/stm32f4xx_hal_msp.o
 .debug_line    0x000041cc      0x817 ./Core/Src/stm32f4xx_it.o
 .debug_line    0x000049e3      0x521 ./Core/Src/sysmem.o
 .debug_line    0x00004f04      0x7d5 ./Core/Src/system_stm32f4xx.o
 .debug_line    0x000056d9      0x7be ./Core/Src/usart.o
 .debug_line    0x00005e97       0x7a ./Core/Startup/startup_stm32f407vgtx.o
 .debug_line    0x00005f11      0xa42 ./Drivers/STM32F4xx_HAL_Driver/Src/stm32f4xx_hal.o
 .debug_line    0x00006953      0xd12 ./Drivers/STM32F4xx_HAL_Driver/Src/stm32f4xx_hal_cortex.o
 .debug_line    0x00007665      0xb9a ./Drivers/STM32F4xx_HAL_Driver/Src/stm32f4xx_hal_gpio.o
 .debug_line    0x000081ff     0x15d3 ./Drivers/STM32F4xx_HAL_Driver/Src/stm32f4xx_hal_hcd.o
 .debug_line    0x000097d2     0x3af4 ./Drivers/STM32F4xx_HAL_Driver/Src/stm32f4xx_hal_i2c.o
 .debug_line    0x0000d2c6     0x139a ./Drivers/STM32F4xx_HAL_Driver/Src/stm32f4xx_hal_i2s.o
 .debug_line    0x0000e660     0x1292 ./Drivers/STM32F4xx_HAL_Driver/Src/stm32f4xx_hal_i2s_ex.o
 .debug_line    0x0000f8f2      0xe51 ./Drivers/STM32F4xx_HAL_Driver/Src/stm32f4xx_hal_rcc.o
 .debug_line    0x00010743      0xab1 ./Drivers/STM32F4xx_HAL_Driver/Src/stm32f4xx_hal_rcc_ex.o
 .debug_line    0x000111f4     0x1cd7 ./Drivers/STM32F4xx_HAL_Driver/Src/stm32f4xx_hal_spi.o
 .debug_line    0x00012ecb     0x2551 ./Drivers/STM32F4xx_HAL_Driver/Src/stm32f4xx_hal_uart.o
 .debug_line    0x0001541c     0x1d69 ./Drivers/STM32F4xx_HAL_Driver/Src/stm32f4xx_ll_usb.o
 .debug_line    0x00017185      0xee5 ./Middlewares/ST/STM32_USB_Host_Library/Class/CDC/Src/usbh_cdc.o
 .debug_line    0x0001806a     0x1186 ./Middlewares/ST/STM32_USB_Host_Library/Core/Src/usbh_core.o
 .debug_line    0x000191f0     0x10de ./Middlewares/ST/STM32_USB_Host_Library/Core/Src/usbh_ctlreq.o
 .debug_line    0x0001a2ce      0xab3 ./Middlewares/ST/STM32_USB_Host_Library/Core/Src/usbh_ioreq.o
 .debug_line    0x0001ad81      0xa60 ./Middlewares/ST/STM32_USB_Host_Library/Core/Src/usbh_pipes.o
 .debug_line    0x0001b7e1      0xa53 ./USB_HOST/App/usb_host.o
 .debug_line    0x0001c234      0xd2e ./USB_HOST/Target/usbh_conf.o
 .debug_line    0x0001cf62      0x783 ./USB_HOST/Target/usbh_platform.o

.debug_str      0x00000000    0xce993
 .debug_str     0x00000000    0xce993 ./Core/Src/fonts.o
                               0x3e1a (size before relaxing)
 .debug_str     0x000ce993    0xc2b38 ./Core/Src/gpio.o
 .debug_str     0x000ce993    0xc3055 ./Core/Src/i2c.o
 .debug_str     0x000ce993    0xc303d ./Core/Src/i2s.o
 .debug_str     0x000ce993    0xc722d ./Core/Src/main.o
 .debug_str     0x000ce993    0xc2fb2 ./Core/Src/spi.o
 .debug_str     0x000ce993    0xc62c8 ./Core/Src/st7735.o
 .debug_str     0x000ce993    0xc2a78 ./Core/Src/stm32f4xx_hal_msp.o
 .debug_str     0x000ce993    0xc2eaf ./Core/Src/stm32f4xx_it.o
 .debug_str     0x000ce993     0x7780 ./Core/Src/sysmem.o
 .debug_str     0x000ce993    0xc24d1 ./Core/Src/system_stm32f4xx.o
 .debug_str     0x000ce993    0xc2fe3 ./Core/Src/usart.o
 .debug_str     0x000ce993       0x82 ./Core/Startup/startup_stm32f407vgtx.o
 .debug_str     0x000ce993    0xc3055 ./Drivers/STM32F4xx_HAL_Driver/Src/stm32f4xx_hal.o
 .debug_str     0x000ce993    0xc2dd1 ./Drivers/STM32F4xx_HAL_Driver/Src/stm32f4xx_hal_cortex.o
 .debug_str     0x000ce993    0xc264c ./Drivers/STM32F4xx_HAL_Driver/Src/stm32f4xx_hal_gpio.o
 .debug_str     0x000ce993    0xc2db9 ./Drivers/STM32F4xx_HAL_Driver/Src/stm32f4xx_hal_hcd.o
 .debug_str     0x000ce993    0xc34ef ./Drivers/STM32F4xx_HAL_Driver/Src/stm32f4xx_hal_i2c.o
 .debug_str     0x000ce993    0xc2ac2 ./Drivers/STM32F4xx_HAL_Driver/Src/stm32f4xx_hal_i2s.o
 .debug_str     0x000ce993    0xc29bd ./Drivers/STM32F4xx_HAL_Driver/Src/stm32f4xx_hal_i2s_ex.o
 .debug_str     0x000ce993    0xc2905 ./Drivers/STM32F4xx_HAL_Driver/Src/stm32f4xx_hal_rcc.o
 .debug_str     0x000ce993    0xc2623 ./Drivers/STM32F4xx_HAL_Driver/Src/stm32f4xx_hal_rcc_ex.o
 .debug_str     0x000ce993    0xc2d8f ./Drivers/STM32F4xx_HAL_Driver/Src/stm32f4xx_hal_spi.o
 .debug_str     0x000ce993    0xc2ee6 ./Drivers/STM32F4xx_HAL_Driver/Src/stm32f4xx_hal_uart.o
 .debug_str     0x000ce993    0xc2e8a ./Drivers/STM32F4xx_HAL_Driver/Src/stm32f4xx_ll_usb.o
 .debug_str     0x000ce993    0xc89f4 ./Middlewares/ST/STM32_USB_Host_Library/Class/CDC/Src/usbh_cdc.o
 .debug_str     0x000ce993    0xc7f13 ./Middlewares/ST/STM32_USB_Host_Library/Core/Src/usbh_core.o
 .debug_str     0x000ce993    0xc7ea9 ./Middlewares/ST/STM32_USB_Host_Library/Core/Src/usbh_ctlreq.o
 .debug_str     0x000ce993    0xc7cae ./Middlewares/ST/STM32_USB_Host_Library/Core/Src/usbh_ioreq.o
 .debug_str     0x000ce993    0xc7c44 ./Middlewares/ST/STM32_USB_Host_Library/Core/Src/usbh_pipes.o
 .debug_str     0x000ce993    0xc834f ./USB_HOST/App/usb_host.o
 .debug_str     0x000ce993    0xc8bb2 ./USB_HOST/Target/usbh_conf.o
 .debug_str     0x000ce993    0xc23e0 ./USB_HOST/Target/usbh_platform.o

.comment        0x00000000       0x43