../Core/Src/st7735.c:128:13:ST7735_Select	8	static
../Core/Src/st7735.c:132:6:ST7735_Unselect	8	static
../Core/Src/st7735.c:136:13:ST7735_Reset	8	static
../Core/Src/st7735.c:142:13:ST7735_WriteCommand	16	static
../Core/Src/st7735.c:147:13:ST7735_WriteData	16	static
../Core/Src/st7735.c:152:13:ST7735_ExecuteCommandList	24	static
../Core/Src/st7735.c:178:13:ST7735_SetAddressWindow	32	static
../Core/Src/st7735.c:204:6:ST7735_Init	16	static
../Core/Src/st7735.c:239:6:ST7735_DrawPixel	24	static
../Core/Src/st7735.c:252:13:ST7735_WriteChar	48	static
../Core/Src/st7735.c:288:6:ST7735_WriteString	32	static
../Core/Src/st7735.c:314:6:ST7735_FillRectangle	32	static
../Core/Src/st7735.c:334:6:ST7735_FillRectangleFast	32	static
../Core/Src/st7735.c:357:6:ST7735_FillScreen	24	static
../Core/Src/st7735.c:361:6:ST7735_FillScreenFast	24	static
../Core/Src/st7735.c:365:6:ST7735_DrawImage	24	static
../Core/Src/st7735.c:376:6:ST7735_InvertColors	16	static
../Core/Src/st7735.c:382:6:ST7735_SetGamma	16	static
