../Core/Src/st7735.c:133:13:ST7735_Select	8	static
../Core/Src/st7735.c:137:6:ST7735_Unselect	8	static
../Core/Src/st7735.c:141:13:ST7735_Reset	8	static
../Core/Src/st7735.c:147:13:ST7735_WriteCommand	16	static
../Core/Src/st7735.c:152:13:ST7735_WriteData	16	static
../Core/Src/st7735.c:157:13:ST7735_ExecuteCommandList	24	static
../Core/Src/st7735.c:184:13:ST7735_SetAddressWindow	32	static
../Core/Src/st7735.c:211:6:ST7735_Init	16	static
../Core/Src/st7735.c:246:6:ST7735_DrawPixel	24	static
../Core/Src/st7735.c:259:13:ST7735_WriteChar	48	static
../Core/Src/st7735.c:296:6:ST7735_WriteString	32	static
../Core/Src/st7735.c:323:6:ST7735_FillRectangle	32	static
../Core/Src/st7735.c:348:6:ST7735_FillRectangleFast	32	static
../Core/Src/st7735.c:376:6:ST7735_FillScreen	24	static
../Core/Src/st7735.c:380:6:ST7735_FillScreenFast	24	static
../Core/Src/st7735.c:384:6:ST7735_DrawImage	24	static
../Core/Src/st7735.c:399:6:ST7735_InvertColors	16	static
../Core/Src/st7735.c:405:6:ST7735_SetGamma	16	static
